
> skoolarplay@0.2.0 build
> prisma generate && next build

node.exe : Environment variables loaded from .env
At line:1 char:1
+ & "C:\Program Files\nodejs/node.exe" "C:\Program Files\nodejs/node_mo ...
+ ~~~~~~~~~~~~~~~~~~~~~~~~~~~~~~~~~~~~~~~~~~~~~~~~~~~~~~~~~~~~~~~~~~~~~
    + CategoryInfo          : NotSpecified: (Environment variables loaded from .env:String) [], RemoteException
    + FullyQualifiedErrorId : NativeCommandError
 
Prisma schema loaded from prisma\schema.prisma

Ô£ö Generated Prisma Client (v6.19.3) to .\node_modules\@prisma\client in 6.51s

Start by importing your Prisma Client (See: https://pris.ly/d/importing-client)

Tip: Want to turn off tips and other hints? https://pris.ly/tip-4-nohints

ÔÜá Warning: Next.js inferred your workspace root, but it may not be correct.
 We detected multiple lockfiles and selected the directory of C:\Users\Hp\package-lock.json as the root directory.
 To silence this warning, set `turbopack.root` in your Next.js config, or consider removing one of the lockfiles if 
it's not needed.
   See https://nextjs.org/docs/app/api-reference/config/next-config-js/turbopack#root-directory for more information.
 Detected additional lockfiles: 
   * C:\Users\Hp\Documents\Abdut Tawwab\Skoolar\SkoolarPlay\package-lock.json

Ôû▓ Next.js 16.2.2 (Turbopack)
- Environments: .env

  Creating an optimized production build ...

> Build error occurred
Error: Turbopack build failed with 70 errors:
./Documents/Abdut Tawwab/Skoolar/SkoolarPlay/src/app/globals.css
Error evaluating Node.js code
Error: Cannot find module '../lightningcss.win32-x64-msvc.node'
Require stack:
- C:\Users\Hp\Documents\Abdut Tawwab\Skoolar\SkoolarPlay\node_modules\lightningcss\node\index.js
- C:\Users\Hp\Documents\Abdut Tawwab\Skoolar\SkoolarPlay\node_modules\@tailwindcss\node\dist\index.js
- C:\Users\Hp\Documents\Abdut Tawwab\Skoolar\SkoolarPlay\node_modules\@tailwindcss\postcss\dist\index.js
- C:\Users\Hp\Documents\Abdut Tawwab\Skoolar\SkoolarPlay\.next\build\chunks\[root-of-the-server]__03_fpm0._.js
- C:\Users\Hp\Documents\Abdut Tawwab\Skoolar\SkoolarPlay\.next\build\chunks\[turbopack]_runtime.js
- C:\Users\Hp\Documents\Abdut Tawwab\Skoolar\SkoolarPlay\.next\build\postcss.js
    [at Module._resolveFilename (node:internal/modules/cjs/loader:1421:15)]
    [at defaultResolveImpl (node:internal/modules/cjs/loader:1059:19)]
    [at resolveForCJSWithHooks (node:internal/modules/cjs/loader:1064:22)]
    [at Module._load (node:internal/modules/cjs/loader:1227:37)]
    [at TracingChannel.traceSync (node:diagnostics_channel:328:14)]
    [at wrapModuleLoad (node:internal/modules/cjs/loader:245:24)]
    [at Module.require (node:internal/modules/cjs/loader:1504:12)]
    [at require (node:internal/modules/helpers:152:16)]
    [at Object.<anonymous> (C:\Users\Hp\Documents\Abdut 
Tawwab\Skoolar\SkoolarPlay\node_modules\lightningcss\node\index.js:20:12)]
    [at Module._compile (node:internal/modules/cjs/loader:1761:14)]

Import trace:
  Client Component Browser:
    ./Documents/Abdut Tawwab/Skoolar/SkoolarPlay/src/app/globals.css [Client Component Browser]
    ./Documents/Abdut Tawwab/Skoolar/SkoolarPlay/src/app/layout.tsx [Server Component]


./Documents/Abdut Tawwab/Skoolar/SkoolarPlay/node_modules/oauth/index.js:1:17
Module not found: Can't resolve './lib/oauth'
[31m[1m>[0m [90m1 |[0m exports.[33mOAuth[0m = require([32m"./lib/oauth"[0m).[33mOAuth[0m;
  [90m  |[0m                 [31m[1m^^^^^^^^^^^^^^^^^^^^^^[0m
  [90m2 |[0m exports.[33mOAuthEcho[0m = require([32m"./lib/oauth"[0m).[33mOAuthEcho[0m;
  [90m3 |[0m exports.[33mOAuth2[0m = require([32m"./lib/oauth2"[0m).[33mOAuth2[0m;



Import trace:
  App Route:
    ./Documents/Abdut Tawwab/Skoolar/SkoolarPlay/node_modules/oauth/index.js
    ./Documents/Abdut Tawwab/Skoolar/SkoolarPlay/node_modules/next-auth/core/lib/oauth/client-legacy.js
    ./Documents/Abdut Tawwab/Skoolar/SkoolarPlay/node_modules/next-auth/core/lib/oauth/authorization-url.js
    ./Documents/Abdut Tawwab/Skoolar/SkoolarPlay/node_modules/next-auth/core/routes/signin.js
    ./Documents/Abdut Tawwab/Skoolar/SkoolarPlay/node_modules/next-auth/core/routes/index.js
    ./Documents/Abdut Tawwab/Skoolar/SkoolarPlay/node_modules/next-auth/core/index.js
    ./Documents/Abdut Tawwab/Skoolar/SkoolarPlay/node_modules/next-auth/next/index.js
    ./Documents/Abdut Tawwab/Skoolar/SkoolarPlay/node_modules/next-auth/index.js
    ./Documents/Abdut Tawwab/Skoolar/SkoolarPlay/src/app/api/xp-boost/route.ts

https://nextjs.org/docs/messages/module-not-found


./Documents/Abdut Tawwab/Skoolar/SkoolarPlay/node_modules/oauth/index.js:2:21
Module not found: Can't resolve './lib/oauth'
  [90m1 |[0m exports.[33mOAuth[0m = require([32m"./lib/oauth"[0m).[33mOAuth[0m;
[31m[1m>[0m [90m2 |[0m exports.[33mOAuthEcho[0m = require([32m"./lib/oauth"[0m).[33mOAuthEcho[0m;
  [90m  |[0m                     [31m[1m^^^^^^^^^^^^^^^^^^^^^^[0m
  [90m3 |[0m exports.[33mOAuth2[0m = require([32m"./lib/oauth2"[0m).[33mOAuth2[0m;



Import trace:
  App Route:
    ./Documents/Abdut Tawwab/Skoolar/SkoolarPlay/node_modules/oauth/index.js
    ./Documents/Abdut Tawwab/Skoolar/SkoolarPlay/node_modules/next-auth/core/lib/oauth/client-legacy.js
    ./Documents/Abdut Tawwab/Skoolar/SkoolarPlay/node_modules/next-auth/core/lib/oauth/authorization-url.js
    ./Documents/Abdut Tawwab/Skoolar/SkoolarPlay/node_modules/next-auth/core/routes/signin.js
    ./Documents/Abdut Tawwab/Skoolar/SkoolarPlay/node_modules/next-auth/core/routes/index.js
    ./Documents/Abdut Tawwab/Skoolar/SkoolarPlay/node_modules/next-auth/core/index.js
    ./Documents/Abdut Tawwab/Skoolar/SkoolarPlay/node_modules/next-auth/next/index.js
    ./Documents/Abdut Tawwab/Skoolar/SkoolarPlay/node_modules/next-auth/index.js
    ./Documents/Abdut Tawwab/Skoolar/SkoolarPlay/src/app/api/xp-boost/route.ts

https://nextjs.org/docs/messages/module-not-found


./Documents/Abdut Tawwab/Skoolar/SkoolarPlay/node_modules/oauth/index.js:3:18
Module not found: Can't resolve './lib/oauth2'
  [90m1 |[0m exports.[33mOAuth[0m = require([32m"./lib/oauth"[0m).[33mOAuth[0m;
  [90m2 |[0m exports.[33mOAuthEcho[0m = require([32m"./lib/oauth"[0m).[33mOAuthEcho[0m;
[31m[1m>[0m [90m3 |[0m exports.[33mOAuth2[0m = require([32m"./lib/oauth2"[0m).[33mOAuth2[0m;
  [90m  |[0m                  [31m[1m^^^^^^^^^^^^^^^^^^^^^^^[0m



Import trace:
  App Route:
    ./Documents/Abdut Tawwab/Skoolar/SkoolarPlay/node_modules/oauth/index.js
    ./Documents/Abdut Tawwab/Skoolar/SkoolarPlay/node_modules/next-auth/core/lib/oauth/client-legacy.js
    ./Documents/Abdut Tawwab/Skoolar/SkoolarPlay/node_modules/next-auth/core/lib/oauth/authorization-url.js
    ./Documents/Abdut Tawwab/Skoolar/SkoolarPlay/node_modules/next-auth/core/routes/signin.js
    ./Documents/Abdut Tawwab/Skoolar/SkoolarPlay/node_modules/next-auth/core/routes/index.js
    ./Documents/Abdut Tawwab/Skoolar/SkoolarPlay/node_modules/next-auth/core/index.js
    ./Documents/Abdut Tawwab/Skoolar/SkoolarPlay/node_modules/next-auth/next/index.js
    ./Documents/Abdut Tawwab/Skoolar/SkoolarPlay/node_modules/next-auth/index.js
    ./Documents/Abdut Tawwab/Skoolar/SkoolarPlay/src/app/api/xp-boost/route.ts

https://nextjs.org/docs/messages/module-not-found


./Documents/Abdut Tawwab/Skoolar/SkoolarPlay/src/components/ui/accordion.tsx:4:1
Module not found: Can't resolve '@radix-ui/react-accordion'
  [90m2 |[0m
  [90m3 |[0m [36mimport[0m * [36mas[0m [33mReact[0m [36mfrom[0m [32m"react"[0m
[31m[1m>[0m [90m4 |[0m [36mimport[0m * [36mas[0m [33mAccordionPrimitive[0m [36mfrom[0m 
[32m"@radix-ui/react-accordion"[0m
  [90m  |[0m [31m[1m^^^^^^^^^^^^^^^^^^^^^^^^^^^^^^^^^^^^^^^^^^^^^^^^^^^^^^^^^^^^^^^[0m
  [90m5 |[0m [36mimport[0m { [33mChevronDownIcon[0m } [36mfrom[0m [32m"lucide-react"[0m
  [90m6 |[0m
  [90m7 |[0m [36mimport[0m { cn } [36mfrom[0m [32m"@/lib/utils"[0m



Import trace:
  Client Component Browser:
    ./Documents/Abdut Tawwab/Skoolar/SkoolarPlay/src/components/ui/accordion.tsx [Client Component Browser]
    ./Documents/Abdut Tawwab/Skoolar/SkoolarPlay/src/components/pages/leaderboard-page.tsx [Client Component Browser]
    ./Documents/Abdut Tawwab/Skoolar/SkoolarPlay/src/components/client-app.tsx [Client Component Browser]
    ./Documents/Abdut Tawwab/Skoolar/SkoolarPlay/src/app/page.tsx [Client Component Browser]
    ./Documents/Abdut Tawwab/Skoolar/SkoolarPlay/src/app/page.tsx [Server Component]

https://nextjs.org/docs/messages/module-not-found


./Documents/Abdut Tawwab/Skoolar/SkoolarPlay/src/components/ui/alert-dialog.tsx:4:1
Module not found: Can't resolve '@radix-ui/react-alert-dialog'
  [90m2 |[0m
  [90m3 |[0m [36mimport[0m * [36mas[0m [33mReact[0m [36mfrom[0m [32m"react"[0m
[31m[1m>[0m [90m4 |[0m [36mimport[0m * [36mas[0m [33mAlertDialogPrimitive[0m [36mfrom[0m 
[32m"@radix-ui/react-alert-dialog"[0m
  [90m  |[0m [31m[1m^^^^^^^^^^^^^^^^^^^^^^^^^^^^^^^^^^^^^^^^^^^^^^^^^^^^^^^^^^^^^^^^^^^^[0m
  [90m5 |[0m
  [90m6 |[0m [36mimport[0m { cn } [36mfrom[0m [32m"@/lib/utils"[0m
  [90m7 |[0m [36mimport[0m { buttonVariants } [36mfrom[0m [32m"@/components/ui/button"[0m



Import trace:
  Client Component Browser:
    ./Documents/Abdut Tawwab/Skoolar/SkoolarPlay/src/components/ui/alert-dialog.tsx [Client Component Browser]
    ./Documents/Abdut Tawwab/Skoolar/SkoolarPlay/src/components/pages/study-group-page.tsx [Client Component Browser]
    ./Documents/Abdut Tawwab/Skoolar/SkoolarPlay/src/components/client-app.tsx [Client Component Browser]
    ./Documents/Abdut Tawwab/Skoolar/SkoolarPlay/src/app/page.tsx [Client Component Browser]
    ./Documents/Abdut Tawwab/Skoolar/SkoolarPlay/src/app/page.tsx [Server Component]

https://nextjs.org/docs/messages/module-not-found


./Documents/Abdut Tawwab/Skoolar/SkoolarPlay/src/components/ui/avatar.tsx:4:1
Module not found: Can't resolve '@radix-ui/react-avatar'
  [90m2 |[0m
  [90m3 |[0m [36mimport[0m * [36mas[0m [33mReact[0m [36mfrom[0m [32m"react"[0m
[31m[1m>[0m [90m4 |[0m [36mimport[0m * [36mas[0m [33mAvatarPrimitive[0m [36mfrom[0m 
[32m"@radix-ui/react-avatar"[0m
  [90m  |[0m [31m[1m^^^^^^^^^^^^^^^^^^^^^^^^^^^^^^^^^^^^^^^^^^^^^^^^^^^^^^^^^[0m
  [90m5 |[0m
  [90m6 |[0m [36mimport[0m { cn } [36mfrom[0m [32m"@/lib/utils"[0m
  [90m7 |[0m



Import trace:
  Client Component Browser:
    ./Documents/Abdut Tawwab/Skoolar/SkoolarPlay/src/components/ui/avatar.tsx [Client Component Browser]
    ./Documents/Abdut Tawwab/Skoolar/SkoolarPlay/src/components/pages/feed-page.tsx [Client Component Browser]
    ./Documents/Abdut Tawwab/Skoolar/SkoolarPlay/src/components/client-app.tsx [Client Component Browser]
    ./Documents/Abdut Tawwab/Skoolar/SkoolarPlay/src/app/page.tsx [Client Component Browser]
    ./Documents/Abdut Tawwab/Skoolar/SkoolarPlay/src/app/page.tsx [Server Component]

https://nextjs.org/docs/messages/module-not-found


./Documents/Abdut Tawwab/Skoolar/SkoolarPlay/src/components/ui/checkbox.tsx:4:1
Module not found: Can't resolve '@radix-ui/react-checkbox'
  [90m2 |[0m
  [90m3 |[0m [36mimport[0m * [36mas[0m [33mReact[0m [36mfrom[0m [32m"react"[0m
[31m[1m>[0m [90m4 |[0m [36mimport[0m * [36mas[0m [33mCheckboxPrimitive[0m [36mfrom[0m 
[32m"@radix-ui/react-checkbox"[0m
  [90m  |[0m [31m[1m^^^^^^^^^^^^^^^^^^^^^^^^^^^^^^^^^^^^^^^^^^^^^^^^^^^^^^^^^^^^^[0m
  [90m5 |[0m [36mimport[0m { [33mCheckIcon[0m } [36mfrom[0m [32m"lucide-react"[0m
  [90m6 |[0m
  [90m7 |[0m [36mimport[0m { cn } [36mfrom[0m [32m"@/lib/utils"[0m



Import trace:
  Client Component Browser:
    ./Documents/Abdut Tawwab/Skoolar/SkoolarPlay/src/components/ui/checkbox.tsx [Client Component Browser]
    ./Documents/Abdut Tawwab/Skoolar/SkoolarPlay/src/components/pages/admin/users-page.tsx [Client Component Browser]
    ./Documents/Abdut Tawwab/Skoolar/SkoolarPlay/src/components/client-app.tsx [Client Component Browser]
    ./Documents/Abdut Tawwab/Skoolar/SkoolarPlay/src/app/page.tsx [Client Component Browser]
    ./Documents/Abdut Tawwab/Skoolar/SkoolarPlay/src/app/page.tsx [Server Component]

https://nextjs.org/docs/messages/module-not-found


./Documents/Abdut Tawwab/Skoolar/SkoolarPlay/src/components/ui/dialog.tsx:4:1
Module not found: Can't resolve '@radix-ui/react-dialog'
  [90m2 |[0m
  [90m3 |[0m [36mimport[0m * [36mas[0m [33mReact[0m [36mfrom[0m [32m"react"[0m
[31m[1m>[0m [90m4 |[0m [36mimport[0m * [36mas[0m [33mDialogPrimitive[0m [36mfrom[0m 
[32m"@radix-ui/react-dialog"[0m
  [90m  |[0m [31m[1m^^^^^^^^^^^^^^^^^^^^^^^^^^^^^^^^^^^^^^^^^^^^^^^^^^^^^^^^^[0m
  [90m5 |[0m [36mimport[0m { [33mXIcon[0m } [36mfrom[0m [32m"lucide-react"[0m
  [90m6 |[0m
  [90m7 |[0m [36mimport[0m { cn } [36mfrom[0m [32m"@/lib/utils"[0m



Import trace:
  Client Component Browser:
    ./Documents/Abdut Tawwab/Skoolar/SkoolarPlay/src/components/ui/dialog.tsx [Client Component Browser]
    ./Documents/Abdut Tawwab/Skoolar/SkoolarPlay/src/components/pages/admin/support-agents-page.tsx [Client Component 
Browser]
    ./Documents/Abdut Tawwab/Skoolar/SkoolarPlay/src/components/client-app.tsx [Client Component Browser]
    ./Documents/Abdut Tawwab/Skoolar/SkoolarPlay/src/app/page.tsx [Client Component Browser]
    ./Documents/Abdut Tawwab/Skoolar/SkoolarPlay/src/app/page.tsx [Server Component]

https://nextjs.org/docs/messages/module-not-found


./Documents/Abdut Tawwab/Skoolar/SkoolarPlay/src/components/ui/sheet.tsx:4:1
Module not found: Can't resolve '@radix-ui/react-dialog'
  [90m2 |[0m
  [90m3 |[0m [36mimport[0m * [36mas[0m [33mReact[0m [36mfrom[0m [32m"react"[0m
[31m[1m>[0m [90m4 |[0m [36mimport[0m * [36mas[0m [33mSheetPrimitive[0m [36mfrom[0m 
[32m"@radix-ui/react-dialog"[0m
  [90m  |[0m [31m[1m^^^^^^^^^^^^^^^^^^^^^^^^^^^^^^^^^^^^^^^^^^^^^^^^^^^^^^^^[0m
  [90m5 |[0m [36mimport[0m { [33mXIcon[0m } [36mfrom[0m [32m"lucide-react"[0m
  [90m6 |[0m
  [90m7 |[0m [36mimport[0m { cn } [36mfrom[0m [32m"@/lib/utils"[0m



Import trace:
  Client Component Browser:
    ./Documents/Abdut Tawwab/Skoolar/SkoolarPlay/src/components/ui/sheet.tsx [Client Component Browser]
    ./Documents/Abdut Tawwab/Skoolar/SkoolarPlay/src/components/layout/admin-layout.tsx [Client Component Browser]
    ./Documents/Abdut Tawwab/Skoolar/SkoolarPlay/src/components/client-app.tsx [Client Component Browser]
    ./Documents/Abdut Tawwab/Skoolar/SkoolarPlay/src/app/page.tsx [Client Component Browser]
    ./Documents/Abdut Tawwab/Skoolar/SkoolarPlay/src/app/page.tsx [Server Component]

https://nextjs.org/docs/messages/module-not-found


./Documents/Abdut Tawwab/Skoolar/SkoolarPlay/src/components/ui/dropdown-menu.tsx:4:1
Module not found: Can't resolve '@radix-ui/react-dropdown-menu'
  [90m2 |[0m
  [90m3 |[0m [36mimport[0m * [36mas[0m [33mReact[0m [36mfrom[0m [32m"react"[0m
[31m[1m>[0m [90m4 |[0m [36mimport[0m * [36mas[0m [33mDropdownMenuPrimitive[0m [36mfrom[0m 
[32m"@radix-ui/react-dropdown-menu"[0m
  [90m  |[0m [31m[1m^^^^^^^^^^^^^^^^^^^^^^^^^^^^^^^^^^^^^^^^^^^^^^^^^^^^^^^^^^^^^^^^^^^^^^[0m
  [90m5 |[0m [36mimport[0m { [33mCheckIcon[0m, [33mChevronRightIcon[0m, [33mCircleIcon[0m } [36mfrom[0m 
[32m"lucide-react"[0m
  [90m6 |[0m
  [90m7 |[0m [36mimport[0m { cn } [36mfrom[0m [32m"@/lib/utils"[0m



Import trace:
  Client Component Browser:
    ./Documents/Abdut Tawwab/Skoolar/SkoolarPlay/src/components/ui/dropdown-menu.tsx [Client Component Browser]
    ./Documents/Abdut Tawwab/Skoolar/SkoolarPlay/src/components/pages/feed-page.tsx [Client Component Browser]
    ./Documents/Abdut Tawwab/Skoolar/SkoolarPlay/src/components/client-app.tsx [Client Component Browser]
    ./Documents/Abdut Tawwab/Skoolar/SkoolarPlay/src/app/page.tsx [Client Component Browser]
    ./Documents/Abdut Tawwab/Skoolar/SkoolarPlay/src/app/page.tsx [Server Component]

https://nextjs.org/docs/messages/module-not-found


./Documents/Abdut Tawwab/Skoolar/SkoolarPlay/src/components/ui/label.tsx:4:1
Module not found: Can't resolve '@radix-ui/react-label'
  [90m2 |[0m
  [90m3 |[0m [36mimport[0m * [36mas[0m [33mReact[0m [36mfrom[0m [32m"react"[0m
[31m[1m>[0m [90m4 |[0m [36mimport[0m * [36mas[0m [33mLabelPrimitive[0m [36mfrom[0m 
[32m"@radix-ui/react-label"[0m
  [90m  |[0m [31m[1m^^^^^^^^^^^^^^^^^^^^^^^^^^^^^^^^^^^^^^^^^^^^^^^^^^^^^^^[0m
  [90m5 |[0m
  [90m6 |[0m [36mimport[0m { cn } [36mfrom[0m [32m"@/lib/utils"[0m
  [90m7 |[0m



Import trace:
  Client Component Browser:
    ./Documents/Abdut Tawwab/Skoolar/SkoolarPlay/src/components/ui/label.tsx [Client Component Browser]
    ./Documents/Abdut Tawwab/Skoolar/SkoolarPlay/src/components/pages/admin/surveys-page.tsx [Client Component Browser]
    ./Documents/Abdut Tawwab/Skoolar/SkoolarPlay/src/components/client-app.tsx [Client Component Browser]
    ./Documents/Abdut Tawwab/Skoolar/SkoolarPlay/src/app/page.tsx [Client Component Browser]
    ./Documents/Abdut Tawwab/Skoolar/SkoolarPlay/src/app/page.tsx [Server Component]

https://nextjs.org/docs/messages/module-not-found


./Documents/Abdut Tawwab/Skoolar/SkoolarPlay/src/components/ui/progress.tsx:4:1
Module not found: Can't resolve '@radix-ui/react-progress'
  [90m2 |[0m
  [90m3 |[0m [36mimport[0m * [36mas[0m [33mReact[0m [36mfrom[0m [32m"react"[0m
[31m[1m>[0m [90m4 |[0m [36mimport[0m * [36mas[0m [33mProgressPrimitive[0m [36mfrom[0m 
[32m"@radix-ui/react-progress"[0m
  [90m  |[0m [31m[1m^^^^^^^^^^^^^^^^^^^^^^^^^^^^^^^^^^^^^^^^^^^^^^^^^^^^^^^^^^^^^[0m
  [90m5 |[0m
  [90m6 |[0m [36mimport[0m { cn } [36mfrom[0m [32m"@/lib/utils"[0m
  [90m7 |[0m



Import trace:
  Client Component Browser:
    ./Documents/Abdut Tawwab/Skoolar/SkoolarPlay/src/components/ui/progress.tsx [Client Component Browser]
    ./Documents/Abdut Tawwab/Skoolar/SkoolarPlay/src/components/pages/teacher-dashboard.tsx [Client Component Browser]
    ./Documents/Abdut Tawwab/Skoolar/SkoolarPlay/src/components/client-app.tsx [Client Component Browser]
    ./Documents/Abdut Tawwab/Skoolar/SkoolarPlay/src/app/page.tsx [Client Component Browser]
    ./Documents/Abdut Tawwab/Skoolar/SkoolarPlay/src/app/page.tsx [Server Component]

https://nextjs.org/docs/messages/module-not-found


./Documents/Abdut Tawwab/Skoolar/SkoolarPlay/src/components/ui/radio-group.tsx:4:1
Module not found: Can't resolve '@radix-ui/react-radio-group'
  [90m2 |[0m
  [90m3 |[0m [36mimport[0m * [36mas[0m [33mReact[0m [36mfrom[0m [32m"react"[0m
[31m[1m>[0m [90m4 |[0m [36mimport[0m * [36mas[0m [33mRadioGroupPrimitive[0m [36mfrom[0m 
[32m"@radix-ui/react-radio-group"[0m
  [90m  |[0m [31m[1m^^^^^^^^^^^^^^^^^^^^^^^^^^^^^^^^^^^^^^^^^^^^^^^^^^^^^^^^^^^^^^^^^^[0m
  [90m5 |[0m [36mimport[0m { [33mCircleIcon[0m } [36mfrom[0m [32m"lucide-react"[0m
  [90m6 |[0m
  [90m7 |[0m [36mimport[0m { cn } [36mfrom[0m [32m"@/lib/utils"[0m



Import trace:
  Client Component Browser:
    ./Documents/Abdut Tawwab/Skoolar/SkoolarPlay/src/components/ui/radio-group.tsx [Client Component Browser]
    ./Documents/Abdut Tawwab/Skoolar/SkoolarPlay/src/components/shared/survey-dialog.tsx [Client Component Browser]
    ./Documents/Abdut Tawwab/Skoolar/SkoolarPlay/src/components/pages/surveys-page.tsx [Client Component Browser]
    ./Documents/Abdut Tawwab/Skoolar/SkoolarPlay/src/components/client-app.tsx [Client Component Browser]
    ./Documents/Abdut Tawwab/Skoolar/SkoolarPlay/src/app/page.tsx [Client Component Browser]
    ./Documents/Abdut Tawwab/Skoolar/SkoolarPlay/src/app/page.tsx [Server Component]

https://nextjs.org/docs/messages/module-not-found


./Documents/Abdut Tawwab/Skoolar/SkoolarPlay/src/components/ui/scroll-area.tsx:4:1
Module not found: Can't resolve '@radix-ui/react-scroll-area'
  [90m2 |[0m
  [90m3 |[0m [36mimport[0m * [36mas[0m [33mReact[0m [36mfrom[0m [32m"react"[0m
[31m[1m>[0m [90m4 |[0m [36mimport[0m * [36mas[0m [33mScrollAreaPrimitive[0m [36mfrom[0m 
[32m"@radix-ui/react-scroll-area"[0m
  [90m  |[0m [31m[1m^^^^^^^^^^^^^^^^^^^^^^^^^^^^^^^^^^^^^^^^^^^^^^^^^^^^^^^^^^^^^^^^^^[0m
  [90m5 |[0m
  [90m6 |[0m [36mimport[0m { cn } [36mfrom[0m [32m"@/lib/utils"[0m
  [90m7 |[0m



Import trace:
  Client Component Browser:
    ./Documents/Abdut Tawwab/Skoolar/SkoolarPlay/src/components/ui/scroll-area.tsx [Client Component Browser]
    ./Documents/Abdut Tawwab/Skoolar/SkoolarPlay/src/components/pages/messages-page.tsx [Client Component Browser]
    ./Documents/Abdut Tawwab/Skoolar/SkoolarPlay/src/components/client-app.tsx [Client Component Browser]
    ./Documents/Abdut Tawwab/Skoolar/SkoolarPlay/src/app/page.tsx [Client Component Browser]
    ./Documents/Abdut Tawwab/Skoolar/SkoolarPlay/src/app/page.tsx [Server Component]

https://nextjs.org/docs/messages/module-not-found


./Documents/Abdut Tawwab/Skoolar/SkoolarPlay/src/components/ui/select.tsx:4:1
Module not found: Can't resolve '@radix-ui/react-select'
  [90m2 |[0m
  [90m3 |[0m [36mimport[0m * [36mas[0m [33mReact[0m [36mfrom[0m [32m"react"[0m
[31m[1m>[0m [90m4 |[0m [36mimport[0m * [36mas[0m [33mSelectPrimitive[0m [36mfrom[0m 
[32m"@radix-ui/react-select"[0m
  [90m  |[0m [31m[1m^^^^^^^^^^^^^^^^^^^^^^^^^^^^^^^^^^^^^^^^^^^^^^^^^^^^^^^^^[0m
  [90m5 |[0m [36mimport[0m { [33mCheckIcon[0m, [33mChevronDownIcon[0m, [33mChevronUpIcon[0m } [36mfrom[0m 
[32m"lucide-react"[0m
  [90m6 |[0m
  [90m7 |[0m [36mimport[0m { cn } [36mfrom[0m [32m"@/lib/utils"[0m



Import trace:
  Client Component Browser:
    ./Documents/Abdut Tawwab/Skoolar/SkoolarPlay/src/components/ui/select.tsx [Client Component Browser]
    ./Documents/Abdut Tawwab/Skoolar/SkoolarPlay/src/components/pages/admin/donations-page.tsx [Client Component 
Browser]
    ./Documents/Abdut Tawwab/Skoolar/SkoolarPlay/src/components/client-app.tsx [Client Component Browser]
    ./Documents/Abdut Tawwab/Skoolar/SkoolarPlay/src/app/page.tsx [Client Component Browser]
    ./Documents/Abdut Tawwab/Skoolar/SkoolarPlay/src/app/page.tsx [Server Component]

https://nextjs.org/docs/messages/module-not-found


./Documents/Abdut Tawwab/Skoolar/SkoolarPlay/src/components/ui/separator.tsx:4:1
Module not found: Can't resolve '@radix-ui/react-separator'
  [90m2 |[0m
  [90m3 |[0m [36mimport[0m * [36mas[0m [33mReact[0m [36mfrom[0m [32m"react"[0m
[31m[1m>[0m [90m4 |[0m [36mimport[0m * [36mas[0m [33mSeparatorPrimitive[0m [36mfrom[0m 
[32m"@radix-ui/react-separator"[0m
  [90m  |[0m [31m[1m^^^^^^^^^^^^^^^^^^^^^^^^^^^^^^^^^^^^^^^^^^^^^^^^^^^^^^^^^^^^^^^[0m
  [90m5 |[0m
  [90m6 |[0m [36mimport[0m { cn } [36mfrom[0m [32m"@/lib/utils"[0m
  [90m7 |[0m



Import trace:
  Client Component Browser:
    ./Documents/Abdut Tawwab/Skoolar/SkoolarPlay/src/components/ui/separator.tsx [Client Component Browser]
    ./Documents/Abdut Tawwab/Skoolar/SkoolarPlay/src/components/pages/admin/surveys-page.tsx [Client Component Browser]
    ./Documents/Abdut Tawwab/Skoolar/SkoolarPlay/src/components/client-app.tsx [Client Component Browser]
    ./Documents/Abdut Tawwab/Skoolar/SkoolarPlay/src/app/page.tsx [Client Component Browser]
    ./Documents/Abdut Tawwab/Skoolar/SkoolarPlay/src/app/page.tsx [Server Component]

https://nextjs.org/docs/messages/module-not-found


./Documents/Abdut Tawwab/Skoolar/SkoolarPlay/src/components/ui/slider.tsx:4:1
Module not found: Can't resolve '@radix-ui/react-slider'
  [90m2 |[0m
  [90m3 |[0m [36mimport[0m * [36mas[0m [33mReact[0m [36mfrom[0m [32m"react"[0m
[31m[1m>[0m [90m4 |[0m [36mimport[0m * [36mas[0m [33mSliderPrimitive[0m [36mfrom[0m 
[32m"@radix-ui/react-slider"[0m
  [90m  |[0m [31m[1m^^^^^^^^^^^^^^^^^^^^^^^^^^^^^^^^^^^^^^^^^^^^^^^^^^^^^^^^^[0m
  [90m5 |[0m
  [90m6 |[0m [36mimport[0m { cn } [36mfrom[0m [32m"@/lib/utils"[0m
  [90m7 |[0m



Import trace:
  Client Component Browser:
    ./Documents/Abdut Tawwab/Skoolar/SkoolarPlay/src/components/ui/slider.tsx [Client Component Browser]
    ./Documents/Abdut Tawwab/Skoolar/SkoolarPlay/src/components/layout/app-layout.tsx [Client Component Browser]
    ./Documents/Abdut Tawwab/Skoolar/SkoolarPlay/src/components/client-app.tsx [Client Component Browser]
    ./Documents/Abdut Tawwab/Skoolar/SkoolarPlay/src/app/page.tsx [Client Component Browser]
    ./Documents/Abdut Tawwab/Skoolar/SkoolarPlay/src/app/page.tsx [Server Component]

https://nextjs.org/docs/messages/module-not-found


./Documents/Abdut Tawwab/Skoolar/SkoolarPlay/src/components/ui/badge.tsx:2:1
Module not found: Can't resolve '@radix-ui/react-slot'
  [90m1 |[0m [36mimport[0m * [36mas[0m [33mReact[0m [36mfrom[0m [32m"react"[0m
[31m[1m>[0m [90m2 |[0m [36mimport[0m { [33mSlot[0m } [36mfrom[0m [32m"@radix-ui/react-slot"[0m
  [90m  |[0m [31m[1m^^^^^^^^^^^^^^^^^^^^^^^^^^^^^^^^^^^^^^^^^^^[0m
  [90m3 |[0m [36mimport[0m { cva, [36mtype[0m [33mVariantProps[0m } [36mfrom[0m 
[32m"class-variance-authority"[0m
  [90m4 |[0m
  [90m5 |[0m [36mimport[0m { cn } [36mfrom[0m [32m"@/lib/utils"[0m



Import trace:
  Client Component Browser:
    ./Documents/Abdut Tawwab/Skoolar/SkoolarPlay/src/components/ui/badge.tsx [Client Component Browser]
    ./Documents/Abdut Tawwab/Skoolar/SkoolarPlay/src/components/pages/feed-page.tsx [Client Component Browser]
    ./Documents/Abdut Tawwab/Skoolar/SkoolarPlay/src/components/client-app.tsx [Client Component Browser]
    ./Documents/Abdut Tawwab/Skoolar/SkoolarPlay/src/app/page.tsx [Client Component Browser]
    ./Documents/Abdut Tawwab/Skoolar/SkoolarPlay/src/app/page.tsx [Server Component]

https://nextjs.org/docs/messages/module-not-found


./Documents/Abdut Tawwab/Skoolar/SkoolarPlay/src/components/ui/button.tsx:2:1
Module not found: Can't resolve '@radix-ui/react-slot'
  [90m1 |[0m [36mimport[0m * [36mas[0m [33mReact[0m [36mfrom[0m [32m"react"[0m
[31m[1m>[0m [90m2 |[0m [36mimport[0m { [33mSlot[0m } [36mfrom[0m [32m"@radix-ui/react-slot"[0m
  [90m  |[0m [31m[1m^^^^^^^^^^^^^^^^^^^^^^^^^^^^^^^^^^^^^^^^^^^[0m
  [90m3 |[0m [36mimport[0m { cva, [36mtype[0m [33mVariantProps[0m } [36mfrom[0m 
[32m"class-variance-authority"[0m
  [90m4 |[0m
  [90m5 |[0m [36mimport[0m { cn } [36mfrom[0m [32m"@/lib/utils"[0m



Import traces:
  Client Component Browser:
    ./Documents/Abdut Tawwab/Skoolar/SkoolarPlay/src/components/ui/button.tsx [Client Component Browser]
    ./Documents/Abdut Tawwab/Skoolar/SkoolarPlay/src/app/join-group/page.tsx [Client Component Browser]
    ./Documents/Abdut Tawwab/Skoolar/SkoolarPlay/src/app/join-group/page.tsx [Server Component]

  Client Component SSR:
    ./Documents/Abdut Tawwab/Skoolar/SkoolarPlay/src/components/ui/button.tsx [Client Component SSR]
    ./Documents/Abdut Tawwab/Skoolar/SkoolarPlay/src/app/join-group/page.tsx [Client Component SSR]
    ./Documents/Abdut Tawwab/Skoolar/SkoolarPlay/src/app/join-group/page.tsx [Server Component]

https://nextjs.org/docs/messages/module-not-found


./Documents/Abdut Tawwab/Skoolar/SkoolarPlay/src/components/ui/switch.tsx:4:1
Module not found: Can't resolve '@radix-ui/react-switch'
  [90m2 |[0m
  [90m3 |[0m [36mimport[0m * [36mas[0m [33mReact[0m [36mfrom[0m [32m"react"[0m
[31m[1m>[0m [90m4 |[0m [36mimport[0m * [36mas[0m [33mSwitchPrimitive[0m [36mfrom[0m 
[32m"@radix-ui/react-switch"[0m
  [90m  |[0m [31m[1m^^^^^^^^^^^^^^^^^^^^^^^^^^^^^^^^^^^^^^^^^^^^^^^^^^^^^^^^^[0m
  [90m5 |[0m
  [90m6 |[0m [36mimport[0m { cn } [36mfrom[0m [32m"@/lib/utils"[0m
  [90m7 |[0m



Import trace:
  Client Component Browser:
    ./Documents/Abdut Tawwab/Skoolar/SkoolarPlay/src/components/ui/switch.tsx [Client Component Browser]
    ./Documents/Abdut Tawwab/Skoolar/SkoolarPlay/src/components/pages/donate-page.tsx [Client Component Browser]
    ./Documents/Abdut Tawwab/Skoolar/SkoolarPlay/src/components/client-app.tsx [Client Component Browser]
    ./Documents/Abdut Tawwab/Skoolar/SkoolarPlay/src/app/page.tsx [Client Component Browser]
    ./Documents/Abdut Tawwab/Skoolar/SkoolarPlay/src/app/page.tsx [Server Component]

https://nextjs.org/docs/messages/module-not-found


./Documents/Abdut Tawwab/Skoolar/SkoolarPlay/src/components/ui/tabs.tsx:4:1
Module not found: Can't resolve '@radix-ui/react-tabs'
  [90m2 |[0m
  [90m3 |[0m [36mimport[0m * [36mas[0m [33mReact[0m [36mfrom[0m [32m"react"[0m
[31m[1m>[0m [90m4 |[0m [36mimport[0m * [36mas[0m [33mTabsPrimitive[0m [36mfrom[0m 
[32m"@radix-ui/react-tabs"[0m
  [90m  |[0m [31m[1m^^^^^^^^^^^^^^^^^^^^^^^^^^^^^^^^^^^^^^^^^^^^^^^^^^^^^[0m
  [90m5 |[0m
  [90m6 |[0m [36mimport[0m { cn } [36mfrom[0m [32m"@/lib/utils"[0m
  [90m7 |[0m



Import trace:
  Client Component Browser:
    ./Documents/Abdut Tawwab/Skoolar/SkoolarPlay/src/components/ui/tabs.tsx [Client Component Browser]
    ./Documents/Abdut Tawwab/Skoolar/SkoolarPlay/src/components/pages/share-gems-page.tsx [Client Component Browser]
    ./Documents/Abdut Tawwab/Skoolar/SkoolarPlay/src/components/client-app.tsx [Client Component Browser]
    ./Documents/Abdut Tawwab/Skoolar/SkoolarPlay/src/app/page.tsx [Client Component Browser]
    ./Documents/Abdut Tawwab/Skoolar/SkoolarPlay/src/app/page.tsx [Server Component]

https://nextjs.org/docs/messages/module-not-found


./Documents/Abdut Tawwab/Skoolar/SkoolarPlay/src/components/ui/toast.tsx:4:1
Module not found: Can't resolve '@radix-ui/react-toast'
  [90m2 |[0m
  [90m3 |[0m [36mimport[0m * [36mas[0m [33mReact[0m [36mfrom[0m [32m"react"[0m
[31m[1m>[0m [90m4 |[0m [36mimport[0m * [36mas[0m [33mToastPrimitives[0m [36mfrom[0m 
[32m"@radix-ui/react-toast"[0m
  [90m  |[0m [31m[1m^^^^^^^^^^^^^^^^^^^^^^^^^^^^^^^^^^^^^^^^^^^^^^^^^^^^^^^^[0m
  [90m5 |[0m [36mimport[0m { cva, [36mtype[0m [33mVariantProps[0m } [36mfrom[0m 
[32m"class-variance-authority"[0m
  [90m6 |[0m [36mimport[0m { [33mX[0m } [36mfrom[0m [32m"lucide-react"[0m
  [90m7 |[0m



Import traces:
  Client Component Browser:
    ./Documents/Abdut Tawwab/Skoolar/SkoolarPlay/src/components/ui/toast.tsx [Client Component Browser]
    ./Documents/Abdut Tawwab/Skoolar/SkoolarPlay/src/components/ui/toaster.tsx [Client Component Browser]
    ./Documents/Abdut Tawwab/Skoolar/SkoolarPlay/src/components/ui/toaster.tsx [Server Component]
    ./Documents/Abdut Tawwab/Skoolar/SkoolarPlay/src/app/layout.tsx [Server Component]

  Client Component SSR:
    ./Documents/Abdut Tawwab/Skoolar/SkoolarPlay/src/components/ui/toast.tsx [Client Component SSR]
    ./Documents/Abdut Tawwab/Skoolar/SkoolarPlay/src/components/ui/toaster.tsx [Client Component SSR]
    ./Documents/Abdut Tawwab/Skoolar/SkoolarPlay/src/components/ui/toaster.tsx [Server Component]
    ./Documents/Abdut Tawwab/Skoolar/SkoolarPlay/src/app/layout.tsx [Server Component]

https://nextjs.org/docs/messages/module-not-found


./Documents/Abdut Tawwab/Skoolar/SkoolarPlay/src/components/ui/tooltip.tsx:4:1
Module not found: Can't resolve '@radix-ui/react-tooltip'
  [90m2 |[0m
  [90m3 |[0m [36mimport[0m * [36mas[0m [33mReact[0m [36mfrom[0m [32m"react"[0m
[31m[1m>[0m [90m4 |[0m [36mimport[0m * [36mas[0m [33mTooltipPrimitive[0m [36mfrom[0m 
[32m"@radix-ui/react-tooltip"[0m
  [90m  |[0m [31m[1m^^^^^^^^^^^^^^^^^^^^^^^^^^^^^^^^^^^^^^^^^^^^^^^^^^^^^^^^^^^[0m
  [90m5 |[0m
  [90m6 |[0m [36mimport[0m { cn } [36mfrom[0m [32m"@/lib/utils"[0m
  [90m7 |[0m



Import trace:
  Client Component Browser:
    ./Documents/Abdut Tawwab/Skoolar/SkoolarPlay/src/components/ui/tooltip.tsx [Client Component Browser]
    ./Documents/Abdut Tawwab/Skoolar/SkoolarPlay/src/components/pages/admin/users-page.tsx [Client Component Browser]
    ./Documents/Abdut Tawwab/Skoolar/SkoolarPlay/src/components/client-app.tsx [Client Component Browser]
    ./Documents/Abdut Tawwab/Skoolar/SkoolarPlay/src/app/page.tsx [Client Component Browser]
    ./Documents/Abdut Tawwab/Skoolar/SkoolarPlay/src/app/page.tsx [Server Component]

https://nextjs.org/docs/messages/module-not-found


./Documents/Abdut Tawwab/Skoolar/SkoolarPlay/src/components/ui/badge.tsx:3:1
Module not found: Can't resolve 'class-variance-authority'
  [90m1 |[0m [36mimport[0m * [36mas[0m [33mReact[0m [36mfrom[0m [32m"react"[0m
  [90m2 |[0m [36mimport[0m { [33mSlot[0m } [36mfrom[0m [32m"@radix-ui/react-slot"[0m
[31m[1m>[0m [90m3 |[0m [36mimport[0m { cva, [36mtype[0m [33mVariantProps[0m } [36mfrom[0m 
[32m"class-variance-authority"[0m
  [90m  |[0m [31m[1m^^^^^^^^^^^^^^^^^^^^^^^^^^^^^^^^^^^^^^^^^^^^^^^^^^^^^^^^^^^^^^^^^[0m
  [90m4 |[0m
  [90m5 |[0m [36mimport[0m { cn } [36mfrom[0m [32m"@/lib/utils"[0m
  [90m6 |[0m



Import trace:
  Client Component Browser:
    ./Documents/Abdut Tawwab/Skoolar/SkoolarPlay/src/components/ui/badge.tsx [Client Component Browser]
    ./Documents/Abdut Tawwab/Skoolar/SkoolarPlay/src/components/pages/feed-page.tsx [Client Component Browser]
    ./Documents/Abdut Tawwab/Skoolar/SkoolarPlay/src/components/client-app.tsx [Client Component Browser]
    ./Documents/Abdut Tawwab/Skoolar/SkoolarPlay/src/app/page.tsx [Client Component Browser]
    ./Documents/Abdut Tawwab/Skoolar/SkoolarPlay/src/app/page.tsx [Server Component]

https://nextjs.org/docs/messages/module-not-found


./Documents/Abdut Tawwab/Skoolar/SkoolarPlay/src/components/ui/button.tsx:3:1
Module not found: Can't resolve 'class-variance-authority'
  [90m1 |[0m [36mimport[0m * [36mas[0m [33mReact[0m [36mfrom[0m [32m"react"[0m
  [90m2 |[0m [36mimport[0m { [33mSlot[0m } [36mfrom[0m [32m"@radix-ui/react-slot"[0m
[31m[1m>[0m [90m3 |[0m [36mimport[0m { cva, [36mtype[0m [33mVariantProps[0m } [36mfrom[0m 
[32m"class-variance-authority"[0m
  [90m  |[0m [31m[1m^^^^^^^^^^^^^^^^^^^^^^^^^^^^^^^^^^^^^^^^^^^^^^^^^^^^^^^^^^^^^^^^^[0m
  [90m4 |[0m
  [90m5 |[0m [36mimport[0m { cn } [36mfrom[0m [32m"@/lib/utils"[0m
  [90m6 |[0m



Import traces:
  Client Component Browser:
    ./Documents/Abdut Tawwab/Skoolar/SkoolarPlay/src/components/ui/button.tsx [Client Component Browser]
    ./Documents/Abdut Tawwab/Skoolar/SkoolarPlay/src/app/join-group/page.tsx [Client Component Browser]
    ./Documents/Abdut Tawwab/Skoolar/SkoolarPlay/src/app/join-group/page.tsx [Server Component]

  Client Component SSR:
    ./Documents/Abdut Tawwab/Skoolar/SkoolarPlay/src/components/ui/button.tsx [Client Component SSR]
    ./Documents/Abdut Tawwab/Skoolar/SkoolarPlay/src/app/join-group/page.tsx [Client Component SSR]
    ./Documents/Abdut Tawwab/Skoolar/SkoolarPlay/src/app/join-group/page.tsx [Server Component]

https://nextjs.org/docs/messages/module-not-found


./Documents/Abdut Tawwab/Skoolar/SkoolarPlay/src/components/ui/toast.tsx:5:1
Module not found: Can't resolve 'class-variance-authority'
  [90m3 |[0m [36mimport[0m * [36mas[0m [33mReact[0m [36mfrom[0m [32m"react"[0m
  [90m4 |[0m [36mimport[0m * [36mas[0m [33mToastPrimitives[0m [36mfrom[0m [32m"@radix-ui/react-toast"[0m
[31m[1m>[0m [90m5 |[0m [36mimport[0m { cva, [36mtype[0m [33mVariantProps[0m } [36mfrom[0m 
[32m"class-variance-authority"[0m
  [90m  |[0m [31m[1m^^^^^^^^^^^^^^^^^^^^^^^^^^^^^^^^^^^^^^^^^^^^^^^^^^^^^^^^^^^^^^^^^[0m
  [90m6 |[0m [36mimport[0m { [33mX[0m } [36mfrom[0m [32m"lucide-react"[0m
  [90m7 |[0m
  [90m8 |[0m [36mimport[0m { cn } [36mfrom[0m [32m"@/lib/utils"[0m



Import traces:
  Client Component Browser:
    ./Documents/Abdut Tawwab/Skoolar/SkoolarPlay/src/components/ui/toast.tsx [Client Component Browser]
    ./Documents/Abdut Tawwab/Skoolar/SkoolarPlay/src/components/ui/toaster.tsx [Client Component Browser]
    ./Documents/Abdut Tawwab/Skoolar/SkoolarPlay/src/components/ui/toaster.tsx [Server Component]
    ./Documents/Abdut Tawwab/Skoolar/SkoolarPlay/src/app/layout.tsx [Server Component]

  Client Component SSR:
    ./Documents/Abdut Tawwab/Skoolar/SkoolarPlay/src/components/ui/toast.tsx [Client Component SSR]
    ./Documents/Abdut Tawwab/Skoolar/SkoolarPlay/src/components/ui/toaster.tsx [Client Component SSR]
    ./Documents/Abdut Tawwab/Skoolar/SkoolarPlay/src/components/ui/toaster.tsx [Server Component]
    ./Documents/Abdut Tawwab/Skoolar/SkoolarPlay/src/app/layout.tsx [Server Component]

https://nextjs.org/docs/messages/module-not-found


./Documents/Abdut 
Tawwab/Skoolar/SkoolarPlay/node_modules/framer-motion/dist/es/gestures/drag/VisualElementDragControls.mjs:2:1
Module not found: Can't resolve 'motion-utils'
  [90m1 |[0m [36mimport[0m { createBox, frame, eachAxis, measurePageBox, convertBoxToBoundingBox, convertBoundi...
[31m[1m>[0m [90m2 |[0m [36mimport[0m { invariant } [36mfrom[0m [32m'motion-utils'[0m;
  [90m  |[0m [31m[1m^^^^^^^^^^^^^^^^^^^^^^^^^^^^^^^^^^^^^^^^^[0m
  [90m3 |[0m [36mimport[0m { addPointerEvent } [36mfrom[0m [32m'../../events/add-pointer-event.mjs'[0m;
  [90m4 |[0m [36mimport[0m { extractEventInfo } [36mfrom[0m [32m'../../events/event-info.mjs'[0m;
  [90m5 |[0m [36mimport[0m { getContextWindow } [36mfrom[0m [32m'../../utils/get-context-window.mjs'[0m;



Import traces:
  Client Component Browser:
    ./Documents/Abdut 
Tawwab/Skoolar/SkoolarPlay/node_modules/framer-motion/dist/es/gestures/drag/VisualElementDragControls.mjs [Client 
Component Browser]
    ./Documents/Abdut Tawwab/Skoolar/SkoolarPlay/node_modules/framer-motion/dist/es/gestures/drag/index.mjs [Client 
Component Browser]
    ./Documents/Abdut Tawwab/Skoolar/SkoolarPlay/node_modules/framer-motion/dist/es/motion/features/drag.mjs [Client 
Component Browser]
    ./Documents/Abdut 
Tawwab/Skoolar/SkoolarPlay/node_modules/framer-motion/dist/es/render/components/motion/feature-bundle.mjs [Client 
Component Browser]
    ./Documents/Abdut Tawwab/Skoolar/SkoolarPlay/node_modules/framer-motion/dist/es/render/components/motion/proxy.mjs 
[Client Component Browser]
    ./Documents/Abdut Tawwab/Skoolar/SkoolarPlay/src/app/join-group/page.tsx [Client Component Browser]
    ./Documents/Abdut Tawwab/Skoolar/SkoolarPlay/src/app/join-group/page.tsx [Server Component]

  Client Component SSR:
    ./Documents/Abdut 
Tawwab/Skoolar/SkoolarPlay/node_modules/framer-motion/dist/es/gestures/drag/VisualElementDragControls.mjs [Client 
Component SSR]
    ./Documents/Abdut Tawwab/Skoolar/SkoolarPlay/node_modules/framer-motion/dist/es/gestures/drag/index.mjs [Client 
Component SSR]
    ./Documents/Abdut Tawwab/Skoolar/SkoolarPlay/node_modules/framer-motion/dist/es/motion/features/drag.mjs [Client 
Component SSR]
    ./Documents/Abdut 
Tawwab/Skoolar/SkoolarPlay/node_modules/framer-motion/dist/es/render/components/motion/feature-bundle.mjs [Client 
Component SSR]
    ./Documents/Abdut Tawwab/Skoolar/SkoolarPlay/node_modules/framer-motion/dist/es/render/components/motion/proxy.mjs 
[Client Component SSR]
    ./Documents/Abdut Tawwab/Skoolar/SkoolarPlay/src/app/join-group/page.tsx [Client Component SSR]
    ./Documents/Abdut Tawwab/Skoolar/SkoolarPlay/src/app/join-group/page.tsx [Server Component]

https://nextjs.org/docs/messages/module-not-found


./Documents/Abdut Tawwab/Skoolar/SkoolarPlay/node_modules/framer-motion/dist/es/gestures/drag/index.mjs:2:1
Module not found: Can't resolve 'motion-utils'
  [90m1 |[0m [36mimport[0m { [33mFeature[0m } [36mfrom[0m [32m'motion-dom'[0m;
[31m[1m>[0m [90m2 |[0m [36mimport[0m { noop } [36mfrom[0m [32m'motion-utils'[0m;
  [90m  |[0m [31m[1m^^^^^^^^^^^^^^^^^^^^^^^^^^^^^^^^^^^^[0m
  [90m3 |[0m [36mimport[0m { [33mVisualElementDragControls[0m } [36mfrom[0m 
[32m'./VisualElementDragControls.mjs'[0m;
  [90m4 |[0m
  [90m5 |[0m [36mclass[0m [33mDragGesture[0m [36mextends[0m [33mFeature[0m {



Import traces:
  Client Component Browser:
    ./Documents/Abdut Tawwab/Skoolar/SkoolarPlay/node_modules/framer-motion/dist/es/gestures/drag/index.mjs [Client 
Component Browser]
    ./Documents/Abdut Tawwab/Skoolar/SkoolarPlay/node_modules/framer-motion/dist/es/motion/features/drag.mjs [Client 
Component Browser]
    ./Documents/Abdut 
Tawwab/Skoolar/SkoolarPlay/node_modules/framer-motion/dist/es/render/components/motion/feature-bundle.mjs [Client 
Component Browser]
    ./Documents/Abdut Tawwab/Skoolar/SkoolarPlay/node_modules/framer-motion/dist/es/render/components/motion/proxy.mjs 
[Client Component Browser]
    ./Documents/Abdut Tawwab/Skoolar/SkoolarPlay/src/app/join-group/page.tsx [Client Component Browser]
    ./Documents/Abdut Tawwab/Skoolar/SkoolarPlay/src/app/join-group/page.tsx [Server Component]

  Client Component SSR:
    ./Documents/Abdut Tawwab/Skoolar/SkoolarPlay/node_modules/framer-motion/dist/es/gestures/drag/index.mjs [Client 
Component SSR]
    ./Documents/Abdut Tawwab/Skoolar/SkoolarPlay/node_modules/framer-motion/dist/es/motion/features/drag.mjs [Client 
Component SSR]
    ./Documents/Abdut 
Tawwab/Skoolar/SkoolarPlay/node_modules/framer-motion/dist/es/render/components/motion/feature-bundle.mjs [Client 
Component SSR]
    ./Documents/Abdut Tawwab/Skoolar/SkoolarPlay/node_modules/framer-motion/dist/es/render/components/motion/proxy.mjs 
[Client Component SSR]
    ./Documents/Abdut Tawwab/Skoolar/SkoolarPlay/src/app/join-group/page.tsx [Client Component SSR]
    ./Documents/Abdut Tawwab/Skoolar/SkoolarPlay/src/app/join-group/page.tsx [Server Component]

https://nextjs.org/docs/messages/module-not-found


./Documents/Abdut Tawwab/Skoolar/SkoolarPlay/node_modules/framer-motion/dist/es/gestures/drag/utils/constraints.mjs:2:1
Module not found: Can't resolve 'motion-utils'
  [90m1 |[0m [36mimport[0m { mixNumber, calcLength } [36mfrom[0m [32m'motion-dom'[0m;
[31m[1m>[0m [90m2 |[0m [36mimport[0m { progress, clamp } [36mfrom[0m [32m'motion-utils'[0m;
  [90m  |[0m [31m[1m^^^^^^^^^^^^^^^^^^^^^^^^^^^^^^^^^^^^^^^^^^^^^^^[0m
  [90m3 |[0m
  [90m4 |[0m /**
  [90m5 |[0m  * [33mApply[0m constraints to a point. [33mThese[0m constraints are both physical along an



Import traces:
  Client Component Browser:
    ./Documents/Abdut 
Tawwab/Skoolar/SkoolarPlay/node_modules/framer-motion/dist/es/gestures/drag/utils/constraints.mjs [Client Component 
Browser]
    ./Documents/Abdut 
Tawwab/Skoolar/SkoolarPlay/node_modules/framer-motion/dist/es/gestures/drag/VisualElementDragControls.mjs [Client 
Component Browser]
    ./Documents/Abdut Tawwab/Skoolar/SkoolarPlay/node_modules/framer-motion/dist/es/gestures/drag/index.mjs [Client 
Component Browser]
    ./Documents/Abdut Tawwab/Skoolar/SkoolarPlay/node_modules/framer-motion/dist/es/motion/features/drag.mjs [Client 
Component Browser]
    ./Documents/Abdut 
Tawwab/Skoolar/SkoolarPlay/node_modules/framer-motion/dist/es/render/components/motion/feature-bundle.mjs [Client 
Component Browser]
    ./Documents/Abdut Tawwab/Skoolar/SkoolarPlay/node_modules/framer-motion/dist/es/render/components/motion/proxy.mjs 
[Client Component Browser]
    ./Documents/Abdut Tawwab/Skoolar/SkoolarPlay/src/app/join-group/page.tsx [Client Component Browser]
    ./Documents/Abdut Tawwab/Skoolar/SkoolarPlay/src/app/join-group/page.tsx [Server Component]

  Client Component SSR:
    ./Documents/Abdut 
Tawwab/Skoolar/SkoolarPlay/node_modules/framer-motion/dist/es/gestures/drag/utils/constraints.mjs [Client Component 
SSR]
    ./Documents/Abdut 
Tawwab/Skoolar/SkoolarPlay/node_modules/framer-motion/dist/es/gestures/drag/VisualElementDragControls.mjs [Client 
Component SSR]
    ./Documents/Abdut Tawwab/Skoolar/SkoolarPlay/node_modules/framer-motion/dist/es/gestures/drag/index.mjs [Client 
Component SSR]
    ./Documents/Abdut Tawwab/Skoolar/SkoolarPlay/node_modules/framer-motion/dist/es/motion/features/drag.mjs [Client 
Component SSR]
    ./Documents/Abdut 
Tawwab/Skoolar/SkoolarPlay/node_modules/framer-motion/dist/es/render/components/motion/feature-bundle.mjs [Client 
Component SSR]
    ./Documents/Abdut Tawwab/Skoolar/SkoolarPlay/node_modules/framer-motion/dist/es/render/components/motion/proxy.mjs 
[Client Component SSR]
    ./Documents/Abdut Tawwab/Skoolar/SkoolarPlay/src/app/join-group/page.tsx [Client Component SSR]
    ./Documents/Abdut Tawwab/Skoolar/SkoolarPlay/src/app/join-group/page.tsx [Server Component]

https://nextjs.org/docs/messages/module-not-found


./Documents/Abdut Tawwab/Skoolar/SkoolarPlay/node_modules/framer-motion/dist/es/gestures/focus.mjs:2:1
Module not found: Can't resolve 'motion-utils'
  [90m1 |[0m [36mimport[0m { [33mFeature[0m, addDomEvent } [36mfrom[0m [32m'motion-dom'[0m;
[31m[1m>[0m [90m2 |[0m [36mimport[0m { pipe } [36mfrom[0m [32m'motion-utils'[0m;
  [90m  |[0m [31m[1m^^^^^^^^^^^^^^^^^^^^^^^^^^^^^^^^^^^^[0m
  [90m3 |[0m
  [90m4 |[0m [36mclass[0m [33mFocusGesture[0m [36mextends[0m [33mFeature[0m {
  [90m5 |[0m     constructor() {



Import traces:
  Client Component Browser:
    ./Documents/Abdut Tawwab/Skoolar/SkoolarPlay/node_modules/framer-motion/dist/es/gestures/focus.mjs [Client 
Component Browser]
    ./Documents/Abdut Tawwab/Skoolar/SkoolarPlay/node_modules/framer-motion/dist/es/motion/features/gestures.mjs 
[Client Component Browser]
    ./Documents/Abdut 
Tawwab/Skoolar/SkoolarPlay/node_modules/framer-motion/dist/es/render/components/motion/feature-bundle.mjs [Client 
Component Browser]
    ./Documents/Abdut Tawwab/Skoolar/SkoolarPlay/node_modules/framer-motion/dist/es/render/components/motion/proxy.mjs 
[Client Component Browser]
    ./Documents/Abdut Tawwab/Skoolar/SkoolarPlay/src/app/join-group/page.tsx [Client Component Browser]
    ./Documents/Abdut Tawwab/Skoolar/SkoolarPlay/src/app/join-group/page.tsx [Server Component]

  Client Component SSR:
    ./Documents/Abdut Tawwab/Skoolar/SkoolarPlay/node_modules/framer-motion/dist/es/gestures/focus.mjs [Client 
Component SSR]
    ./Documents/Abdut Tawwab/Skoolar/SkoolarPlay/node_modules/framer-motion/dist/es/motion/features/gestures.mjs 
[Client Component SSR]
    ./Documents/Abdut 
Tawwab/Skoolar/SkoolarPlay/node_modules/framer-motion/dist/es/render/components/motion/feature-bundle.mjs [Client 
Component SSR]
    ./Documents/Abdut Tawwab/Skoolar/SkoolarPlay/node_modules/framer-motion/dist/es/render/components/motion/proxy.mjs 
[Client Component SSR]
    ./Documents/Abdut Tawwab/Skoolar/SkoolarPlay/src/app/join-group/page.tsx [Client Component SSR]
    ./Documents/Abdut Tawwab/Skoolar/SkoolarPlay/src/app/join-group/page.tsx [Server Component]

https://nextjs.org/docs/messages/module-not-found


./Documents/Abdut Tawwab/Skoolar/SkoolarPlay/node_modules/framer-motion/dist/es/gestures/pan/PanSession.mjs:2:1
Module not found: Can't resolve 'motion-utils'
  [90m1 |[0m [36mimport[0m { frameData, frame, isPrimaryPointer, cancelFrame } [36mfrom[0m [32m'motion-dom'[0m;
[31m[1m>[0m [90m2 |[0m [36mimport[0m { pipe, secondsToMilliseconds, millisecondsToSeconds } [36mfrom[0m 
[32m'motion-utils'[0m;
  [90m  |[0m [31m[1m^^^^^^^^^^^^^^^^^^^^^^^^^^^^^^^^^^^^^^^^^^^^^^^^^^^^^^^^^^^^^^^^^^^^^^^^^^^^^^^^^^[0m
  [90m3 |[0m [36mimport[0m { addPointerEvent } [36mfrom[0m [32m'../../events/add-pointer-event.mjs'[0m;
  [90m4 |[0m [36mimport[0m { extractEventInfo } [36mfrom[0m [32m'../../events/event-info.mjs'[0m;
  [90m5 |[0m [36mimport[0m { distance2D } [36mfrom[0m [32m'../../utils/distance.mjs'[0m;



Import traces:
  Client Component Browser:
    ./Documents/Abdut Tawwab/Skoolar/SkoolarPlay/node_modules/framer-motion/dist/es/gestures/pan/PanSession.mjs 
[Client Component Browser]
    ./Documents/Abdut Tawwab/Skoolar/SkoolarPlay/node_modules/framer-motion/dist/es/gestures/pan/index.mjs [Client 
Component Browser]
    ./Documents/Abdut Tawwab/Skoolar/SkoolarPlay/node_modules/framer-motion/dist/es/motion/features/drag.mjs [Client 
Component Browser]
    ./Documents/Abdut 
Tawwab/Skoolar/SkoolarPlay/node_modules/framer-motion/dist/es/render/components/motion/feature-bundle.mjs [Client 
Component Browser]
    ./Documents/Abdut Tawwab/Skoolar/SkoolarPlay/node_modules/framer-motion/dist/es/render/components/motion/proxy.mjs 
[Client Component Browser]
    ./Documents/Abdut Tawwab/Skoolar/SkoolarPlay/src/app/join-group/page.tsx [Client Component Browser]
    ./Documents/Abdut Tawwab/Skoolar/SkoolarPlay/src/app/join-group/page.tsx [Server Component]

  Client Component SSR:
    ./Documents/Abdut Tawwab/Skoolar/SkoolarPlay/node_modules/framer-motion/dist/es/gestures/pan/PanSession.mjs 
[Client Component SSR]
    ./Documents/Abdut Tawwab/Skoolar/SkoolarPlay/node_modules/framer-motion/dist/es/gestures/pan/index.mjs [Client 
Component SSR]
    ./Documents/Abdut Tawwab/Skoolar/SkoolarPlay/node_modules/framer-motion/dist/es/motion/features/drag.mjs [Client 
Component SSR]
    ./Documents/Abdut 
Tawwab/Skoolar/SkoolarPlay/node_modules/framer-motion/dist/es/render/components/motion/feature-bundle.mjs [Client 
Component SSR]
    ./Documents/Abdut Tawwab/Skoolar/SkoolarPlay/node_modules/framer-motion/dist/es/render/components/motion/proxy.mjs 
[Client Component SSR]
    ./Documents/Abdut Tawwab/Skoolar/SkoolarPlay/src/app/join-group/page.tsx [Client Component SSR]
    ./Documents/Abdut Tawwab/Skoolar/SkoolarPlay/src/app/join-group/page.tsx [Server Component]

https://nextjs.org/docs/messages/module-not-found


./Documents/Abdut Tawwab/Skoolar/SkoolarPlay/node_modules/framer-motion/dist/es/gestures/pan/index.mjs:2:1
Module not found: Can't resolve 'motion-utils'
  [90m1 |[0m [36mimport[0m { [33mFeature[0m, frame } [36mfrom[0m [32m'motion-dom'[0m;
[31m[1m>[0m [90m2 |[0m [36mimport[0m { noop } [36mfrom[0m [32m'motion-utils'[0m;
  [90m  |[0m [31m[1m^^^^^^^^^^^^^^^^^^^^^^^^^^^^^^^^^^^^[0m
  [90m3 |[0m [36mimport[0m { addPointerEvent } [36mfrom[0m [32m'../../events/add-pointer-event.mjs'[0m;
  [90m4 |[0m [36mimport[0m { getContextWindow } [36mfrom[0m [32m'../../utils/get-context-window.mjs'[0m;
  [90m5 |[0m [36mimport[0m { [33mPanSession[0m } [36mfrom[0m [32m'./PanSession.mjs'[0m;



Import traces:
  Client Component Browser:
    ./Documents/Abdut Tawwab/Skoolar/SkoolarPlay/node_modules/framer-motion/dist/es/gestures/pan/index.mjs [Client 
Component Browser]
    ./Documents/Abdut Tawwab/Skoolar/SkoolarPlay/node_modules/framer-motion/dist/es/motion/features/drag.mjs [Client 
Component Browser]
    ./Documents/Abdut 
Tawwab/Skoolar/SkoolarPlay/node_modules/framer-motion/dist/es/render/components/motion/feature-bundle.mjs [Client 
Component Browser]
    ./Documents/Abdut Tawwab/Skoolar/SkoolarPlay/node_modules/framer-motion/dist/es/render/components/motion/proxy.mjs 
[Client Component Browser]
    ./Documents/Abdut Tawwab/Skoolar/SkoolarPlay/src/app/join-group/page.tsx [Client Component Browser]
    ./Documents/Abdut Tawwab/Skoolar/SkoolarPlay/src/app/join-group/page.tsx [Server Component]

  Client Component SSR:
    ./Documents/Abdut Tawwab/Skoolar/SkoolarPlay/node_modules/framer-motion/dist/es/gestures/pan/index.mjs [Client 
Component SSR]
    ./Documents/Abdut Tawwab/Skoolar/SkoolarPlay/node_modules/framer-motion/dist/es/motion/features/drag.mjs [Client 
Component SSR]
    ./Documents/Abdut 
Tawwab/Skoolar/SkoolarPlay/node_modules/framer-motion/dist/es/render/components/motion/feature-bundle.mjs [Client 
Component SSR]
    ./Documents/Abdut Tawwab/Skoolar/SkoolarPlay/node_modules/framer-motion/dist/es/render/components/motion/proxy.mjs 
[Client Component SSR]
    ./Documents/Abdut Tawwab/Skoolar/SkoolarPlay/src/app/join-group/page.tsx [Client Component SSR]
    ./Documents/Abdut Tawwab/Skoolar/SkoolarPlay/src/app/join-group/page.tsx [Server Component]

https://nextjs.org/docs/messages/module-not-found


./Documents/Abdut Tawwab/Skoolar/SkoolarPlay/node_modules/framer-motion/dist/es/motion/index.mjs:3:1
Module not found: Can't resolve 'motion-utils'
  [90m1 |[0m [32m"use client"[0m;
  [90m2 |[0m [36mimport[0m { jsxs, jsx } [36mfrom[0m [32m'react/jsx-runtime'[0m;
[31m[1m>[0m [90m3 |[0m [36mimport[0m { warning, invariant } [36mfrom[0m [32m'motion-utils'[0m;
  [90m  |[0m [31m[1m^^^^^^^^^^^^^^^^^^^^^^^^^^^^^^^^^^^^^^^^^^^^^^^^^^[0m
  [90m4 |[0m [36mimport[0m { forwardRef, useContext } [36mfrom[0m [32m'react'[0m;
  [90m5 |[0m [36mimport[0m { [33mLayoutGroupContext[0m } [36mfrom[0m 
[32m'../context/LayoutGroupContext.mjs'[0m;
  [90m6 |[0m [36mimport[0m { [33mLazyContext[0m } [36mfrom[0m [32m'../context/LazyContext.mjs'[0m;



Import traces:
  Client Component Browser:
    ./Documents/Abdut Tawwab/Skoolar/SkoolarPlay/node_modules/framer-motion/dist/es/motion/index.mjs [Client Component 
Browser]
    ./Documents/Abdut Tawwab/Skoolar/SkoolarPlay/node_modules/framer-motion/dist/es/render/components/create-proxy.mjs 
[Client Component Browser]
    ./Documents/Abdut Tawwab/Skoolar/SkoolarPlay/node_modules/framer-motion/dist/es/render/components/motion/proxy.mjs 
[Client Component Browser]
    ./Documents/Abdut Tawwab/Skoolar/SkoolarPlay/src/app/join-group/page.tsx [Client Component Browser]
    ./Documents/Abdut Tawwab/Skoolar/SkoolarPlay/src/app/join-group/page.tsx [Server Component]

  Client Component SSR:
    ./Documents/Abdut Tawwab/Skoolar/SkoolarPlay/node_modules/framer-motion/dist/es/motion/index.mjs [Client Component 
SSR]
    ./Documents/Abdut Tawwab/Skoolar/SkoolarPlay/node_modules/framer-motion/dist/es/render/components/create-proxy.mjs 
[Client Component SSR]
    ./Documents/Abdut Tawwab/Skoolar/SkoolarPlay/node_modules/framer-motion/dist/es/render/components/motion/proxy.mjs 
[Client Component SSR]
    ./Documents/Abdut Tawwab/Skoolar/SkoolarPlay/src/app/join-group/page.tsx [Client Component SSR]
    ./Documents/Abdut Tawwab/Skoolar/SkoolarPlay/src/app/join-group/page.tsx [Server Component]

https://nextjs.org/docs/messages/module-not-found


./Documents/Abdut Tawwab/Skoolar/SkoolarPlay/node_modules/framer-motion/dist/es/render/components/create-proxy.mjs:1:1
Module not found: Can't resolve 'motion-utils'
[31m[1m>[0m [90m1 |[0m [36mimport[0m { warnOnce } [36mfrom[0m [32m'motion-utils'[0m;
  [90m  |[0m [31m[1m^^^^^^^^^^^^^^^^^^^^^^^^^^^^^^^^^^^^^^^^[0m
  [90m2 |[0m [36mimport[0m { createMotionComponent } [36mfrom[0m [32m'../../motion/index.mjs'[0m;
  [90m3 |[0m
  [90m4 |[0m [36mfunction[0m createMotionProxy(preloadedFeatures, createVisualElement) {



Import traces:
  Client Component Browser:
    ./Documents/Abdut Tawwab/Skoolar/SkoolarPlay/node_modules/framer-motion/dist/es/render/components/create-proxy.mjs 
[Client Component Browser]
    ./Documents/Abdut Tawwab/Skoolar/SkoolarPlay/node_modules/framer-motion/dist/es/render/components/motion/proxy.mjs 
[Client Component Browser]
    ./Documents/Abdut Tawwab/Skoolar/SkoolarPlay/src/app/join-group/page.tsx [Client Component Browser]
    ./Documents/Abdut Tawwab/Skoolar/SkoolarPlay/src/app/join-group/page.tsx [Server Component]

  Client Component SSR:
    ./Documents/Abdut Tawwab/Skoolar/SkoolarPlay/node_modules/framer-motion/dist/es/render/components/create-proxy.mjs 
[Client Component SSR]
    ./Documents/Abdut Tawwab/Skoolar/SkoolarPlay/node_modules/framer-motion/dist/es/render/components/motion/proxy.mjs 
[Client Component SSR]
    ./Documents/Abdut Tawwab/Skoolar/SkoolarPlay/src/app/join-group/page.tsx [Client Component SSR]
    ./Documents/Abdut Tawwab/Skoolar/SkoolarPlay/src/app/join-group/page.tsx [Server Component]

https://nextjs.org/docs/messages/module-not-found


./Documents/Abdut 
Tawwab/Skoolar/SkoolarPlay/node_modules/motion-dom/dist/es/animation/AsyncMotionValueAnimation.mjs:1:1
Module not found: Can't resolve 'motion-utils'
[31m[1m>[0m [90m1 |[0m [36mimport[0m { [33mMotionGlobalConfig[0m, noop } [36mfrom[0m 
[32m'motion-utils'[0m;
  [90m  |[0m [31m[1m^^^^^^^^^^^^^^^^^^^^^^^^^^^^^^^^^^^^^^^^^^^^^^^^^^^^^^^^[0m
  [90m2 |[0m [36mimport[0m { time } [36mfrom[0m [32m'../frameloop/sync-time.mjs'[0m;
  [90m3 |[0m [36mimport[0m { [33mJSAnimation[0m } [36mfrom[0m [32m'./JSAnimation.mjs'[0m;
  [90m4 |[0m [36mimport[0m { getFinalKeyframe } [36mfrom[0m [32m'./keyframes/get-final.mjs'[0m;



Import traces:
  Client Component Browser:
    ./Documents/Abdut 
Tawwab/Skoolar/SkoolarPlay/node_modules/motion-dom/dist/es/animation/AsyncMotionValueAnimation.mjs [Client Component 
Browser]
    ./Documents/Abdut Tawwab/Skoolar/SkoolarPlay/node_modules/motion-dom/dist/es/animation/interfaces/motion-value.mjs 
[Client Component Browser]
    ./Documents/Abdut Tawwab/Skoolar/SkoolarPlay/node_modules/motion-dom/dist/es/animation/animate/single-value.mjs 
[Client Component Browser]
    ./Documents/Abdut 
Tawwab/Skoolar/SkoolarPlay/node_modules/motion-dom/dist/es/projection/node/create-projection-node.mjs [Client 
Component Browser]
    ./Documents/Abdut 
Tawwab/Skoolar/SkoolarPlay/node_modules/motion-dom/dist/es/projection/node/HTMLProjectionNode.mjs [Client Component 
Browser]
    ./Documents/Abdut Tawwab/Skoolar/SkoolarPlay/node_modules/framer-motion/dist/es/motion/features/layout.mjs [Client 
Component Browser]
    ./Documents/Abdut 
Tawwab/Skoolar/SkoolarPlay/node_modules/framer-motion/dist/es/render/components/motion/feature-bundle.mjs [Client 
Component Browser]
    ./Documents/Abdut Tawwab/Skoolar/SkoolarPlay/node_modules/framer-motion/dist/es/render/components/motion/proxy.mjs 
[Client Component Browser]
    ./Documents/Abdut Tawwab/Skoolar/SkoolarPlay/src/app/join-group/page.tsx [Client Component Browser]
    ./Documents/Abdut Tawwab/Skoolar/SkoolarPlay/src/app/join-group/page.tsx [Server Component]

  Client Component SSR:
    ./Documents/Abdut 
Tawwab/Skoolar/SkoolarPlay/node_modules/motion-dom/dist/es/animation/AsyncMotionValueAnimation.mjs [Client Component 
SSR]
    ./Documents/Abdut Tawwab/Skoolar/SkoolarPlay/node_modules/motion-dom/dist/es/animation/interfaces/motion-value.mjs 
[Client Component SSR]
    ./Documents/Abdut Tawwab/Skoolar/SkoolarPlay/node_modules/motion-dom/dist/es/animation/animate/single-value.mjs 
[Client Component SSR]
    ./Documents/Abdut 
Tawwab/Skoolar/SkoolarPlay/node_modules/motion-dom/dist/es/projection/node/create-projection-node.mjs [Client 
Component SSR]
    ./Documents/Abdut 
Tawwab/Skoolar/SkoolarPlay/node_modules/motion-dom/dist/es/projection/node/HTMLProjectionNode.mjs [Client Component 
SSR]
    ./Documents/Abdut Tawwab/Skoolar/SkoolarPlay/node_modules/framer-motion/dist/es/motion/features/layout.mjs [Client 
Component SSR]
    ./Documents/Abdut 
Tawwab/Skoolar/SkoolarPlay/node_modules/framer-motion/dist/es/render/components/motion/feature-bundle.mjs [Client 
Component SSR]
    ./Documents/Abdut Tawwab/Skoolar/SkoolarPlay/node_modules/framer-motion/dist/es/render/components/motion/proxy.mjs 
[Client Component SSR]
    ./Documents/Abdut Tawwab/Skoolar/SkoolarPlay/src/app/join-group/page.tsx [Client Component SSR]
    ./Documents/Abdut Tawwab/Skoolar/SkoolarPlay/src/app/join-group/page.tsx [Server Component]

https://nextjs.org/docs/messages/module-not-found


./Documents/Abdut Tawwab/Skoolar/SkoolarPlay/node_modules/motion-dom/dist/es/animation/JSAnimation.mjs:1:1
Module not found: Can't resolve 'motion-utils'
[31m[1m>[0m [90m1 |[0m ... { invariant, pipe, clamp, millisecondsToSeconds, secondsToMilliseconds } [36mfrom[0m 
[32m'motion-u...[0m
  [90m  |[0m    
[31m[1m^^^^^^^^^^^^^^^^^^^^^^^^^^^^^^^^^^^^^^^^^^^^^^^^^^^^^^^^^^^^^^^^^^^^^^^^^^^^^^^^^^^^^^^^^^^[0m
  [90m2 |[0m ... { time } [36mfrom[0m [32m'../frameloop/sync-time.mjs'[0m;
  [90m3 |[0m ... { activeAnimations } [36mfrom[0m [32m'../stats/animation-count.mjs'[0m;
  [90m4 |[0m ... { mix } [36mfrom[0m [32m'../utils/mix/index.mjs'[0m;



Import traces:
  Client Component Browser:
    ./Documents/Abdut Tawwab/Skoolar/SkoolarPlay/node_modules/motion-dom/dist/es/animation/JSAnimation.mjs [Client 
Component Browser]
    ./Documents/Abdut Tawwab/Skoolar/SkoolarPlay/node_modules/motion-dom/dist/es/animation/interfaces/motion-value.mjs 
[Client Component Browser]
    ./Documents/Abdut Tawwab/Skoolar/SkoolarPlay/node_modules/motion-dom/dist/es/animation/animate/single-value.mjs 
[Client Component Browser]
    ./Documents/Abdut 
Tawwab/Skoolar/SkoolarPlay/node_modules/motion-dom/dist/es/projection/node/create-projection-node.mjs [Client 
Component Browser]
    ./Documents/Abdut 
Tawwab/Skoolar/SkoolarPlay/node_modules/motion-dom/dist/es/projection/node/HTMLProjectionNode.mjs [Client Component 
Browser]
    ./Documents/Abdut Tawwab/Skoolar/SkoolarPlay/node_modules/framer-motion/dist/es/motion/features/layout.mjs [Client 
Component Browser]
    ./Documents/Abdut 
Tawwab/Skoolar/SkoolarPlay/node_modules/framer-motion/dist/es/render/components/motion/feature-bundle.mjs [Client 
Component Browser]
    ./Documents/Abdut Tawwab/Skoolar/SkoolarPlay/node_modules/framer-motion/dist/es/render/components/motion/proxy.mjs 
[Client Component Browser]
    ./Documents/Abdut Tawwab/Skoolar/SkoolarPlay/src/app/join-group/page.tsx [Client Component Browser]
    ./Documents/Abdut Tawwab/Skoolar/SkoolarPlay/src/app/join-group/page.tsx [Server Component]

  Client Component SSR:
    ./Documents/Abdut Tawwab/Skoolar/SkoolarPlay/node_modules/motion-dom/dist/es/animation/JSAnimation.mjs [Client 
Component SSR]
    ./Documents/Abdut Tawwab/Skoolar/SkoolarPlay/node_modules/motion-dom/dist/es/animation/interfaces/motion-value.mjs 
[Client Component SSR]
    ./Documents/Abdut Tawwab/Skoolar/SkoolarPlay/node_modules/motion-dom/dist/es/animation/animate/single-value.mjs 
[Client Component SSR]
    ./Documents/Abdut 
Tawwab/Skoolar/SkoolarPlay/node_modules/motion-dom/dist/es/projection/node/create-projection-node.mjs [Client 
Component SSR]
    ./Documents/Abdut 
Tawwab/Skoolar/SkoolarPlay/node_modules/motion-dom/dist/es/projection/node/HTMLProjectionNode.mjs [Client Component 
SSR]
    ./Documents/Abdut Tawwab/Skoolar/SkoolarPlay/node_modules/framer-motion/dist/es/motion/features/layout.mjs [Client 
Component SSR]
    ./Documents/Abdut 
Tawwab/Skoolar/SkoolarPlay/node_modules/framer-motion/dist/es/render/components/motion/feature-bundle.mjs [Client 
Component SSR]
    ./Documents/Abdut Tawwab/Skoolar/SkoolarPlay/node_modules/framer-motion/dist/es/render/components/motion/proxy.mjs 
[Client Component SSR]
    ./Documents/Abdut Tawwab/Skoolar/SkoolarPlay/src/app/join-group/page.tsx [Client Component SSR]
    ./Documents/Abdut Tawwab/Skoolar/SkoolarPlay/src/app/join-group/page.tsx [Server Component]

https://nextjs.org/docs/messages/module-not-found


./Documents/Abdut Tawwab/Skoolar/SkoolarPlay/node_modules/motion-dom/dist/es/animation/NativeAnimation.mjs:1:1
Module not found: Can't resolve 'motion-utils'
[31m[1m>[0m [90m1 |[0m [36mimport[0m { invariant, millisecondsToSeconds, secondsToMilliseconds, noop } 
[36mfrom[0m [32m'motion-utils'[0m;
  [90m  |[0m 
[31m[1m^^^^^^^^^^^^^^^^^^^^^^^^^^^^^^^^^^^^^^^^^^^^^^^^^^^^^^^^^^^^^^^^^^^^^^^^^^^^^^^^^^^^^^^^^^^^^[0m
  [90m2 |[0m [36mimport[0m { setStyle } [36mfrom[0m [32m'../render/dom/style-set.mjs'[0m;
  [90m3 |[0m [36mimport[0m { supportsScrollTimeline } [36mfrom[0m 
[32m'../utils/supports/scroll-timeline.mjs'[0m;
  [90m4 |[0m [36mimport[0m { getFinalKeyframe } [36mfrom[0m [32m'./keyframes/get-final.mjs'[0m;



Import traces:
  Client Component Browser:
    ./Documents/Abdut Tawwab/Skoolar/SkoolarPlay/node_modules/motion-dom/dist/es/animation/NativeAnimation.mjs [Client 
Component Browser]
    ./Documents/Abdut Tawwab/Skoolar/SkoolarPlay/node_modules/motion-dom/dist/es/render/VisualElement.mjs [Client 
Component Browser]
    ./Documents/Abdut Tawwab/Skoolar/SkoolarPlay/node_modules/framer-motion/dist/es/motion/features/definitions.mjs 
[Client Component Browser]
    ./Documents/Abdut Tawwab/Skoolar/SkoolarPlay/node_modules/framer-motion/dist/es/motion/index.mjs [Client Component 
Browser]
    ./Documents/Abdut Tawwab/Skoolar/SkoolarPlay/node_modules/framer-motion/dist/es/render/components/create-proxy.mjs 
[Client Component Browser]
    ./Documents/Abdut Tawwab/Skoolar/SkoolarPlay/node_modules/framer-motion/dist/es/render/components/motion/proxy.mjs 
[Client Component Browser]
    ./Documents/Abdut Tawwab/Skoolar/SkoolarPlay/src/app/join-group/page.tsx [Client Component Browser]
    ./Documents/Abdut Tawwab/Skoolar/SkoolarPlay/src/app/join-group/page.tsx [Server Component]

  Client Component SSR:
    ./Documents/Abdut Tawwab/Skoolar/SkoolarPlay/node_modules/motion-dom/dist/es/animation/NativeAnimation.mjs [Client 
Component SSR]
    ./Documents/Abdut Tawwab/Skoolar/SkoolarPlay/node_modules/motion-dom/dist/es/render/VisualElement.mjs [Client 
Component SSR]
    ./Documents/Abdut Tawwab/Skoolar/SkoolarPlay/node_modules/framer-motion/dist/es/motion/features/definitions.mjs 
[Client Component SSR]
    ./Documents/Abdut Tawwab/Skoolar/SkoolarPlay/node_modules/framer-motion/dist/es/motion/index.mjs [Client Component 
SSR]
    ./Documents/Abdut Tawwab/Skoolar/SkoolarPlay/node_modules/framer-motion/dist/es/render/components/create-proxy.mjs 
[Client Component SSR]
    ./Documents/Abdut Tawwab/Skoolar/SkoolarPlay/node_modules/framer-motion/dist/es/render/components/motion/proxy.mjs 
[Client Component SSR]
    ./Documents/Abdut Tawwab/Skoolar/SkoolarPlay/src/app/join-group/page.tsx [Client Component SSR]
    ./Documents/Abdut Tawwab/Skoolar/SkoolarPlay/src/app/join-group/page.tsx [Server Component]

https://nextjs.org/docs/messages/module-not-found


./Documents/Abdut Tawwab/Skoolar/SkoolarPlay/node_modules/motion-dom/dist/es/animation/NativeAnimationExtended.mjs:1:1
Module not found: Can't resolve 'motion-utils'
[31m[1m>[0m [90m1 |[0m [36mimport[0m { clamp } [36mfrom[0m [32m'motion-utils'[0m;
  [90m  |[0m [31m[1m^^^^^^^^^^^^^^^^^^^^^^^^^^^^^^^^^^^^^[0m
  [90m2 |[0m [36mimport[0m { time } [36mfrom[0m [32m'../frameloop/sync-time.mjs'[0m;
  [90m3 |[0m [36mimport[0m { setStyle } [36mfrom[0m [32m'../render/dom/style-set.mjs'[0m;
  [90m4 |[0m [36mimport[0m { [33mJSAnimation[0m } [36mfrom[0m [32m'./JSAnimation.mjs'[0m;



Import traces:
  Client Component Browser:
    ./Documents/Abdut Tawwab/Skoolar/SkoolarPlay/node_modules/motion-dom/dist/es/animation/NativeAnimationExtended.mjs 
[Client Component Browser]
    ./Documents/Abdut 
Tawwab/Skoolar/SkoolarPlay/node_modules/motion-dom/dist/es/animation/AsyncMotionValueAnimation.mjs [Client Component 
Browser]
    ./Documents/Abdut Tawwab/Skoolar/SkoolarPlay/node_modules/motion-dom/dist/es/animation/interfaces/motion-value.mjs 
[Client Component Browser]
    ./Documents/Abdut Tawwab/Skoolar/SkoolarPlay/node_modules/motion-dom/dist/es/animation/animate/single-value.mjs 
[Client Component Browser]
    ./Documents/Abdut 
Tawwab/Skoolar/SkoolarPlay/node_modules/motion-dom/dist/es/projection/node/create-projection-node.mjs [Client 
Component Browser]
    ./Documents/Abdut 
Tawwab/Skoolar/SkoolarPlay/node_modules/motion-dom/dist/es/projection/node/HTMLProjectionNode.mjs [Client Component 
Browser]
    ./Documents/Abdut Tawwab/Skoolar/SkoolarPlay/node_modules/framer-motion/dist/es/motion/features/layout.mjs [Client 
Component Browser]
    ./Documents/Abdut 
Tawwab/Skoolar/SkoolarPlay/node_modules/framer-motion/dist/es/render/components/motion/feature-bundle.mjs [Client 
Component Browser]
    ./Documents/Abdut Tawwab/Skoolar/SkoolarPlay/node_modules/framer-motion/dist/es/render/components/motion/proxy.mjs 
[Client Component Browser]
    ./Documents/Abdut Tawwab/Skoolar/SkoolarPlay/src/app/join-group/page.tsx [Client Component Browser]
    ./Documents/Abdut Tawwab/Skoolar/SkoolarPlay/src/app/join-group/page.tsx [Server Component]

  Client Component SSR:
    ./Documents/Abdut Tawwab/Skoolar/SkoolarPlay/node_modules/motion-dom/dist/es/animation/NativeAnimationExtended.mjs 
[Client Component SSR]
    ./Documents/Abdut 
Tawwab/Skoolar/SkoolarPlay/node_modules/motion-dom/dist/es/animation/AsyncMotionValueAnimation.mjs [Client Component 
SSR]
    ./Documents/Abdut Tawwab/Skoolar/SkoolarPlay/node_modules/motion-dom/dist/es/animation/interfaces/motion-value.mjs 
[Client Component SSR]
    ./Documents/Abdut Tawwab/Skoolar/SkoolarPlay/node_modules/motion-dom/dist/es/animation/animate/single-value.mjs 
[Client Component SSR]
    ./Documents/Abdut 
Tawwab/Skoolar/SkoolarPlay/node_modules/motion-dom/dist/es/projection/node/create-projection-node.mjs [Client 
Component SSR]
    ./Documents/Abdut 
Tawwab/Skoolar/SkoolarPlay/node_modules/motion-dom/dist/es/projection/node/HTMLProjectionNode.mjs [Client Component 
SSR]
    ./Documents/Abdut Tawwab/Skoolar/SkoolarPlay/node_modules/framer-motion/dist/es/motion/features/layout.mjs [Client 
Component SSR]
    ./Documents/Abdut 
Tawwab/Skoolar/SkoolarPlay/node_modules/framer-motion/dist/es/render/components/motion/feature-bundle.mjs [Client 
Component SSR]
    ./Documents/Abdut Tawwab/Skoolar/SkoolarPlay/node_modules/framer-motion/dist/es/render/components/motion/proxy.mjs 
[Client Component SSR]
    ./Documents/Abdut Tawwab/Skoolar/SkoolarPlay/src/app/join-group/page.tsx [Client Component SSR]
    ./Documents/Abdut Tawwab/Skoolar/SkoolarPlay/src/app/join-group/page.tsx [Server Component]

https://nextjs.org/docs/messages/module-not-found


./Documents/Abdut Tawwab/Skoolar/SkoolarPlay/node_modules/motion-dom/dist/es/animation/generators/keyframes.mjs:1:1
Module not found: Can't resolve 'motion-utils'
[31m[1m>[0m [90m1 |[0m [36mimport[0m { easeInOut, isEasingArray, easingDefinitionToFunction } [36mfrom[0m 
[32m'motion-utils'[0m;
  [90m  |[0m [31m[1m^^^^^^^^^^^^^^^^^^^^^^^^^^^^^^^^^^^^^^^^^^^^^^^^^^^^^^^^^^^^^^^^^^^^^^^^^^^^^^^^^^^^[0m
  [90m2 |[0m [36mimport[0m { interpolate } [36mfrom[0m [32m'../../utils/interpolate.mjs'[0m;
  [90m3 |[0m [36mimport[0m { defaultOffset } [36mfrom[0m [32m'../keyframes/offsets/default.mjs'[0m;
  [90m4 |[0m [36mimport[0m { convertOffsetToTimes } [36mfrom[0m [32m'../keyframes/offsets/time.mjs'[0m;



Import traces:
  Client Component Browser:
    ./Documents/Abdut Tawwab/Skoolar/SkoolarPlay/node_modules/motion-dom/dist/es/animation/generators/keyframes.mjs 
[Client Component Browser]
    ./Documents/Abdut Tawwab/Skoolar/SkoolarPlay/node_modules/motion-dom/dist/es/animation/JSAnimation.mjs [Client 
Component Browser]
    ./Documents/Abdut Tawwab/Skoolar/SkoolarPlay/node_modules/motion-dom/dist/es/animation/interfaces/motion-value.mjs 
[Client Component Browser]
    ./Documents/Abdut Tawwab/Skoolar/SkoolarPlay/node_modules/motion-dom/dist/es/animation/animate/single-value.mjs 
[Client Component Browser]
    ./Documents/Abdut 
Tawwab/Skoolar/SkoolarPlay/node_modules/motion-dom/dist/es/projection/node/create-projection-node.mjs [Client 
Component Browser]
    ./Documents/Abdut 
Tawwab/Skoolar/SkoolarPlay/node_modules/motion-dom/dist/es/projection/node/HTMLProjectionNode.mjs [Client Component 
Browser]
    ./Documents/Abdut Tawwab/Skoolar/SkoolarPlay/node_modules/framer-motion/dist/es/motion/features/layout.mjs [Client 
Component Browser]
    ./Documents/Abdut 
Tawwab/Skoolar/SkoolarPlay/node_modules/framer-motion/dist/es/render/components/motion/feature-bundle.mjs [Client 
Component Browser]
    ./Documents/Abdut Tawwab/Skoolar/SkoolarPlay/node_modules/framer-motion/dist/es/render/components/motion/proxy.mjs 
[Client Component Browser]
    ./Documents/Abdut Tawwab/Skoolar/SkoolarPlay/src/app/join-group/page.tsx [Client Component Browser]
    ./Documents/Abdut Tawwab/Skoolar/SkoolarPlay/src/app/join-group/page.tsx [Server Component]

  Client Component SSR:
    ./Documents/Abdut Tawwab/Skoolar/SkoolarPlay/node_modules/motion-dom/dist/es/animation/generators/keyframes.mjs 
[Client Component SSR]
    ./Documents/Abdut Tawwab/Skoolar/SkoolarPlay/node_modules/motion-dom/dist/es/animation/JSAnimation.mjs [Client 
Component SSR]
    ./Documents/Abdut Tawwab/Skoolar/SkoolarPlay/node_modules/motion-dom/dist/es/animation/interfaces/motion-value.mjs 
[Client Component SSR]
    ./Documents/Abdut Tawwab/Skoolar/SkoolarPlay/node_modules/motion-dom/dist/es/animation/animate/single-value.mjs 
[Client Component SSR]
    ./Documents/Abdut 
Tawwab/Skoolar/SkoolarPlay/node_modules/motion-dom/dist/es/projection/node/create-projection-node.mjs [Client 
Component SSR]
    ./Documents/Abdut 
Tawwab/Skoolar/SkoolarPlay/node_modules/motion-dom/dist/es/projection/node/HTMLProjectionNode.mjs [Client Component 
SSR]
    ./Documents/Abdut Tawwab/Skoolar/SkoolarPlay/node_modules/framer-motion/dist/es/motion/features/layout.mjs [Client 
Component SSR]
    ./Documents/Abdut 
Tawwab/Skoolar/SkoolarPlay/node_modules/framer-motion/dist/es/render/components/motion/feature-bundle.mjs [Client 
Component SSR]
    ./Documents/Abdut Tawwab/Skoolar/SkoolarPlay/node_modules/framer-motion/dist/es/render/components/motion/proxy.mjs 
[Client Component SSR]
    ./Documents/Abdut Tawwab/Skoolar/SkoolarPlay/src/app/join-group/page.tsx [Client Component SSR]
    ./Documents/Abdut Tawwab/Skoolar/SkoolarPlay/src/app/join-group/page.tsx [Server Component]

https://nextjs.org/docs/messages/module-not-found


./Documents/Abdut Tawwab/Skoolar/SkoolarPlay/node_modules/motion-dom/dist/es/animation/generators/spring.mjs:1:1
Module not found: Can't resolve 'motion-utils'
[31m[1m>[0m [90m1 |[0m [36mimport[0m { millisecondsToSeconds, clamp, secondsToMilliseconds, warning } 
[36mfrom[0m [32m'motion-utils'[0m;
  [90m  |[0m 
[31m[1m^^^^^^^^^^^^^^^^^^^^^^^^^^^^^^^^^^^^^^^^^^^^^^^^^^^^^^^^^^^^^^^^^^^^^^^^^^^^^^^^^^^^^^^^^^^^[0m
  [90m2 |[0m [36mimport[0m { generateLinearEasing } [36mfrom[0m [32m'../waapi/utils/linear.mjs'[0m;
  [90m3 |[0m [36mimport[0m { calcGeneratorDuration, maxGeneratorDuration } [36mfrom[0m 
[32m'./utils/calc-duration.mjs'[0m;
  [90m4 |[0m [36mimport[0m { createGeneratorEasing } [36mfrom[0m [32m'./utils/create-generator-easing.mjs'[0m;



Import traces:
  Client Component Browser:
    ./Documents/Abdut Tawwab/Skoolar/SkoolarPlay/node_modules/motion-dom/dist/es/animation/generators/spring.mjs 
[Client Component Browser]
    ./Documents/Abdut 
Tawwab/Skoolar/SkoolarPlay/node_modules/motion-dom/dist/es/animation/utils/replace-transition-type.mjs [Client 
Component Browser]
    ./Documents/Abdut Tawwab/Skoolar/SkoolarPlay/node_modules/motion-dom/dist/es/animation/JSAnimation.mjs [Client 
Component Browser]
    ./Documents/Abdut Tawwab/Skoolar/SkoolarPlay/node_modules/motion-dom/dist/es/animation/interfaces/motion-value.mjs 
[Client Component Browser]
    ./Documents/Abdut Tawwab/Skoolar/SkoolarPlay/node_modules/motion-dom/dist/es/animation/animate/single-value.mjs 
[Client Component Browser]
    ./Documents/Abdut 
Tawwab/Skoolar/SkoolarPlay/node_modules/motion-dom/dist/es/projection/node/create-projection-node.mjs [Client 
Component Browser]
    ./Documents/Abdut 
Tawwab/Skoolar/SkoolarPlay/node_modules/motion-dom/dist/es/projection/node/HTMLProjectionNode.mjs [Client Component 
Browser]
    ./Documents/Abdut Tawwab/Skoolar/SkoolarPlay/node_modules/framer-motion/dist/es/motion/features/layout.mjs [Client 
Component Browser]
    ./Documents/Abdut 
Tawwab/Skoolar/SkoolarPlay/node_modules/framer-motion/dist/es/render/components/motion/feature-bundle.mjs [Client 
Component Browser]
    ./Documents/Abdut Tawwab/Skoolar/SkoolarPlay/node_modules/framer-motion/dist/es/render/components/motion/proxy.mjs 
[Client Component Browser]
    ./Documents/Abdut Tawwab/Skoolar/SkoolarPlay/src/app/join-group/page.tsx [Client Component Browser]
    ./Documents/Abdut Tawwab/Skoolar/SkoolarPlay/src/app/join-group/page.tsx [Server Component]

  Client Component SSR:
    ./Documents/Abdut Tawwab/Skoolar/SkoolarPlay/node_modules/motion-dom/dist/es/animation/generators/spring.mjs 
[Client Component SSR]
    ./Documents/Abdut 
Tawwab/Skoolar/SkoolarPlay/node_modules/motion-dom/dist/es/animation/utils/replace-transition-type.mjs [Client 
Component SSR]
    ./Documents/Abdut Tawwab/Skoolar/SkoolarPlay/node_modules/motion-dom/dist/es/animation/JSAnimation.mjs [Client 
Component SSR]
    ./Documents/Abdut Tawwab/Skoolar/SkoolarPlay/node_modules/motion-dom/dist/es/animation/interfaces/motion-value.mjs 
[Client Component SSR]
    ./Documents/Abdut Tawwab/Skoolar/SkoolarPlay/node_modules/motion-dom/dist/es/animation/animate/single-value.mjs 
[Client Component SSR]
    ./Documents/Abdut 
Tawwab/Skoolar/SkoolarPlay/node_modules/motion-dom/dist/es/projection/node/create-projection-node.mjs [Client 
Component SSR]
    ./Documents/Abdut 
Tawwab/Skoolar/SkoolarPlay/node_modules/motion-dom/dist/es/projection/node/HTMLProjectionNode.mjs [Client Component 
SSR]
    ./Documents/Abdut Tawwab/Skoolar/SkoolarPlay/node_modules/framer-motion/dist/es/motion/features/layout.mjs [Client 
Component SSR]
    ./Documents/Abdut 
Tawwab/Skoolar/SkoolarPlay/node_modules/framer-motion/dist/es/render/components/motion/feature-bundle.mjs [Client 
Component SSR]
    ./Documents/Abdut Tawwab/Skoolar/SkoolarPlay/node_modules/framer-motion/dist/es/render/components/motion/proxy.mjs 
[Client Component SSR]
    ./Documents/Abdut Tawwab/Skoolar/SkoolarPlay/src/app/join-group/page.tsx [Client Component SSR]
    ./Documents/Abdut Tawwab/Skoolar/SkoolarPlay/src/app/join-group/page.tsx [Server Component]

https://nextjs.org/docs/messages/module-not-found


./Documents/Abdut 
Tawwab/Skoolar/SkoolarPlay/node_modules/motion-dom/dist/es/animation/generators/utils/create-generator-easing.mjs:1:1
Module not found: Can't resolve 'motion-utils'
[31m[1m>[0m [90m1 |[0m [36mimport[0m { millisecondsToSeconds } [36mfrom[0m [32m'motion-utils'[0m;
  [90m  |[0m [31m[1m^^^^^^^^^^^^^^^^^^^^^^^^^^^^^^^^^^^^^^^^^^^^^^^^^^^^^[0m
  [90m2 |[0m [36mimport[0m { calcGeneratorDuration, maxGeneratorDuration } [36mfrom[0m 
[32m'./calc-duration.mjs'[0m;
  [90m3 |[0m
  [90m4 |[0m /**



Import traces:
  Client Component Browser:
    ./Documents/Abdut 
Tawwab/Skoolar/SkoolarPlay/node_modules/motion-dom/dist/es/animation/generators/utils/create-generator-easing.mjs 
[Client Component Browser]
    ./Documents/Abdut Tawwab/Skoolar/SkoolarPlay/node_modules/motion-dom/dist/es/animation/generators/spring.mjs 
[Client Component Browser]
    ./Documents/Abdut 
Tawwab/Skoolar/SkoolarPlay/node_modules/motion-dom/dist/es/animation/utils/replace-transition-type.mjs [Client 
Component Browser]
    ./Documents/Abdut Tawwab/Skoolar/SkoolarPlay/node_modules/motion-dom/dist/es/animation/JSAnimation.mjs [Client 
Component Browser]
    ./Documents/Abdut Tawwab/Skoolar/SkoolarPlay/node_modules/motion-dom/dist/es/animation/interfaces/motion-value.mjs 
[Client Component Browser]
    ./Documents/Abdut Tawwab/Skoolar/SkoolarPlay/node_modules/motion-dom/dist/es/animation/animate/single-value.mjs 
[Client Component Browser]
    ./Documents/Abdut 
Tawwab/Skoolar/SkoolarPlay/node_modules/motion-dom/dist/es/projection/node/create-projection-node.mjs [Client 
Component Browser]
    ./Documents/Abdut 
Tawwab/Skoolar/SkoolarPlay/node_modules/motion-dom/dist/es/projection/node/HTMLProjectionNode.mjs [Client Component 
Browser]
    ./Documents/Abdut Tawwab/Skoolar/SkoolarPlay/node_modules/framer-motion/dist/es/motion/features/layout.mjs [Client 
Component Browser]
    ./Documents/Abdut 
Tawwab/Skoolar/SkoolarPlay/node_modules/framer-motion/dist/es/render/components/motion/feature-bundle.mjs [Client 
Component Browser]
    ./Documents/Abdut Tawwab/Skoolar/SkoolarPlay/node_modules/framer-motion/dist/es/render/components/motion/proxy.mjs 
[Client Component Browser]
    ./Documents/Abdut Tawwab/Skoolar/SkoolarPlay/src/app/join-group/page.tsx [Client Component Browser]
    ./Documents/Abdut Tawwab/Skoolar/SkoolarPlay/src/app/join-group/page.tsx [Server Component]

  Client Component SSR:
    ./Documents/Abdut 
Tawwab/Skoolar/SkoolarPlay/node_modules/motion-dom/dist/es/animation/generators/utils/create-generator-easing.mjs 
[Client Component SSR]
    ./Documents/Abdut Tawwab/Skoolar/SkoolarPlay/node_modules/motion-dom/dist/es/animation/generators/spring.mjs 
[Client Component SSR]
    ./Documents/Abdut 
Tawwab/Skoolar/SkoolarPlay/node_modules/motion-dom/dist/es/animation/utils/replace-transition-type.mjs [Client 
Component SSR]
    ./Documents/Abdut Tawwab/Skoolar/SkoolarPlay/node_modules/motion-dom/dist/es/animation/JSAnimation.mjs [Client 
Component SSR]
    ./Documents/Abdut Tawwab/Skoolar/SkoolarPlay/node_modules/motion-dom/dist/es/animation/interfaces/motion-value.mjs 
[Client Component SSR]
    ./Documents/Abdut Tawwab/Skoolar/SkoolarPlay/node_modules/motion-dom/dist/es/animation/animate/single-value.mjs 
[Client Component SSR]
    ./Documents/Abdut 
Tawwab/Skoolar/SkoolarPlay/node_modules/motion-dom/dist/es/projection/node/create-projection-node.mjs [Client 
Component SSR]
    ./Documents/Abdut 
Tawwab/Skoolar/SkoolarPlay/node_modules/motion-dom/dist/es/projection/node/HTMLProjectionNode.mjs [Client Component 
SSR]
    ./Documents/Abdut Tawwab/Skoolar/SkoolarPlay/node_modules/framer-motion/dist/es/motion/features/layout.mjs [Client 
Component SSR]
    ./Documents/Abdut 
Tawwab/Skoolar/SkoolarPlay/node_modules/framer-motion/dist/es/render/components/motion/feature-bundle.mjs [Client 
Component SSR]
    ./Documents/Abdut Tawwab/Skoolar/SkoolarPlay/node_modules/framer-motion/dist/es/render/components/motion/proxy.mjs 
[Client Component SSR]
    ./Documents/Abdut Tawwab/Skoolar/SkoolarPlay/src/app/join-group/page.tsx [Client Component SSR]
    ./Documents/Abdut Tawwab/Skoolar/SkoolarPlay/src/app/join-group/page.tsx [Server Component]

https://nextjs.org/docs/messages/module-not-found


./Documents/Abdut 
Tawwab/Skoolar/SkoolarPlay/node_modules/motion-dom/dist/es/animation/generators/utils/velocity.mjs:1:1
Module not found: Can't resolve 'motion-utils'
[31m[1m>[0m [90m1 |[0m [36mimport[0m { velocityPerSecond } [36mfrom[0m [32m'motion-utils'[0m;
  [90m  |[0m [31m[1m^^^^^^^^^^^^^^^^^^^^^^^^^^^^^^^^^^^^^^^^^^^^^^^^^[0m
  [90m2 |[0m
  [90m3 |[0m [36mconst[0m velocitySampleDuration = [35m5[0m; [90m// ms[0m
  [90m4 |[0m [36mfunction[0m getGeneratorVelocity(resolveValue, t, current) {



Import traces:
  Client Component Browser:
    ./Documents/Abdut 
Tawwab/Skoolar/SkoolarPlay/node_modules/motion-dom/dist/es/animation/generators/utils/velocity.mjs [Client Component 
Browser]
    ./Documents/Abdut Tawwab/Skoolar/SkoolarPlay/node_modules/motion-dom/dist/es/animation/JSAnimation.mjs [Client 
Component Browser]
    ./Documents/Abdut Tawwab/Skoolar/SkoolarPlay/node_modules/motion-dom/dist/es/animation/interfaces/motion-value.mjs 
[Client Component Browser]
    ./Documents/Abdut Tawwab/Skoolar/SkoolarPlay/node_modules/motion-dom/dist/es/animation/animate/single-value.mjs 
[Client Component Browser]
    ./Documents/Abdut 
Tawwab/Skoolar/SkoolarPlay/node_modules/motion-dom/dist/es/projection/node/create-projection-node.mjs [Client 
Component Browser]
    ./Documents/Abdut 
Tawwab/Skoolar/SkoolarPlay/node_modules/motion-dom/dist/es/projection/node/HTMLProjectionNode.mjs [Client Component 
Browser]
    ./Documents/Abdut Tawwab/Skoolar/SkoolarPlay/node_modules/framer-motion/dist/es/motion/features/layout.mjs [Client 
Component Browser]
    ./Documents/Abdut 
Tawwab/Skoolar/SkoolarPlay/node_modules/framer-motion/dist/es/render/components/motion/feature-bundle.mjs [Client 
Component Browser]
    ./Documents/Abdut Tawwab/Skoolar/SkoolarPlay/node_modules/framer-motion/dist/es/render/components/motion/proxy.mjs 
[Client Component Browser]
    ./Documents/Abdut Tawwab/Skoolar/SkoolarPlay/src/app/join-group/page.tsx [Client Component Browser]
    ./Documents/Abdut Tawwab/Skoolar/SkoolarPlay/src/app/join-group/page.tsx [Server Component]

  Client Component SSR:
    ./Documents/Abdut 
Tawwab/Skoolar/SkoolarPlay/node_modules/motion-dom/dist/es/animation/generators/utils/velocity.mjs [Client Component 
SSR]
    ./Documents/Abdut Tawwab/Skoolar/SkoolarPlay/node_modules/motion-dom/dist/es/animation/JSAnimation.mjs [Client 
Component SSR]
    ./Documents/Abdut Tawwab/Skoolar/SkoolarPlay/node_modules/motion-dom/dist/es/animation/interfaces/motion-value.mjs 
[Client Component SSR]
    ./Documents/Abdut Tawwab/Skoolar/SkoolarPlay/node_modules/motion-dom/dist/es/animation/animate/single-value.mjs 
[Client Component SSR]
    ./Documents/Abdut 
Tawwab/Skoolar/SkoolarPlay/node_modules/motion-dom/dist/es/projection/node/create-projection-node.mjs [Client 
Component SSR]
    ./Documents/Abdut 
Tawwab/Skoolar/SkoolarPlay/node_modules/motion-dom/dist/es/projection/node/HTMLProjectionNode.mjs [Client Component 
SSR]
    ./Documents/Abdut Tawwab/Skoolar/SkoolarPlay/node_modules/framer-motion/dist/es/motion/features/layout.mjs [Client 
Component SSR]
    ./Documents/Abdut 
Tawwab/Skoolar/SkoolarPlay/node_modules/framer-motion/dist/es/render/components/motion/feature-bundle.mjs [Client 
Component SSR]
    ./Documents/Abdut Tawwab/Skoolar/SkoolarPlay/node_modules/framer-motion/dist/es/render/components/motion/proxy.mjs 
[Client Component SSR]
    ./Documents/Abdut Tawwab/Skoolar/SkoolarPlay/src/app/join-group/page.tsx [Client Component SSR]
    ./Documents/Abdut Tawwab/Skoolar/SkoolarPlay/src/app/join-group/page.tsx [Server Component]

https://nextjs.org/docs/messages/module-not-found


./Documents/Abdut Tawwab/Skoolar/SkoolarPlay/node_modules/motion-dom/dist/es/animation/interfaces/motion-value.mjs:1:1
Module not found: Can't resolve 'motion-utils'
[31m[1m>[0m [90m1 |[0m [36mimport[0m { secondsToMilliseconds, [33mMotionGlobalConfig[0m } [36mfrom[0m 
[32m'motion-utils'[0m;
  [90m  |[0m [31m[1m^^^^^^^^^^^^^^^^^^^^^^^^^^^^^^^^^^^^^^^^^^^^^^^^^^^^^^^^^^^^^^^^^^^^^^^^^[0m
  [90m2 |[0m [36mimport[0m { [33mAsyncMotionValueAnimation[0m } [36mfrom[0m 
[32m'../AsyncMotionValueAnimation.mjs'[0m;
  [90m3 |[0m [36mimport[0m { [33mJSAnimation[0m } [36mfrom[0m [32m'../JSAnimation.mjs'[0m;
  [90m4 |[0m [36mimport[0m { getValueTransition } [36mfrom[0m [32m'../utils/get-value-transition.mjs'[0m;



Import traces:
  Client Component Browser:
    ./Documents/Abdut Tawwab/Skoolar/SkoolarPlay/node_modules/motion-dom/dist/es/animation/interfaces/motion-value.mjs 
[Client Component Browser]
    ./Documents/Abdut Tawwab/Skoolar/SkoolarPlay/node_modules/motion-dom/dist/es/animation/animate/single-value.mjs 
[Client Component Browser]
    ./Documents/Abdut 
Tawwab/Skoolar/SkoolarPlay/node_modules/motion-dom/dist/es/projection/node/create-projection-node.mjs [Client 
Component Browser]
    ./Documents/Abdut 
Tawwab/Skoolar/SkoolarPlay/node_modules/motion-dom/dist/es/projection/node/HTMLProjectionNode.mjs [Client Component 
Browser]
    ./Documents/Abdut Tawwab/Skoolar/SkoolarPlay/node_modules/framer-motion/dist/es/motion/features/layout.mjs [Client 
Component Browser]
    ./Documents/Abdut 
Tawwab/Skoolar/SkoolarPlay/node_modules/framer-motion/dist/es/render/components/motion/feature-bundle.mjs [Client 
Component Browser]
    ./Documents/Abdut Tawwab/Skoolar/SkoolarPlay/node_modules/framer-motion/dist/es/render/components/motion/proxy.mjs 
[Client Component Browser]
    ./Documents/Abdut Tawwab/Skoolar/SkoolarPlay/src/app/join-group/page.tsx [Client Component Browser]
    ./Documents/Abdut Tawwab/Skoolar/SkoolarPlay/src/app/join-group/page.tsx [Server Component]

  Client Component SSR:
    ./Documents/Abdut Tawwab/Skoolar/SkoolarPlay/node_modules/motion-dom/dist/es/animation/interfaces/motion-value.mjs 
[Client Component SSR]
    ./Documents/Abdut Tawwab/Skoolar/SkoolarPlay/node_modules/motion-dom/dist/es/animation/animate/single-value.mjs 
[Client Component SSR]
    ./Documents/Abdut 
Tawwab/Skoolar/SkoolarPlay/node_modules/motion-dom/dist/es/projection/node/create-projection-node.mjs [Client 
Component SSR]
    ./Documents/Abdut 
Tawwab/Skoolar/SkoolarPlay/node_modules/motion-dom/dist/es/projection/node/HTMLProjectionNode.mjs [Client Component 
SSR]
    ./Documents/Abdut Tawwab/Skoolar/SkoolarPlay/node_modules/framer-motion/dist/es/motion/features/layout.mjs [Client 
Component SSR]
    ./Documents/Abdut 
Tawwab/Skoolar/SkoolarPlay/node_modules/framer-motion/dist/es/render/components/motion/feature-bundle.mjs [Client 
Component SSR]
    ./Documents/Abdut Tawwab/Skoolar/SkoolarPlay/node_modules/framer-motion/dist/es/render/components/motion/proxy.mjs 
[Client Component SSR]
    ./Documents/Abdut Tawwab/Skoolar/SkoolarPlay/src/app/join-group/page.tsx [Client Component SSR]
    ./Documents/Abdut Tawwab/Skoolar/SkoolarPlay/src/app/join-group/page.tsx [Server Component]

https://nextjs.org/docs/messages/module-not-found


./Documents/Abdut Tawwab/Skoolar/SkoolarPlay/node_modules/motion-dom/dist/es/animation/keyframes/offsets/fill.mjs:1:1
Module not found: Can't resolve 'motion-utils'
[31m[1m>[0m [90m1 |[0m [36mimport[0m { progress } [36mfrom[0m [32m'motion-utils'[0m;
  [90m  |[0m [31m[1m^^^^^^^^^^^^^^^^^^^^^^^^^^^^^^^^^^^^^^^^[0m
  [90m2 |[0m [36mimport[0m { mixNumber } [36mfrom[0m [32m'../../../utils/mix/number.mjs'[0m;
  [90m3 |[0m
  [90m4 |[0m [36mfunction[0m fillOffset(offset, remaining) {



Import traces:
  Client Component Browser:
    ./Documents/Abdut Tawwab/Skoolar/SkoolarPlay/node_modules/motion-dom/dist/es/animation/keyframes/offsets/fill.mjs 
[Client Component Browser]
    ./Documents/Abdut 
Tawwab/Skoolar/SkoolarPlay/node_modules/motion-dom/dist/es/animation/keyframes/offsets/default.mjs [Client Component 
Browser]
    ./Documents/Abdut Tawwab/Skoolar/SkoolarPlay/node_modules/motion-dom/dist/es/animation/generators/keyframes.mjs 
[Client Component Browser]
    ./Documents/Abdut Tawwab/Skoolar/SkoolarPlay/node_modules/motion-dom/dist/es/animation/JSAnimation.mjs [Client 
Component Browser]
    ./Documents/Abdut Tawwab/Skoolar/SkoolarPlay/node_modules/motion-dom/dist/es/animation/interfaces/motion-value.mjs 
[Client Component Browser]
    ./Documents/Abdut Tawwab/Skoolar/SkoolarPlay/node_modules/motion-dom/dist/es/animation/animate/single-value.mjs 
[Client Component Browser]
    ./Documents/Abdut 
Tawwab/Skoolar/SkoolarPlay/node_modules/motion-dom/dist/es/projection/node/create-projection-node.mjs [Client 
Component Browser]
    ./Documents/Abdut 
Tawwab/Skoolar/SkoolarPlay/node_modules/motion-dom/dist/es/projection/node/HTMLProjectionNode.mjs [Client Component 
Browser]
    ./Documents/Abdut Tawwab/Skoolar/SkoolarPlay/node_modules/framer-motion/dist/es/motion/features/layout.mjs [Client 
Component Browser]
    ./Documents/Abdut 
Tawwab/Skoolar/SkoolarPlay/node_modules/framer-motion/dist/es/render/components/motion/feature-bundle.mjs [Client 
Component Browser]
    ./Documents/Abdut Tawwab/Skoolar/SkoolarPlay/node_modules/framer-motion/dist/es/render/components/motion/proxy.mjs 
[Client Component Browser]
    ./Documents/Abdut Tawwab/Skoolar/SkoolarPlay/src/app/join-group/page.tsx [Client Component Browser]
    ./Documents/Abdut Tawwab/Skoolar/SkoolarPlay/src/app/join-group/page.tsx [Server Component]

  Client Component SSR:
    ./Documents/Abdut Tawwab/Skoolar/SkoolarPlay/node_modules/motion-dom/dist/es/animation/keyframes/offsets/fill.mjs 
[Client Component SSR]
    ./Documents/Abdut 
Tawwab/Skoolar/SkoolarPlay/node_modules/motion-dom/dist/es/animation/keyframes/offsets/default.mjs [Client Component 
SSR]
    ./Documents/Abdut Tawwab/Skoolar/SkoolarPlay/node_modules/motion-dom/dist/es/animation/generators/keyframes.mjs 
[Client Component SSR]
    ./Documents/Abdut Tawwab/Skoolar/SkoolarPlay/node_modules/motion-dom/dist/es/animation/JSAnimation.mjs [Client 
Component SSR]
    ./Documents/Abdut Tawwab/Skoolar/SkoolarPlay/node_modules/motion-dom/dist/es/animation/interfaces/motion-value.mjs 
[Client Component SSR]
    ./Documents/Abdut Tawwab/Skoolar/SkoolarPlay/node_modules/motion-dom/dist/es/animation/animate/single-value.mjs 
[Client Component SSR]
    ./Documents/Abdut 
Tawwab/Skoolar/SkoolarPlay/node_modules/motion-dom/dist/es/projection/node/create-projection-node.mjs [Client 
Component SSR]
    ./Documents/Abdut 
Tawwab/Skoolar/SkoolarPlay/node_modules/motion-dom/dist/es/projection/node/HTMLProjectionNode.mjs [Client Component 
SSR]
    ./Documents/Abdut Tawwab/Skoolar/SkoolarPlay/node_modules/framer-motion/dist/es/motion/features/layout.mjs [Client 
Component SSR]
    ./Documents/Abdut 
Tawwab/Skoolar/SkoolarPlay/node_modules/framer-motion/dist/es/render/components/motion/feature-bundle.mjs [Client 
Component SSR]
    ./Documents/Abdut Tawwab/Skoolar/SkoolarPlay/node_modules/framer-motion/dist/es/render/components/motion/proxy.mjs 
[Client Component SSR]
    ./Documents/Abdut Tawwab/Skoolar/SkoolarPlay/src/app/join-group/page.tsx [Client Component SSR]
    ./Documents/Abdut Tawwab/Skoolar/SkoolarPlay/src/app/join-group/page.tsx [Server Component]

https://nextjs.org/docs/messages/module-not-found


./Documents/Abdut Tawwab/Skoolar/SkoolarPlay/node_modules/motion-dom/dist/es/animation/keyframes/utils/is-none.mjs:1:1
Module not found: Can't resolve 'motion-utils'
[31m[1m>[0m [90m1 |[0m [36mimport[0m { isZeroValueString } [36mfrom[0m [32m'motion-utils'[0m;
  [90m  |[0m [31m[1m^^^^^^^^^^^^^^^^^^^^^^^^^^^^^^^^^^^^^^^^^^^^^^^^^[0m
  [90m2 |[0m
  [90m3 |[0m [36mfunction[0m isNone(value) {
  [90m4 |[0m     [36mif[0m ([36mtypeof[0m value === [32m"number"[0m) {



Import traces:
  Client Component Browser:
    ./Documents/Abdut Tawwab/Skoolar/SkoolarPlay/node_modules/motion-dom/dist/es/animation/keyframes/utils/is-none.mjs 
[Client Component Browser]
    ./Documents/Abdut 
Tawwab/Skoolar/SkoolarPlay/node_modules/motion-dom/dist/es/animation/keyframes/DOMKeyframesResolver.mjs [Client 
Component Browser]
    ./Documents/Abdut Tawwab/Skoolar/SkoolarPlay/node_modules/motion-dom/dist/es/render/dom/DOMVisualElement.mjs 
[Client Component Browser]
    ./Documents/Abdut Tawwab/Skoolar/SkoolarPlay/node_modules/motion-dom/dist/es/render/html/HTMLVisualElement.mjs 
[Client Component Browser]
    ./Documents/Abdut 
Tawwab/Skoolar/SkoolarPlay/node_modules/framer-motion/dist/es/render/dom/create-visual-element.mjs [Client Component 
Browser]
    ./Documents/Abdut Tawwab/Skoolar/SkoolarPlay/node_modules/framer-motion/dist/es/render/components/motion/proxy.mjs 
[Client Component Browser]
    ./Documents/Abdut Tawwab/Skoolar/SkoolarPlay/src/app/join-group/page.tsx [Client Component Browser]
    ./Documents/Abdut Tawwab/Skoolar/SkoolarPlay/src/app/join-group/page.tsx [Server Component]

  Client Component SSR:
    ./Documents/Abdut Tawwab/Skoolar/SkoolarPlay/node_modules/motion-dom/dist/es/animation/keyframes/utils/is-none.mjs 
[Client Component SSR]
    ./Documents/Abdut 
Tawwab/Skoolar/SkoolarPlay/node_modules/motion-dom/dist/es/animation/keyframes/DOMKeyframesResolver.mjs [Client 
Component SSR]
    ./Documents/Abdut Tawwab/Skoolar/SkoolarPlay/node_modules/motion-dom/dist/es/render/dom/DOMVisualElement.mjs 
[Client Component SSR]
    ./Documents/Abdut Tawwab/Skoolar/SkoolarPlay/node_modules/motion-dom/dist/es/render/html/HTMLVisualElement.mjs 
[Client Component SSR]
    ./Documents/Abdut 
Tawwab/Skoolar/SkoolarPlay/node_modules/framer-motion/dist/es/render/dom/create-visual-element.mjs [Client Component 
SSR]
    ./Documents/Abdut Tawwab/Skoolar/SkoolarPlay/node_modules/framer-motion/dist/es/render/components/motion/proxy.mjs 
[Client Component SSR]
    ./Documents/Abdut Tawwab/Skoolar/SkoolarPlay/src/app/join-group/page.tsx [Client Component SSR]
    ./Documents/Abdut Tawwab/Skoolar/SkoolarPlay/src/app/join-group/page.tsx [Server Component]

https://nextjs.org/docs/messages/module-not-found


./Documents/Abdut Tawwab/Skoolar/SkoolarPlay/node_modules/motion-dom/dist/es/animation/utils/can-animate.mjs:1:1
Module not found: Can't resolve 'motion-utils'
[31m[1m>[0m [90m1 |[0m [36mimport[0m { warning } [36mfrom[0m [32m'motion-utils'[0m;
  [90m  |[0m [31m[1m^^^^^^^^^^^^^^^^^^^^^^^^^^^^^^^^^^^^^^^[0m
  [90m2 |[0m [36mimport[0m { isGenerator } [36mfrom[0m [32m'../generators/utils/is-generator.mjs'[0m;
  [90m3 |[0m [36mimport[0m { isAnimatable } [36mfrom[0m [32m'./is-animatable.mjs'[0m;
  [90m4 |[0m



Import traces:
  Client Component Browser:
    ./Documents/Abdut Tawwab/Skoolar/SkoolarPlay/node_modules/motion-dom/dist/es/animation/utils/can-animate.mjs 
[Client Component Browser]
    ./Documents/Abdut 
Tawwab/Skoolar/SkoolarPlay/node_modules/motion-dom/dist/es/animation/AsyncMotionValueAnimation.mjs [Client Component 
Browser]
    ./Documents/Abdut Tawwab/Skoolar/SkoolarPlay/node_modules/motion-dom/dist/es/animation/interfaces/motion-value.mjs 
[Client Component Browser]
    ./Documents/Abdut Tawwab/Skoolar/SkoolarPlay/node_modules/motion-dom/dist/es/animation/animate/single-value.mjs 
[Client Component Browser]
    ./Documents/Abdut 
Tawwab/Skoolar/SkoolarPlay/node_modules/motion-dom/dist/es/projection/node/create-projection-node.mjs [Client 
Component Browser]
    ./Documents/Abdut 
Tawwab/Skoolar/SkoolarPlay/node_modules/motion-dom/dist/es/projection/node/HTMLProjectionNode.mjs [Client Component 
Browser]
    ./Documents/Abdut Tawwab/Skoolar/SkoolarPlay/node_modules/framer-motion/dist/es/motion/features/layout.mjs [Client 
Component Browser]
    ./Documents/Abdut 
Tawwab/Skoolar/SkoolarPlay/node_modules/framer-motion/dist/es/render/components/motion/feature-bundle.mjs [Client 
Component Browser]
    ./Documents/Abdut Tawwab/Skoolar/SkoolarPlay/node_modules/framer-motion/dist/es/render/components/motion/proxy.mjs 
[Client Component Browser]
    ./Documents/Abdut Tawwab/Skoolar/SkoolarPlay/src/app/join-group/page.tsx [Client Component Browser]
    ./Documents/Abdut Tawwab/Skoolar/SkoolarPlay/src/app/join-group/page.tsx [Server Component]

  Client Component SSR:
    ./Documents/Abdut Tawwab/Skoolar/SkoolarPlay/node_modules/motion-dom/dist/es/animation/utils/can-animate.mjs 
[Client Component SSR]
    ./Documents/Abdut 
Tawwab/Skoolar/SkoolarPlay/node_modules/motion-dom/dist/es/animation/AsyncMotionValueAnimation.mjs [Client Component 
SSR]
    ./Documents/Abdut Tawwab/Skoolar/SkoolarPlay/node_modules/motion-dom/dist/es/animation/interfaces/motion-value.mjs 
[Client Component SSR]
    ./Documents/Abdut Tawwab/Skoolar/SkoolarPlay/node_modules/motion-dom/dist/es/animation/animate/single-value.mjs 
[Client Component SSR]
    ./Documents/Abdut 
Tawwab/Skoolar/SkoolarPlay/node_modules/motion-dom/dist/es/projection/node/create-projection-node.mjs [Client 
Component SSR]
    ./Documents/Abdut 
Tawwab/Skoolar/SkoolarPlay/node_modules/motion-dom/dist/es/projection/node/HTMLProjectionNode.mjs [Client Component 
SSR]
    ./Documents/Abdut Tawwab/Skoolar/SkoolarPlay/node_modules/framer-motion/dist/es/motion/features/layout.mjs [Client 
Component SSR]
    ./Documents/Abdut 
Tawwab/Skoolar/SkoolarPlay/node_modules/framer-motion/dist/es/render/components/motion/feature-bundle.mjs [Client 
Component SSR]
    ./Documents/Abdut Tawwab/Skoolar/SkoolarPlay/node_modules/framer-motion/dist/es/render/components/motion/proxy.mjs 
[Client Component SSR]
    ./Documents/Abdut Tawwab/Skoolar/SkoolarPlay/src/app/join-group/page.tsx [Client Component SSR]
    ./Documents/Abdut Tawwab/Skoolar/SkoolarPlay/src/app/join-group/page.tsx [Server Component]

https://nextjs.org/docs/messages/module-not-found


./Documents/Abdut 
Tawwab/Skoolar/SkoolarPlay/node_modules/motion-dom/dist/es/animation/utils/css-variables-conversion.mjs:1:1
Module not found: Can't resolve 'motion-utils'
[31m[1m>[0m [90m1 |[0m [36mimport[0m { invariant, isNumericalString } [36mfrom[0m [32m'motion-utils'[0m;
  [90m  |[0m [31m[1m^^^^^^^^^^^^^^^^^^^^^^^^^^^^^^^^^^^^^^^^^^^^^^^^^^^^^^^^^^^^[0m
  [90m2 |[0m [36mimport[0m { isCSSVariableToken } [36mfrom[0m [32m'./is-css-variable.mjs'[0m;
  [90m3 |[0m
  [90m4 |[0m /**



Import traces:
  Client Component Browser:
    ./Documents/Abdut 
Tawwab/Skoolar/SkoolarPlay/node_modules/motion-dom/dist/es/animation/utils/css-variables-conversion.mjs [Client 
Component Browser]
    ./Documents/Abdut 
Tawwab/Skoolar/SkoolarPlay/node_modules/motion-dom/dist/es/animation/keyframes/DOMKeyframesResolver.mjs [Client 
Component Browser]
    ./Documents/Abdut Tawwab/Skoolar/SkoolarPlay/node_modules/motion-dom/dist/es/render/dom/DOMVisualElement.mjs 
[Client Component Browser]
    ./Documents/Abdut Tawwab/Skoolar/SkoolarPlay/node_modules/motion-dom/dist/es/render/html/HTMLVisualElement.mjs 
[Client Component Browser]
    ./Documents/Abdut 
Tawwab/Skoolar/SkoolarPlay/node_modules/framer-motion/dist/es/render/dom/create-visual-element.mjs [Client Component 
Browser]
    ./Documents/Abdut Tawwab/Skoolar/SkoolarPlay/node_modules/framer-motion/dist/es/render/components/motion/proxy.mjs 
[Client Component Browser]
    ./Documents/Abdut Tawwab/Skoolar/SkoolarPlay/src/app/join-group/page.tsx [Client Component Browser]
    ./Documents/Abdut Tawwab/Skoolar/SkoolarPlay/src/app/join-group/page.tsx [Server Component]

  Client Component SSR:
    ./Documents/Abdut 
Tawwab/Skoolar/SkoolarPlay/node_modules/motion-dom/dist/es/animation/utils/css-variables-conversion.mjs [Client 
Component SSR]
    ./Documents/Abdut 
Tawwab/Skoolar/SkoolarPlay/node_modules/motion-dom/dist/es/animation/keyframes/DOMKeyframesResolver.mjs [Client 
Component SSR]
    ./Documents/Abdut Tawwab/Skoolar/SkoolarPlay/node_modules/motion-dom/dist/es/render/dom/DOMVisualElement.mjs 
[Client Component SSR]
    ./Documents/Abdut Tawwab/Skoolar/SkoolarPlay/node_modules/motion-dom/dist/es/render/html/HTMLVisualElement.mjs 
[Client Component SSR]
    ./Documents/Abdut 
Tawwab/Skoolar/SkoolarPlay/node_modules/framer-motion/dist/es/render/dom/create-visual-element.mjs [Client Component 
SSR]
    ./Documents/Abdut Tawwab/Skoolar/SkoolarPlay/node_modules/framer-motion/dist/es/render/components/motion/proxy.mjs 
[Client Component SSR]
    ./Documents/Abdut Tawwab/Skoolar/SkoolarPlay/src/app/join-group/page.tsx [Client Component SSR]
    ./Documents/Abdut Tawwab/Skoolar/SkoolarPlay/src/app/join-group/page.tsx [Server Component]

https://nextjs.org/docs/messages/module-not-found


./Documents/Abdut Tawwab/Skoolar/SkoolarPlay/node_modules/motion-dom/dist/es/animation/waapi/easing/map-easing.mjs:1:1
Module not found: Can't resolve 'motion-utils'
[31m[1m>[0m [90m1 |[0m [36mimport[0m { isBezierDefinition } [36mfrom[0m [32m'motion-utils'[0m;
  [90m  |[0m [31m[1m^^^^^^^^^^^^^^^^^^^^^^^^^^^^^^^^^^^^^^^^^^^^^^^^^^[0m
  [90m2 |[0m [36mimport[0m { supportsLinearEasing } [36mfrom[0m 
[32m'../../../utils/supports/linear-easing.mjs'[0m;
  [90m3 |[0m [36mimport[0m { generateLinearEasing } [36mfrom[0m [32m'../utils/linear.mjs'[0m;
  [90m4 |[0m [36mimport[0m { cubicBezierAsString } [36mfrom[0m [32m'./cubic-bezier.mjs'[0m;



Import traces:
  Client Component Browser:
    ./Documents/Abdut Tawwab/Skoolar/SkoolarPlay/node_modules/motion-dom/dist/es/animation/waapi/easing/map-easing.mjs 
[Client Component Browser]
    ./Documents/Abdut 
Tawwab/Skoolar/SkoolarPlay/node_modules/motion-dom/dist/es/animation/waapi/start-waapi-animation.mjs [Client Component 
Browser]
    ./Documents/Abdut Tawwab/Skoolar/SkoolarPlay/node_modules/motion-dom/dist/es/animation/NativeAnimation.mjs [Client 
Component Browser]
    ./Documents/Abdut Tawwab/Skoolar/SkoolarPlay/node_modules/motion-dom/dist/es/render/VisualElement.mjs [Client 
Component Browser]
    ./Documents/Abdut Tawwab/Skoolar/SkoolarPlay/node_modules/framer-motion/dist/es/motion/features/definitions.mjs 
[Client Component Browser]
    ./Documents/Abdut Tawwab/Skoolar/SkoolarPlay/node_modules/framer-motion/dist/es/motion/index.mjs [Client Component 
Browser]
    ./Documents/Abdut Tawwab/Skoolar/SkoolarPlay/node_modules/framer-motion/dist/es/render/components/create-proxy.mjs 
[Client Component Browser]
    ./Documents/Abdut Tawwab/Skoolar/SkoolarPlay/node_modules/framer-motion/dist/es/render/components/motion/proxy.mjs 
[Client Component Browser]
    ./Documents/Abdut Tawwab/Skoolar/SkoolarPlay/src/app/join-group/page.tsx [Client Component Browser]
    ./Documents/Abdut Tawwab/Skoolar/SkoolarPlay/src/app/join-group/page.tsx [Server Component]

  Client Component SSR:
    ./Documents/Abdut Tawwab/Skoolar/SkoolarPlay/node_modules/motion-dom/dist/es/animation/waapi/easing/map-easing.mjs 
[Client Component SSR]
    ./Documents/Abdut 
Tawwab/Skoolar/SkoolarPlay/node_modules/motion-dom/dist/es/animation/waapi/start-waapi-animation.mjs [Client Component 
SSR]
    ./Documents/Abdut Tawwab/Skoolar/SkoolarPlay/node_modules/motion-dom/dist/es/animation/NativeAnimation.mjs [Client 
Component SSR]
    ./Documents/Abdut Tawwab/Skoolar/SkoolarPlay/node_modules/motion-dom/dist/es/render/VisualElement.mjs [Client 
Component SSR]
    ./Documents/Abdut Tawwab/Skoolar/SkoolarPlay/node_modules/framer-motion/dist/es/motion/features/definitions.mjs 
[Client Component SSR]
    ./Documents/Abdut Tawwab/Skoolar/SkoolarPlay/node_modules/framer-motion/dist/es/motion/index.mjs [Client Component 
SSR]
    ./Documents/Abdut Tawwab/Skoolar/SkoolarPlay/node_modules/framer-motion/dist/es/render/components/create-proxy.mjs 
[Client Component SSR]
    ./Documents/Abdut Tawwab/Skoolar/SkoolarPlay/node_modules/framer-motion/dist/es/render/components/motion/proxy.mjs 
[Client Component SSR]
    ./Documents/Abdut Tawwab/Skoolar/SkoolarPlay/src/app/join-group/page.tsx [Client Component SSR]
    ./Documents/Abdut Tawwab/Skoolar/SkoolarPlay/src/app/join-group/page.tsx [Server Component]

https://nextjs.org/docs/messages/module-not-found


./Documents/Abdut Tawwab/Skoolar/SkoolarPlay/node_modules/motion-dom/dist/es/animation/waapi/supports/waapi.mjs:1:1
Module not found: Can't resolve 'motion-utils'
[31m[1m>[0m [90m1 |[0m [36mimport[0m { memo } [36mfrom[0m [32m'motion-utils'[0m;
  [90m  |[0m [31m[1m^^^^^^^^^^^^^^^^^^^^^^^^^^^^^^^^^^^^[0m
  [90m2 |[0m [36mimport[0m { acceleratedValues } [36mfrom[0m [32m'../utils/accelerated-values.mjs'[0m;
  [90m3 |[0m [36mimport[0m { hasBrowserOnlyColors } [36mfrom[0m [32m'../utils/is-browser-color.mjs'[0m;
  [90m4 |[0m



Import traces:
  Client Component Browser:
    ./Documents/Abdut Tawwab/Skoolar/SkoolarPlay/node_modules/motion-dom/dist/es/animation/waapi/supports/waapi.mjs 
[Client Component Browser]
    ./Documents/Abdut 
Tawwab/Skoolar/SkoolarPlay/node_modules/motion-dom/dist/es/animation/AsyncMotionValueAnimation.mjs [Client Component 
Browser]
    ./Documents/Abdut Tawwab/Skoolar/SkoolarPlay/node_modules/motion-dom/dist/es/animation/interfaces/motion-value.mjs 
[Client Component Browser]
    ./Documents/Abdut Tawwab/Skoolar/SkoolarPlay/node_modules/motion-dom/dist/es/animation/animate/single-value.mjs 
[Client Component Browser]
    ./Documents/Abdut 
Tawwab/Skoolar/SkoolarPlay/node_modules/motion-dom/dist/es/projection/node/create-projection-node.mjs [Client 
Component Browser]
    ./Documents/Abdut 
Tawwab/Skoolar/SkoolarPlay/node_modules/motion-dom/dist/es/projection/node/HTMLProjectionNode.mjs [Client Component 
Browser]
    ./Documents/Abdut Tawwab/Skoolar/SkoolarPlay/node_modules/framer-motion/dist/es/motion/features/layout.mjs [Client 
Component Browser]
    ./Documents/Abdut 
Tawwab/Skoolar/SkoolarPlay/node_modules/framer-motion/dist/es/render/components/motion/feature-bundle.mjs [Client 
Component Browser]
    ./Documents/Abdut Tawwab/Skoolar/SkoolarPlay/node_modules/framer-motion/dist/es/render/components/motion/proxy.mjs 
[Client Component Browser]
    ./Documents/Abdut Tawwab/Skoolar/SkoolarPlay/src/app/join-group/page.tsx [Client Component Browser]
    ./Documents/Abdut Tawwab/Skoolar/SkoolarPlay/src/app/join-group/page.tsx [Server Component]

  Client Component SSR:
    ./Documents/Abdut Tawwab/Skoolar/SkoolarPlay/node_modules/motion-dom/dist/es/animation/waapi/supports/waapi.mjs 
[Client Component SSR]
    ./Documents/Abdut 
Tawwab/Skoolar/SkoolarPlay/node_modules/motion-dom/dist/es/animation/AsyncMotionValueAnimation.mjs [Client Component 
SSR]
    ./Documents/Abdut Tawwab/Skoolar/SkoolarPlay/node_modules/motion-dom/dist/es/animation/interfaces/motion-value.mjs 
[Client Component SSR]
    ./Documents/Abdut Tawwab/Skoolar/SkoolarPlay/node_modules/motion-dom/dist/es/animation/animate/single-value.mjs 
[Client Component SSR]
    ./Documents/Abdut 
Tawwab/Skoolar/SkoolarPlay/node_modules/motion-dom/dist/es/projection/node/create-projection-node.mjs [Client 
Component SSR]
    ./Documents/Abdut 
Tawwab/Skoolar/SkoolarPlay/node_modules/motion-dom/dist/es/projection/node/HTMLProjectionNode.mjs [Client Component 
SSR]
    ./Documents/Abdut Tawwab/Skoolar/SkoolarPlay/node_modules/framer-motion/dist/es/motion/features/layout.mjs [Client 
Component SSR]
    ./Documents/Abdut 
Tawwab/Skoolar/SkoolarPlay/node_modules/framer-motion/dist/es/render/components/motion/feature-bundle.mjs [Client 
Component SSR]
    ./Documents/Abdut Tawwab/Skoolar/SkoolarPlay/node_modules/framer-motion/dist/es/render/components/motion/proxy.mjs 
[Client Component SSR]
    ./Documents/Abdut Tawwab/Skoolar/SkoolarPlay/src/app/join-group/page.tsx [Client Component SSR]
    ./Documents/Abdut Tawwab/Skoolar/SkoolarPlay/src/app/join-group/page.tsx [Server Component]

https://nextjs.org/docs/messages/module-not-found


./Documents/Abdut 
Tawwab/Skoolar/SkoolarPlay/node_modules/motion-dom/dist/es/animation/waapi/utils/unsupported-easing.mjs:1:1
Module not found: Can't resolve 'motion-utils'
[31m[1m>[0m [90m1 |[0m [36mimport[0m { circInOut, backInOut, anticipate } [36mfrom[0m [32m'motion-utils'[0m;
  [90m  |[0m [31m[1m^^^^^^^^^^^^^^^^^^^^^^^^^^^^^^^^^^^^^^^^^^^^^^^^^^^^^^^^^^^^^^^^[0m
  [90m2 |[0m
  [90m3 |[0m [36mconst[0m unsupportedEasingFunctions = {
  [90m4 |[0m     anticipate,



Import traces:
  Client Component Browser:
    ./Documents/Abdut 
Tawwab/Skoolar/SkoolarPlay/node_modules/motion-dom/dist/es/animation/waapi/utils/unsupported-easing.mjs [Client 
Component Browser]
    ./Documents/Abdut Tawwab/Skoolar/SkoolarPlay/node_modules/motion-dom/dist/es/animation/NativeAnimationExtended.mjs 
[Client Component Browser]
    ./Documents/Abdut 
Tawwab/Skoolar/SkoolarPlay/node_modules/motion-dom/dist/es/animation/AsyncMotionValueAnimation.mjs [Client Component 
Browser]
    ./Documents/Abdut Tawwab/Skoolar/SkoolarPlay/node_modules/motion-dom/dist/es/animation/interfaces/motion-value.mjs 
[Client Component Browser]
    ./Documents/Abdut Tawwab/Skoolar/SkoolarPlay/node_modules/motion-dom/dist/es/animation/animate/single-value.mjs 
[Client Component Browser]
    ./Documents/Abdut 
Tawwab/Skoolar/SkoolarPlay/node_modules/motion-dom/dist/es/projection/node/create-projection-node.mjs [Client 
Component Browser]
    ./Documents/Abdut 
Tawwab/Skoolar/SkoolarPlay/node_modules/motion-dom/dist/es/projection/node/HTMLProjectionNode.mjs [Client Component 
Browser]
    ./Documents/Abdut Tawwab/Skoolar/SkoolarPlay/node_modules/framer-motion/dist/es/motion/features/layout.mjs [Client 
Component Browser]
    ./Documents/Abdut 
Tawwab/Skoolar/SkoolarPlay/node_modules/framer-motion/dist/es/render/components/motion/feature-bundle.mjs [Client 
Component Browser]
    ./Documents/Abdut Tawwab/Skoolar/SkoolarPlay/node_modules/framer-motion/dist/es/render/components/motion/proxy.mjs 
[Client Component Browser]
    ./Documents/Abdut Tawwab/Skoolar/SkoolarPlay/src/app/join-group/page.tsx [Client Component Browser]
    ./Documents/Abdut Tawwab/Skoolar/SkoolarPlay/src/app/join-group/page.tsx [Server Component]

  Client Component SSR:
    ./Documents/Abdut 
Tawwab/Skoolar/SkoolarPlay/node_modules/motion-dom/dist/es/animation/waapi/utils/unsupported-easing.mjs [Client 
Component SSR]
    ./Documents/Abdut Tawwab/Skoolar/SkoolarPlay/node_modules/motion-dom/dist/es/animation/NativeAnimationExtended.mjs 
[Client Component SSR]
    ./Documents/Abdut 
Tawwab/Skoolar/SkoolarPlay/node_modules/motion-dom/dist/es/animation/AsyncMotionValueAnimation.mjs [Client Component 
SSR]
    ./Documents/Abdut Tawwab/Skoolar/SkoolarPlay/node_modules/motion-dom/dist/es/animation/interfaces/motion-value.mjs 
[Client Component SSR]
    ./Documents/Abdut Tawwab/Skoolar/SkoolarPlay/node_modules/motion-dom/dist/es/animation/animate/single-value.mjs 
[Client Component SSR]
    ./Documents/Abdut 
Tawwab/Skoolar/SkoolarPlay/node_modules/motion-dom/dist/es/projection/node/create-projection-node.mjs [Client 
Component SSR]
    ./Documents/Abdut 
Tawwab/Skoolar/SkoolarPlay/node_modules/motion-dom/dist/es/projection/node/HTMLProjectionNode.mjs [Client Component 
SSR]
    ./Documents/Abdut Tawwab/Skoolar/SkoolarPlay/node_modules/framer-motion/dist/es/motion/features/layout.mjs [Client 
Component SSR]
    ./Documents/Abdut 
Tawwab/Skoolar/SkoolarPlay/node_modules/framer-motion/dist/es/render/components/motion/feature-bundle.mjs [Client 
Component SSR]
    ./Documents/Abdut Tawwab/Skoolar/SkoolarPlay/node_modules/framer-motion/dist/es/render/components/motion/proxy.mjs 
[Client Component SSR]
    ./Documents/Abdut Tawwab/Skoolar/SkoolarPlay/src/app/join-group/page.tsx [Client Component SSR]
    ./Documents/Abdut Tawwab/Skoolar/SkoolarPlay/src/app/join-group/page.tsx [Server Component]

https://nextjs.org/docs/messages/module-not-found


./Documents/Abdut Tawwab/Skoolar/SkoolarPlay/node_modules/motion-dom/dist/es/frameloop/batcher.mjs:1:1
Module not found: Can't resolve 'motion-utils'
[31m[1m>[0m [90m1 |[0m [36mimport[0m { [33mMotionGlobalConfig[0m } [36mfrom[0m [32m'motion-utils'[0m;
  [90m  |[0m [31m[1m^^^^^^^^^^^^^^^^^^^^^^^^^^^^^^^^^^^^^^^^^^^^^^^^^^[0m
  [90m2 |[0m [36mimport[0m { stepsOrder } [36mfrom[0m [32m'./order.mjs'[0m;
  [90m3 |[0m [36mimport[0m { createRenderStep } [36mfrom[0m [32m'./render-step.mjs'[0m;
  [90m4 |[0m



Import traces:
  Client Component Browser:
    ./Documents/Abdut Tawwab/Skoolar/SkoolarPlay/node_modules/motion-dom/dist/es/frameloop/batcher.mjs [Client 
Component Browser]
    ./Documents/Abdut Tawwab/Skoolar/SkoolarPlay/node_modules/motion-dom/dist/es/frameloop/microtask.mjs [Client 
Component Browser]
    ./Documents/Abdut 
Tawwab/Skoolar/SkoolarPlay/node_modules/framer-motion/dist/es/motion/features/layout/MeasureLayout.mjs [Client 
Component Browser]
    ./Documents/Abdut Tawwab/Skoolar/SkoolarPlay/node_modules/framer-motion/dist/es/motion/features/drag.mjs [Client 
Component Browser]
    ./Documents/Abdut 
Tawwab/Skoolar/SkoolarPlay/node_modules/framer-motion/dist/es/render/components/motion/feature-bundle.mjs [Client 
Component Browser]
    ./Documents/Abdut Tawwab/Skoolar/SkoolarPlay/node_modules/framer-motion/dist/es/render/components/motion/proxy.mjs 
[Client Component Browser]
    ./Documents/Abdut Tawwab/Skoolar/SkoolarPlay/src/app/join-group/page.tsx [Client Component Browser]
    ./Documents/Abdut Tawwab/Skoolar/SkoolarPlay/src/app/join-group/page.tsx [Server Component]

  Client Component SSR:
    ./Documents/Abdut Tawwab/Skoolar/SkoolarPlay/node_modules/motion-dom/dist/es/frameloop/batcher.mjs [Client 
Component SSR]
    ./Documents/Abdut Tawwab/Skoolar/SkoolarPlay/node_modules/motion-dom/dist/es/frameloop/microtask.mjs [Client 
Component SSR]
    ./Documents/Abdut 
Tawwab/Skoolar/SkoolarPlay/node_modules/framer-motion/dist/es/motion/features/layout/MeasureLayout.mjs [Client 
Component SSR]
    ./Documents/Abdut Tawwab/Skoolar/SkoolarPlay/node_modules/framer-motion/dist/es/motion/features/drag.mjs [Client 
Component SSR]
    ./Documents/Abdut 
Tawwab/Skoolar/SkoolarPlay/node_modules/framer-motion/dist/es/render/components/motion/feature-bundle.mjs [Client 
Component SSR]
    ./Documents/Abdut Tawwab/Skoolar/SkoolarPlay/node_modules/framer-motion/dist/es/render/components/motion/proxy.mjs 
[Client Component SSR]
    ./Documents/Abdut Tawwab/Skoolar/SkoolarPlay/src/app/join-group/page.tsx [Client Component SSR]
    ./Documents/Abdut Tawwab/Skoolar/SkoolarPlay/src/app/join-group/page.tsx [Server Component]

https://nextjs.org/docs/messages/module-not-found


./Documents/Abdut Tawwab/Skoolar/SkoolarPlay/node_modules/motion-dom/dist/es/frameloop/frame.mjs:1:1
Module not found: Can't resolve 'motion-utils'
[31m[1m>[0m [90m1 |[0m [36mimport[0m { noop } [36mfrom[0m [32m'motion-utils'[0m;
  [90m  |[0m [31m[1m^^^^^^^^^^^^^^^^^^^^^^^^^^^^^^^^^^^^[0m
  [90m2 |[0m [36mimport[0m { createRenderBatcher } [36mfrom[0m [32m'./batcher.mjs'[0m;
  [90m3 |[0m
  [90m4 |[0m [36mconst[0m { schedule: frame, cancel: cancelFrame, state: frameData, steps: frameSteps, } = [35m/* 
@...[0m



Import traces:
  Client Component Browser:
    ./Documents/Abdut Tawwab/Skoolar/SkoolarPlay/node_modules/motion-dom/dist/es/frameloop/frame.mjs [Client Component 
Browser]
    ./Documents/Abdut 
Tawwab/Skoolar/SkoolarPlay/node_modules/framer-motion/dist/es/motion/features/layout/MeasureLayout.mjs [Client 
Component Browser]
    ./Documents/Abdut Tawwab/Skoolar/SkoolarPlay/node_modules/framer-motion/dist/es/motion/features/layout.mjs [Client 
Component Browser]
    ./Documents/Abdut 
Tawwab/Skoolar/SkoolarPlay/node_modules/framer-motion/dist/es/render/components/motion/feature-bundle.mjs [Client 
Component Browser]
    ./Documents/Abdut Tawwab/Skoolar/SkoolarPlay/node_modules/framer-motion/dist/es/render/components/motion/proxy.mjs 
[Client Component Browser]
    ./Documents/Abdut Tawwab/Skoolar/SkoolarPlay/src/app/join-group/page.tsx [Client Component Browser]
    ./Documents/Abdut Tawwab/Skoolar/SkoolarPlay/src/app/join-group/page.tsx [Server Component]

  Client Component SSR:
    ./Documents/Abdut Tawwab/Skoolar/SkoolarPlay/node_modules/motion-dom/dist/es/frameloop/frame.mjs [Client Component 
SSR]
    ./Documents/Abdut 
Tawwab/Skoolar/SkoolarPlay/node_modules/framer-motion/dist/es/motion/features/layout/MeasureLayout.mjs [Client 
Component SSR]
    ./Documents/Abdut Tawwab/Skoolar/SkoolarPlay/node_modules/framer-motion/dist/es/motion/features/layout.mjs [Client 
Component SSR]
    ./Documents/Abdut 
Tawwab/Skoolar/SkoolarPlay/node_modules/framer-motion/dist/es/render/components/motion/feature-bundle.mjs [Client 
Component SSR]
    ./Documents/Abdut Tawwab/Skoolar/SkoolarPlay/node_modules/framer-motion/dist/es/render/components/motion/proxy.mjs 
[Client Component SSR]
    ./Documents/Abdut Tawwab/Skoolar/SkoolarPlay/src/app/join-group/page.tsx [Client Component SSR]
    ./Documents/Abdut Tawwab/Skoolar/SkoolarPlay/src/app/join-group/page.tsx [Server Component]

https://nextjs.org/docs/messages/module-not-found


./Documents/Abdut Tawwab/Skoolar/SkoolarPlay/node_modules/motion-dom/dist/es/frameloop/sync-time.mjs:1:1
Module not found: Can't resolve 'motion-utils'
[31m[1m>[0m [90m1 |[0m [36mimport[0m { [33mMotionGlobalConfig[0m } [36mfrom[0m [32m'motion-utils'[0m;
  [90m  |[0m [31m[1m^^^^^^^^^^^^^^^^^^^^^^^^^^^^^^^^^^^^^^^^^^^^^^^^^^[0m
  [90m2 |[0m [36mimport[0m { frameData } [36mfrom[0m [32m'./frame.mjs'[0m;
  [90m3 |[0m
  [90m4 |[0m [36mlet[0m now;



Import traces:
  Client Component Browser:
    ./Documents/Abdut Tawwab/Skoolar/SkoolarPlay/node_modules/motion-dom/dist/es/frameloop/sync-time.mjs [Client 
Component Browser]
    ./Documents/Abdut 
Tawwab/Skoolar/SkoolarPlay/node_modules/motion-dom/dist/es/projection/node/create-projection-node.mjs [Client 
Component Browser]
    ./Documents/Abdut 
Tawwab/Skoolar/SkoolarPlay/node_modules/motion-dom/dist/es/projection/node/HTMLProjectionNode.mjs [Client Component 
Browser]
    ./Documents/Abdut Tawwab/Skoolar/SkoolarPlay/node_modules/framer-motion/dist/es/motion/features/drag.mjs [Client 
Component Browser]
    ./Documents/Abdut 
Tawwab/Skoolar/SkoolarPlay/node_modules/framer-motion/dist/es/render/components/motion/feature-bundle.mjs [Client 
Component Browser]
    ./Documents/Abdut Tawwab/Skoolar/SkoolarPlay/node_modules/framer-motion/dist/es/render/components/motion/proxy.mjs 
[Client Component Browser]
    ./Documents/Abdut Tawwab/Skoolar/SkoolarPlay/src/app/join-group/page.tsx [Client Component Browser]
    ./Documents/Abdut Tawwab/Skoolar/SkoolarPlay/src/app/join-group/page.tsx [Server Component]

  Client Component SSR:
    ./Documents/Abdut Tawwab/Skoolar/SkoolarPlay/node_modules/motion-dom/dist/es/frameloop/sync-time.mjs [Client 
Component SSR]
    ./Documents/Abdut 
Tawwab/Skoolar/SkoolarPlay/node_modules/motion-dom/dist/es/projection/node/create-projection-node.mjs [Client 
Component SSR]
    ./Documents/Abdut 
Tawwab/Skoolar/SkoolarPlay/node_modules/motion-dom/dist/es/projection/node/HTMLProjectionNode.mjs [Client Component 
SSR]
    ./Documents/Abdut Tawwab/Skoolar/SkoolarPlay/node_modules/framer-motion/dist/es/motion/features/drag.mjs [Client 
Component SSR]
    ./Documents/Abdut 
Tawwab/Skoolar/SkoolarPlay/node_modules/framer-motion/dist/es/render/components/motion/feature-bundle.mjs [Client 
Component SSR]
    ./Documents/Abdut Tawwab/Skoolar/SkoolarPlay/node_modules/framer-motion/dist/es/render/components/motion/proxy.mjs 
[Client Component SSR]
    ./Documents/Abdut Tawwab/Skoolar/SkoolarPlay/src/app/join-group/page.tsx [Client Component SSR]
    ./Documents/Abdut Tawwab/Skoolar/SkoolarPlay/src/app/join-group/page.tsx [Server Component]

https://nextjs.org/docs/messages/module-not-found


./Documents/Abdut Tawwab/Skoolar/SkoolarPlay/node_modules/motion-dom/dist/es/projection/animation/mix-values.mjs:3:1
Module not found: Can't resolve 'motion-utils'
  [90m1 |[0m [36mimport[0m { mixNumber } [36mfrom[0m [32m'../../utils/mix/number.mjs'[0m;
  [90m2 |[0m [36mimport[0m { percent, px } [36mfrom[0m [32m'../../value/types/numbers/units.mjs'[0m;
[31m[1m>[0m [90m3 |[0m [36mimport[0m { progress, circOut, noop } [36mfrom[0m [32m'motion-utils'[0m;
  [90m  |[0m [31m[1m^^^^^^^^^^^^^^^^^^^^^^^^^^^^^^^^^^^^^^^^^^^^^^^^^^^^^^^[0m
  [90m4 |[0m
  [90m5 |[0m [36mconst[0m borderLabels = [
  [90m6 |[0m     [32m"borderTopLeftRadius"[0m,



Import traces:
  Client Component Browser:
    ./Documents/Abdut Tawwab/Skoolar/SkoolarPlay/node_modules/motion-dom/dist/es/projection/animation/mix-values.mjs 
[Client Component Browser]
    ./Documents/Abdut 
Tawwab/Skoolar/SkoolarPlay/node_modules/motion-dom/dist/es/projection/node/create-projection-node.mjs [Client 
Component Browser]
    ./Documents/Abdut 
Tawwab/Skoolar/SkoolarPlay/node_modules/motion-dom/dist/es/projection/node/HTMLProjectionNode.mjs [Client Component 
Browser]
    ./Documents/Abdut Tawwab/Skoolar/SkoolarPlay/node_modules/framer-motion/dist/es/motion/features/layout.mjs [Client 
Component Browser]
    ./Documents/Abdut 
Tawwab/Skoolar/SkoolarPlay/node_modules/framer-motion/dist/es/render/components/motion/feature-bundle.mjs [Client 
Component Browser]
    ./Documents/Abdut Tawwab/Skoolar/SkoolarPlay/node_modules/framer-motion/dist/es/render/components/motion/proxy.mjs 
[Client Component Browser]
    ./Documents/Abdut Tawwab/Skoolar/SkoolarPlay/src/app/join-group/page.tsx [Client Component Browser]
    ./Documents/Abdut Tawwab/Skoolar/SkoolarPlay/src/app/join-group/page.tsx [Server Component]

  Client Component SSR:
    ./Documents/Abdut Tawwab/Skoolar/SkoolarPlay/node_modules/motion-dom/dist/es/projection/animation/mix-values.mjs 
[Client Component SSR]
    ./Documents/Abdut 
Tawwab/Skoolar/SkoolarPlay/node_modules/motion-dom/dist/es/projection/node/create-projection-node.mjs [Client 
Component SSR]
    ./Documents/Abdut 
Tawwab/Skoolar/SkoolarPlay/node_modules/motion-dom/dist/es/projection/node/HTMLProjectionNode.mjs [Client Component 
SSR]
    ./Documents/Abdut Tawwab/Skoolar/SkoolarPlay/node_modules/framer-motion/dist/es/motion/features/layout.mjs [Client 
Component SSR]
    ./Documents/Abdut 
Tawwab/Skoolar/SkoolarPlay/node_modules/framer-motion/dist/es/render/components/motion/feature-bundle.mjs [Client 
Component SSR]
    ./Documents/Abdut Tawwab/Skoolar/SkoolarPlay/node_modules/framer-motion/dist/es/render/components/motion/proxy.mjs 
[Client Component SSR]
    ./Documents/Abdut Tawwab/Skoolar/SkoolarPlay/src/app/join-group/page.tsx [Client Component SSR]
    ./Documents/Abdut Tawwab/Skoolar/SkoolarPlay/src/app/join-group/page.tsx [Server Component]

https://nextjs.org/docs/messages/module-not-found


./Documents/Abdut 
Tawwab/Skoolar/SkoolarPlay/node_modules/motion-dom/dist/es/projection/node/create-projection-node.mjs:1:1
Module not found: Can't resolve 'motion-utils'
[31m[1m>[0m [90m1 |[0m [36mimport[0m { [33mSubscriptionManager[0m, clamp, noop } [36mfrom[0m 
[32m'motion-utils'[0m;
  [90m  |[0m [31m[1m^^^^^^^^^^^^^^^^^^^^^^^^^^^^^^^^^^^^^^^^^^^^^^^^^^^^^^^^^^^^^^^^[0m
  [90m2 |[0m [36mimport[0m { animateSingleValue } [36mfrom[0m 
[32m'../../animation/animate/single-value.mjs'[0m;
  [90m3 |[0m [36mimport[0m { getOptimisedAppearId } [36mfrom[0m 
[32m'../../animation/optimized-appear/get-appear-id.mjs'[0m;
  [90m4 |[0m [36mimport[0m { getValueTransition } [36mfrom[0m 
[32m'../../animation/utils/get-value-transition.mjs'[0m;



Import traces:
  Client Component Browser:
    ./Documents/Abdut 
Tawwab/Skoolar/SkoolarPlay/node_modules/motion-dom/dist/es/projection/node/create-projection-node.mjs [Client 
Component Browser]
    ./Documents/Abdut 
Tawwab/Skoolar/SkoolarPlay/node_modules/motion-dom/dist/es/projection/node/HTMLProjectionNode.mjs [Client Component 
Browser]
    ./Documents/Abdut Tawwab/Skoolar/SkoolarPlay/node_modules/framer-motion/dist/es/motion/features/layout.mjs [Client 
Component Browser]
    ./Documents/Abdut 
Tawwab/Skoolar/SkoolarPlay/node_modules/framer-motion/dist/es/render/components/motion/feature-bundle.mjs [Client 
Component Browser]
    ./Documents/Abdut Tawwab/Skoolar/SkoolarPlay/node_modules/framer-motion/dist/es/render/components/motion/proxy.mjs 
[Client Component Browser]
    ./Documents/Abdut Tawwab/Skoolar/SkoolarPlay/src/app/join-group/page.tsx [Client Component Browser]
    ./Documents/Abdut Tawwab/Skoolar/SkoolarPlay/src/app/join-group/page.tsx [Server Component]

  Client Component SSR:
    ./Documents/Abdut 
Tawwab/Skoolar/SkoolarPlay/node_modules/motion-dom/dist/es/projection/node/create-projection-node.mjs [Client 
Component SSR]
    ./Documents/Abdut 
Tawwab/Skoolar/SkoolarPlay/node_modules/motion-dom/dist/es/projection/node/HTMLProjectionNode.mjs [Client Component 
SSR]
    ./Documents/Abdut Tawwab/Skoolar/SkoolarPlay/node_modules/framer-motion/dist/es/motion/features/layout.mjs [Client 
Component SSR]
    ./Documents/Abdut 
Tawwab/Skoolar/SkoolarPlay/node_modules/framer-motion/dist/es/render/components/motion/feature-bundle.mjs [Client 
Component SSR]
    ./Documents/Abdut Tawwab/Skoolar/SkoolarPlay/node_modules/framer-motion/dist/es/render/components/motion/proxy.mjs 
[Client Component SSR]
    ./Documents/Abdut Tawwab/Skoolar/SkoolarPlay/src/app/join-group/page.tsx [Client Component SSR]
    ./Documents/Abdut Tawwab/Skoolar/SkoolarPlay/src/app/join-group/page.tsx [Server Component]

https://nextjs.org/docs/messages/module-not-found


./Documents/Abdut Tawwab/Skoolar/SkoolarPlay/node_modules/motion-dom/dist/es/projection/shared/stack.mjs:1:1
Module not found: Can't resolve 'motion-utils'
[31m[1m>[0m [90m1 |[0m [36mimport[0m { addUniqueItem, removeItem } [36mfrom[0m [32m'motion-utils'[0m;
  [90m  |[0m [31m[1m^^^^^^^^^^^^^^^^^^^^^^^^^^^^^^^^^^^^^^^^^^^^^^^^^^^^^^^^^[0m
  [90m2 |[0m
  [90m3 |[0m [36mclass[0m [33mNodeStack[0m {
  [90m4 |[0m     constructor() {



Import traces:
  Client Component Browser:
    ./Documents/Abdut Tawwab/Skoolar/SkoolarPlay/node_modules/motion-dom/dist/es/projection/shared/stack.mjs [Client 
Component Browser]
    ./Documents/Abdut 
Tawwab/Skoolar/SkoolarPlay/node_modules/motion-dom/dist/es/projection/node/create-projection-node.mjs [Client 
Component Browser]
    ./Documents/Abdut 
Tawwab/Skoolar/SkoolarPlay/node_modules/motion-dom/dist/es/projection/node/HTMLProjectionNode.mjs [Client Component 
Browser]
    ./Documents/Abdut Tawwab/Skoolar/SkoolarPlay/node_modules/framer-motion/dist/es/motion/features/layout.mjs [Client 
Component Browser]
    ./Documents/Abdut 
Tawwab/Skoolar/SkoolarPlay/node_modules/framer-motion/dist/es/render/components/motion/feature-bundle.mjs [Client 
Component Browser]
    ./Documents/Abdut Tawwab/Skoolar/SkoolarPlay/node_modules/framer-motion/dist/es/render/components/motion/proxy.mjs 
[Client Component Browser]
    ./Documents/Abdut Tawwab/Skoolar/SkoolarPlay/src/app/join-group/page.tsx [Client Component Browser]
    ./Documents/Abdut Tawwab/Skoolar/SkoolarPlay/src/app/join-group/page.tsx [Server Component]

  Client Component SSR:
    ./Documents/Abdut Tawwab/Skoolar/SkoolarPlay/node_modules/motion-dom/dist/es/projection/shared/stack.mjs [Client 
Component SSR]
    ./Documents/Abdut 
Tawwab/Skoolar/SkoolarPlay/node_modules/motion-dom/dist/es/projection/node/create-projection-node.mjs [Client 
Component SSR]
    ./Documents/Abdut 
Tawwab/Skoolar/SkoolarPlay/node_modules/motion-dom/dist/es/projection/node/HTMLProjectionNode.mjs [Client Component 
SSR]
    ./Documents/Abdut Tawwab/Skoolar/SkoolarPlay/node_modules/framer-motion/dist/es/motion/features/layout.mjs [Client 
Component SSR]
    ./Documents/Abdut 
Tawwab/Skoolar/SkoolarPlay/node_modules/framer-motion/dist/es/render/components/motion/feature-bundle.mjs [Client 
Component SSR]
    ./Documents/Abdut Tawwab/Skoolar/SkoolarPlay/node_modules/framer-motion/dist/es/render/components/motion/proxy.mjs 
[Client Component SSR]
    ./Documents/Abdut Tawwab/Skoolar/SkoolarPlay/src/app/join-group/page.tsx [Client Component SSR]
    ./Documents/Abdut Tawwab/Skoolar/SkoolarPlay/src/app/join-group/page.tsx [Server Component]

https://nextjs.org/docs/messages/module-not-found


./Documents/Abdut Tawwab/Skoolar/SkoolarPlay/node_modules/motion-dom/dist/es/projection/utils/flat-tree.mjs:1:1
Module not found: Can't resolve 'motion-utils'
[31m[1m>[0m [90m1 |[0m [36mimport[0m { addUniqueItem, removeItem } [36mfrom[0m [32m'motion-utils'[0m;
  [90m  |[0m [31m[1m^^^^^^^^^^^^^^^^^^^^^^^^^^^^^^^^^^^^^^^^^^^^^^^^^^^^^^^^^[0m
  [90m2 |[0m [36mimport[0m { compareByDepth } [36mfrom[0m [32m'./compare-by-depth.mjs'[0m;
  [90m3 |[0m
  [90m4 |[0m [36mclass[0m [33mFlatTree[0m {



Import traces:
  Client Component Browser:
    ./Documents/Abdut Tawwab/Skoolar/SkoolarPlay/node_modules/motion-dom/dist/es/projection/utils/flat-tree.mjs 
[Client Component Browser]
    ./Documents/Abdut 
Tawwab/Skoolar/SkoolarPlay/node_modules/motion-dom/dist/es/projection/node/create-projection-node.mjs [Client 
Component Browser]
    ./Documents/Abdut 
Tawwab/Skoolar/SkoolarPlay/node_modules/motion-dom/dist/es/projection/node/HTMLProjectionNode.mjs [Client Component 
Browser]
    ./Documents/Abdut Tawwab/Skoolar/SkoolarPlay/node_modules/framer-motion/dist/es/motion/features/layout.mjs [Client 
Component Browser]
    ./Documents/Abdut 
Tawwab/Skoolar/SkoolarPlay/node_modules/framer-motion/dist/es/render/components/motion/feature-bundle.mjs [Client 
Component Browser]
    ./Documents/Abdut Tawwab/Skoolar/SkoolarPlay/node_modules/framer-motion/dist/es/render/components/motion/proxy.mjs 
[Client Component Browser]
    ./Documents/Abdut Tawwab/Skoolar/SkoolarPlay/src/app/join-group/page.tsx [Client Component Browser]
    ./Documents/Abdut Tawwab/Skoolar/SkoolarPlay/src/app/join-group/page.tsx [Server Component]

  Client Component SSR:
    ./Documents/Abdut Tawwab/Skoolar/SkoolarPlay/node_modules/motion-dom/dist/es/projection/utils/flat-tree.mjs 
[Client Component SSR]
    ./Documents/Abdut 
Tawwab/Skoolar/SkoolarPlay/node_modules/motion-dom/dist/es/projection/node/create-projection-node.mjs [Client 
Component SSR]
    ./Documents/Abdut 
Tawwab/Skoolar/SkoolarPlay/node_modules/motion-dom/dist/es/projection/node/HTMLProjectionNode.mjs [Client Component 
SSR]
    ./Documents/Abdut Tawwab/Skoolar/SkoolarPlay/node_modules/framer-motion/dist/es/motion/features/layout.mjs [Client 
Component SSR]
    ./Documents/Abdut 
Tawwab/Skoolar/SkoolarPlay/node_modules/framer-motion/dist/es/render/components/motion/feature-bundle.mjs [Client 
Component SSR]
    ./Documents/Abdut Tawwab/Skoolar/SkoolarPlay/node_modules/framer-motion/dist/es/render/components/motion/proxy.mjs 
[Client Component SSR]
    ./Documents/Abdut Tawwab/Skoolar/SkoolarPlay/src/app/join-group/page.tsx [Client Component SSR]
    ./Documents/Abdut Tawwab/Skoolar/SkoolarPlay/src/app/join-group/page.tsx [Server Component]

https://nextjs.org/docs/messages/module-not-found


./Documents/Abdut Tawwab/Skoolar/SkoolarPlay/node_modules/motion-dom/dist/es/render/VisualElement.mjs:1:1
Module not found: Can't resolve 'motion-utils'
[31m[1m>[0m [90m1 |[0m ..., secondsToMilliseconds, isNumericalString, isZeroValueString, 
[33mSubscriptionManager[0m } [36mfro.[0m.[32m.[0m
  [90m  |[0m    
[31m[1m^^^^^^^^^^^^^^^^^^^^^^^^^^^^^^^^^^^^^^^^^^^^^^^^^^^^^^^^^^^^^^^^^^^^^^^^^^^^^^^^^^^^^^^^^^^[0m
  [90m2 |[0m ...[33mResolver[0m } [36mfrom[0m [32m'../animation/keyframes/KeyframesResolver.mjs'[0m;
  [90m3 |[0m ...[33mimation[0m } [36mfrom[0m [32m'../animation/NativeAnimation.mjs'[0m;
  [90m4 |[0m ...tedValues } [36mfrom[0m [32m'../animation/waapi/utils/accelerated-values.mjs'[0m;



Import traces:
  Client Component Browser:
    ./Documents/Abdut Tawwab/Skoolar/SkoolarPlay/node_modules/motion-dom/dist/es/render/VisualElement.mjs [Client 
Component Browser]
    ./Documents/Abdut Tawwab/Skoolar/SkoolarPlay/node_modules/framer-motion/dist/es/motion/features/load-features.mjs 
[Client Component Browser]
    ./Documents/Abdut Tawwab/Skoolar/SkoolarPlay/node_modules/framer-motion/dist/es/motion/index.mjs [Client Component 
Browser]
    ./Documents/Abdut Tawwab/Skoolar/SkoolarPlay/node_modules/framer-motion/dist/es/render/components/create-proxy.mjs 
[Client Component Browser]
    ./Documents/Abdut Tawwab/Skoolar/SkoolarPlay/node_modules/framer-motion/dist/es/render/components/motion/proxy.mjs 
[Client Component Browser]
    ./Documents/Abdut Tawwab/Skoolar/SkoolarPlay/src/app/join-group/page.tsx [Client Component Browser]
    ./Documents/Abdut Tawwab/Skoolar/SkoolarPlay/src/app/join-group/page.tsx [Server Component]

  Client Component SSR:
    ./Documents/Abdut Tawwab/Skoolar/SkoolarPlay/node_modules/motion-dom/dist/es/render/VisualElement.mjs [Client 
Component SSR]
    ./Documents/Abdut Tawwab/Skoolar/SkoolarPlay/node_modules/framer-motion/dist/es/motion/features/load-features.mjs 
[Client Component SSR]
    ./Documents/Abdut Tawwab/Skoolar/SkoolarPlay/node_modules/framer-motion/dist/es/motion/index.mjs [Client Component 
SSR]
    ./Documents/Abdut Tawwab/Skoolar/SkoolarPlay/node_modules/framer-motion/dist/es/render/components/create-proxy.mjs 
[Client Component SSR]
    ./Documents/Abdut Tawwab/Skoolar/SkoolarPlay/node_modules/framer-motion/dist/es/render/components/motion/proxy.mjs 
[Client Component SSR]
    ./Documents/Abdut Tawwab/Skoolar/SkoolarPlay/src/app/join-group/page.tsx [Client Component SSR]
    ./Documents/Abdut Tawwab/Skoolar/SkoolarPlay/src/app/join-group/page.tsx [Server Component]

https://nextjs.org/docs/messages/module-not-found


./Documents/Abdut Tawwab/Skoolar/SkoolarPlay/node_modules/motion-dom/dist/es/utils/delay.mjs:2:1
Module not found: Can't resolve 'motion-utils'
  [90m1 |[0m [36mimport[0m { time } [36mfrom[0m [32m'../frameloop/sync-time.mjs'[0m;
[31m[1m>[0m [90m2 |[0m [36mimport[0m { secondsToMilliseconds } [36mfrom[0m [32m'motion-utils'[0m;
  [90m  |[0m [31m[1m^^^^^^^^^^^^^^^^^^^^^^^^^^^^^^^^^^^^^^^^^^^^^^^^^^^^^[0m
  [90m3 |[0m [36mimport[0m { frame, cancelFrame } [36mfrom[0m [32m'../frameloop/frame.mjs'[0m;
  [90m4 |[0m
  [90m5 |[0m /**



Import traces:
  Client Component Browser:
    ./Documents/Abdut Tawwab/Skoolar/SkoolarPlay/node_modules/motion-dom/dist/es/utils/delay.mjs [Client Component 
Browser]
    ./Documents/Abdut 
Tawwab/Skoolar/SkoolarPlay/node_modules/motion-dom/dist/es/projection/node/create-projection-node.mjs [Client 
Component Browser]
    ./Documents/Abdut 
Tawwab/Skoolar/SkoolarPlay/node_modules/motion-dom/dist/es/projection/node/HTMLProjectionNode.mjs [Client Component 
Browser]
    ./Documents/Abdut Tawwab/Skoolar/SkoolarPlay/node_modules/framer-motion/dist/es/motion/features/layout.mjs [Client 
Component Browser]
    ./Documents/Abdut 
Tawwab/Skoolar/SkoolarPlay/node_modules/framer-motion/dist/es/render/components/motion/feature-bundle.mjs [Client 
Component Browser]
    ./Documents/Abdut Tawwab/Skoolar/SkoolarPlay/node_modules/framer-motion/dist/es/render/components/motion/proxy.mjs 
[Client Component Browser]
    ./Documents/Abdut Tawwab/Skoolar/SkoolarPlay/src/app/join-group/page.tsx [Client Component Browser]
    ./Documents/Abdut Tawwab/Skoolar/SkoolarPlay/src/app/join-group/page.tsx [Server Component]

  Client Component SSR:
    ./Documents/Abdut Tawwab/Skoolar/SkoolarPlay/node_modules/motion-dom/dist/es/utils/delay.mjs [Client Component SSR]
    ./Documents/Abdut 
Tawwab/Skoolar/SkoolarPlay/node_modules/motion-dom/dist/es/projection/node/create-projection-node.mjs [Client 
Component SSR]
    ./Documents/Abdut 
Tawwab/Skoolar/SkoolarPlay/node_modules/motion-dom/dist/es/projection/node/HTMLProjectionNode.mjs [Client Component 
SSR]
    ./Documents/Abdut Tawwab/Skoolar/SkoolarPlay/node_modules/framer-motion/dist/es/motion/features/layout.mjs [Client 
Component SSR]
    ./Documents/Abdut 
Tawwab/Skoolar/SkoolarPlay/node_modules/framer-motion/dist/es/render/components/motion/feature-bundle.mjs [Client 
Component SSR]
    ./Documents/Abdut Tawwab/Skoolar/SkoolarPlay/node_modules/framer-motion/dist/es/render/components/motion/proxy.mjs 
[Client Component SSR]
    ./Documents/Abdut Tawwab/Skoolar/SkoolarPlay/src/app/join-group/page.tsx [Client Component SSR]
    ./Documents/Abdut Tawwab/Skoolar/SkoolarPlay/src/app/join-group/page.tsx [Server Component]

https://nextjs.org/docs/messages/module-not-found


./Documents/Abdut Tawwab/Skoolar/SkoolarPlay/node_modules/motion-dom/dist/es/utils/interpolate.mjs:1:1
Module not found: Can't resolve 'motion-utils'
[31m[1m>[0m [90m1 |[0m [36mimport[0m { invariant, clamp, [33mMotionGlobalConfig[0m, noop, pipe, progress } 
[36mfrom[0m [32m'motion-utils'[0m;
  [90m  |[0m [31m[1m^^^^^^^^^^^^^^^^^^^^^^^^^^^^^^^^^^^^^^^^^^^^^^^^^^^^^^^^^^^^^^^^^^^^^^^^^^^^^^^^^^^^^^^^^^[0m
  [90m2 |[0m [36mimport[0m { mix } [36mfrom[0m [32m'./mix/index.mjs'[0m;
  [90m3 |[0m
  [90m4 |[0m [36mfunction[0m createMixers(output, ease, customMixer) {



Import traces:
  Client Component Browser:
    ./Documents/Abdut Tawwab/Skoolar/SkoolarPlay/node_modules/motion-dom/dist/es/utils/interpolate.mjs [Client 
Component Browser]
    ./Documents/Abdut Tawwab/Skoolar/SkoolarPlay/node_modules/motion-dom/dist/es/animation/generators/keyframes.mjs 
[Client Component Browser]
    ./Documents/Abdut Tawwab/Skoolar/SkoolarPlay/node_modules/motion-dom/dist/es/animation/JSAnimation.mjs [Client 
Component Browser]
    ./Documents/Abdut Tawwab/Skoolar/SkoolarPlay/node_modules/motion-dom/dist/es/animation/interfaces/motion-value.mjs 
[Client Component Browser]
    ./Documents/Abdut Tawwab/Skoolar/SkoolarPlay/node_modules/motion-dom/dist/es/animation/animate/single-value.mjs 
[Client Component Browser]
    ./Documents/Abdut 
Tawwab/Skoolar/SkoolarPlay/node_modules/motion-dom/dist/es/projection/node/create-projection-node.mjs [Client 
Component Browser]
    ./Documents/Abdut 
Tawwab/Skoolar/SkoolarPlay/node_modules/motion-dom/dist/es/projection/node/HTMLProjectionNode.mjs [Client Component 
Browser]
    ./Documents/Abdut Tawwab/Skoolar/SkoolarPlay/node_modules/framer-motion/dist/es/motion/features/layout.mjs [Client 
Component Browser]
    ./Documents/Abdut 
Tawwab/Skoolar/SkoolarPlay/node_modules/framer-motion/dist/es/render/components/motion/feature-bundle.mjs [Client 
Component Browser]
    ./Documents/Abdut Tawwab/Skoolar/SkoolarPlay/node_modules/framer-motion/dist/es/render/components/motion/proxy.mjs 
[Client Component Browser]
    ./Documents/Abdut Tawwab/Skoolar/SkoolarPlay/src/app/join-group/page.tsx [Client Component Browser]
    ./Documents/Abdut Tawwab/Skoolar/SkoolarPlay/src/app/join-group/page.tsx [Server Component]

  Client Component SSR:
    ./Documents/Abdut Tawwab/Skoolar/SkoolarPlay/node_modules/motion-dom/dist/es/utils/interpolate.mjs [Client 
Component SSR]
    ./Documents/Abdut Tawwab/Skoolar/SkoolarPlay/node_modules/motion-dom/dist/es/animation/generators/keyframes.mjs 
[Client Component SSR]
    ./Documents/Abdut Tawwab/Skoolar/SkoolarPlay/node_modules/motion-dom/dist/es/animation/JSAnimation.mjs [Client 
Component SSR]
    ./Documents/Abdut Tawwab/Skoolar/SkoolarPlay/node_modules/motion-dom/dist/es/animation/interfaces/motion-value.mjs 
[Client Component SSR]
    ./Documents/Abdut Tawwab/Skoolar/SkoolarPlay/node_modules/motion-dom/dist/es/animation/animate/single-value.mjs 
[Client Component SSR]
    ./Documents/Abdut 
Tawwab/Skoolar/SkoolarPlay/node_modules/motion-dom/dist/es/projection/node/create-projection-node.mjs [Client 
Component SSR]
    ./Documents/Abdut 
Tawwab/Skoolar/SkoolarPlay/node_modules/motion-dom/dist/es/projection/node/HTMLProjectionNode.mjs [Client Component 
SSR]
    ./Documents/Abdut Tawwab/Skoolar/SkoolarPlay/node_modules/framer-motion/dist/es/motion/features/layout.mjs [Client 
Component SSR]
    ./Documents/Abdut 
Tawwab/Skoolar/SkoolarPlay/node_modules/framer-motion/dist/es/render/components/motion/feature-bundle.mjs [Client 
Component SSR]
    ./Documents/Abdut Tawwab/Skoolar/SkoolarPlay/node_modules/framer-motion/dist/es/render/components/motion/proxy.mjs 
[Client Component SSR]
    ./Documents/Abdut Tawwab/Skoolar/SkoolarPlay/src/app/join-group/page.tsx [Client Component SSR]
    ./Documents/Abdut Tawwab/Skoolar/SkoolarPlay/src/app/join-group/page.tsx [Server Component]

https://nextjs.org/docs/messages/module-not-found


./Documents/Abdut Tawwab/Skoolar/SkoolarPlay/node_modules/motion-dom/dist/es/utils/is-html-element.mjs:1:1
Module not found: Can't resolve 'motion-utils'
[31m[1m>[0m [90m1 |[0m [36mimport[0m { isObject } [36mfrom[0m [32m'motion-utils'[0m;
  [90m  |[0m [31m[1m^^^^^^^^^^^^^^^^^^^^^^^^^^^^^^^^^^^^^^^^[0m
  [90m2 |[0m
  [90m3 |[0m /**
  [90m4 |[0m  * [33mChecks[0m [36mif[0m an element is an [33mHTML[0m element [36min[0m a way



Import traces:
  Client Component Browser:
    ./Documents/Abdut Tawwab/Skoolar/SkoolarPlay/node_modules/motion-dom/dist/es/utils/is-html-element.mjs [Client 
Component Browser]
    ./Documents/Abdut Tawwab/Skoolar/SkoolarPlay/node_modules/motion-dom/dist/es/gestures/press/index.mjs [Client 
Component Browser]
    ./Documents/Abdut Tawwab/Skoolar/SkoolarPlay/node_modules/framer-motion/dist/es/gestures/press.mjs [Client 
Component Browser]
    ./Documents/Abdut Tawwab/Skoolar/SkoolarPlay/node_modules/framer-motion/dist/es/motion/features/gestures.mjs 
[Client Component Browser]
    ./Documents/Abdut 
Tawwab/Skoolar/SkoolarPlay/node_modules/framer-motion/dist/es/render/components/motion/feature-bundle.mjs [Client 
Component Browser]
    ./Documents/Abdut Tawwab/Skoolar/SkoolarPlay/node_modules/framer-motion/dist/es/render/components/motion/proxy.mjs 
[Client Component Browser]
    ./Documents/Abdut Tawwab/Skoolar/SkoolarPlay/src/app/join-group/page.tsx [Client Component Browser]
    ./Documents/Abdut Tawwab/Skoolar/SkoolarPlay/src/app/join-group/page.tsx [Server Component]

  Client Component SSR:
    ./Documents/Abdut Tawwab/Skoolar/SkoolarPlay/node_modules/motion-dom/dist/es/utils/is-html-element.mjs [Client 
Component SSR]
    ./Documents/Abdut Tawwab/Skoolar/SkoolarPlay/node_modules/motion-dom/dist/es/gestures/press/index.mjs [Client 
Component SSR]
    ./Documents/Abdut Tawwab/Skoolar/SkoolarPlay/node_modules/framer-motion/dist/es/gestures/press.mjs [Client 
Component SSR]
    ./Documents/Abdut Tawwab/Skoolar/SkoolarPlay/node_modules/framer-motion/dist/es/motion/features/gestures.mjs 
[Client Component SSR]
    ./Documents/Abdut 
Tawwab/Skoolar/SkoolarPlay/node_modules/framer-motion/dist/es/render/components/motion/feature-bundle.mjs [Client 
Component SSR]
    ./Documents/Abdut Tawwab/Skoolar/SkoolarPlay/node_modules/framer-motion/dist/es/render/components/motion/proxy.mjs 
[Client Component SSR]
    ./Documents/Abdut Tawwab/Skoolar/SkoolarPlay/src/app/join-group/page.tsx [Client Component SSR]
    ./Documents/Abdut Tawwab/Skoolar/SkoolarPlay/src/app/join-group/page.tsx [Server Component]

https://nextjs.org/docs/messages/module-not-found


./Documents/Abdut Tawwab/Skoolar/SkoolarPlay/node_modules/motion-dom/dist/es/utils/is-svg-element.mjs:1:1
Module not found: Can't resolve 'motion-utils'
[31m[1m>[0m [90m1 |[0m [36mimport[0m { isObject } [36mfrom[0m [32m'motion-utils'[0m;
  [90m  |[0m [31m[1m^^^^^^^^^^^^^^^^^^^^^^^^^^^^^^^^^^^^^^^^[0m
  [90m2 |[0m
  [90m3 |[0m /**
  [90m4 |[0m  * [33mChecks[0m [36mif[0m an element is an [33mSVG[0m element [36min[0m a way



Import traces:
  Client Component Browser:
    ./Documents/Abdut Tawwab/Skoolar/SkoolarPlay/node_modules/motion-dom/dist/es/utils/is-svg-element.mjs [Client 
Component Browser]
    ./Documents/Abdut 
Tawwab/Skoolar/SkoolarPlay/node_modules/motion-dom/dist/es/projection/node/create-projection-node.mjs [Client 
Component Browser]
    ./Documents/Abdut 
Tawwab/Skoolar/SkoolarPlay/node_modules/motion-dom/dist/es/projection/node/HTMLProjectionNode.mjs [Client Component 
Browser]
    ./Documents/Abdut Tawwab/Skoolar/SkoolarPlay/node_modules/framer-motion/dist/es/motion/features/layout.mjs [Client 
Component Browser]
    ./Documents/Abdut 
Tawwab/Skoolar/SkoolarPlay/node_modules/framer-motion/dist/es/render/components/motion/feature-bundle.mjs [Client 
Component Browser]
    ./Documents/Abdut Tawwab/Skoolar/SkoolarPlay/node_modules/framer-motion/dist/es/render/components/motion/proxy.mjs 
[Client Component Browser]
    ./Documents/Abdut Tawwab/Skoolar/SkoolarPlay/src/app/join-group/page.tsx [Client Component Browser]
    ./Documents/Abdut Tawwab/Skoolar/SkoolarPlay/src/app/join-group/page.tsx [Server Component]

  Client Component SSR:
    ./Documents/Abdut Tawwab/Skoolar/SkoolarPlay/node_modules/motion-dom/dist/es/utils/is-svg-element.mjs [Client 
Component SSR]
    ./Documents/Abdut 
Tawwab/Skoolar/SkoolarPlay/node_modules/motion-dom/dist/es/projection/node/create-projection-node.mjs [Client 
Component SSR]
    ./Documents/Abdut 
Tawwab/Skoolar/SkoolarPlay/node_modules/motion-dom/dist/es/projection/node/HTMLProjectionNode.mjs [Client Component 
SSR]
    ./Documents/Abdut Tawwab/Skoolar/SkoolarPlay/node_modules/framer-motion/dist/es/motion/features/layout.mjs [Client 
Component SSR]
    ./Documents/Abdut 
Tawwab/Skoolar/SkoolarPlay/node_modules/framer-motion/dist/es/render/components/motion/feature-bundle.mjs [Client 
Component SSR]
    ./Documents/Abdut Tawwab/Skoolar/SkoolarPlay/node_modules/framer-motion/dist/es/render/components/motion/proxy.mjs 
[Client Component SSR]
    ./Documents/Abdut Tawwab/Skoolar/SkoolarPlay/src/app/join-group/page.tsx [Client Component SSR]
    ./Documents/Abdut Tawwab/Skoolar/SkoolarPlay/src/app/join-group/page.tsx [Server Component]

https://nextjs.org/docs/messages/module-not-found


./Documents/Abdut Tawwab/Skoolar/SkoolarPlay/node_modules/motion-dom/dist/es/utils/mix/color.mjs:1:1
Module not found: Can't resolve 'motion-utils'
[31m[1m>[0m [90m1 |[0m [36mimport[0m { warning } [36mfrom[0m [32m'motion-utils'[0m;
  [90m  |[0m [31m[1m^^^^^^^^^^^^^^^^^^^^^^^^^^^^^^^^^^^^^^^[0m
  [90m2 |[0m [36mimport[0m { hex } [36mfrom[0m [32m'../../value/types/color/hex.mjs'[0m;
  [90m3 |[0m [36mimport[0m { hsla } [36mfrom[0m [32m'../../value/types/color/hsla.mjs'[0m;
  [90m4 |[0m [36mimport[0m { hslaToRgba } [36mfrom[0m [32m'../../value/types/color/hsla-to-rgba.mjs'[0m;



Import traces:
  Client Component Browser:
    ./Documents/Abdut Tawwab/Skoolar/SkoolarPlay/node_modules/motion-dom/dist/es/utils/mix/color.mjs [Client Component 
Browser]
    ./Documents/Abdut Tawwab/Skoolar/SkoolarPlay/node_modules/motion-dom/dist/es/utils/mix/complex.mjs [Client 
Component Browser]
    ./Documents/Abdut Tawwab/Skoolar/SkoolarPlay/node_modules/motion-dom/dist/es/utils/mix/index.mjs [Client Component 
Browser]
    ./Documents/Abdut Tawwab/Skoolar/SkoolarPlay/node_modules/motion-dom/dist/es/animation/JSAnimation.mjs [Client 
Component Browser]
    ./Documents/Abdut Tawwab/Skoolar/SkoolarPlay/node_modules/motion-dom/dist/es/animation/interfaces/motion-value.mjs 
[Client Component Browser]
    ./Documents/Abdut 
Tawwab/Skoolar/SkoolarPlay/node_modules/framer-motion/dist/es/gestures/drag/VisualElementDragControls.mjs [Client 
Component Browser]
    ./Documents/Abdut Tawwab/Skoolar/SkoolarPlay/node_modules/framer-motion/dist/es/gestures/drag/index.mjs [Client 
Component Browser]
    ./Documents/Abdut Tawwab/Skoolar/SkoolarPlay/node_modules/framer-motion/dist/es/motion/features/drag.mjs [Client 
Component Browser]
    ./Documents/Abdut 
Tawwab/Skoolar/SkoolarPlay/node_modules/framer-motion/dist/es/render/components/motion/feature-bundle.mjs [Client 
Component Browser]
    ./Documents/Abdut Tawwab/Skoolar/SkoolarPlay/node_modules/framer-motion/dist/es/render/components/motion/proxy.mjs 
[Client Component Browser]
    ./Documents/Abdut Tawwab/Skoolar/SkoolarPlay/src/app/join-group/page.tsx [Client Component Browser]
    ./Documents/Abdut Tawwab/Skoolar/SkoolarPlay/src/app/join-group/page.tsx [Server Component]

  Client Component SSR:
    ./Documents/Abdut Tawwab/Skoolar/SkoolarPlay/node_modules/motion-dom/dist/es/utils/mix/color.mjs [Client Component 
SSR]
    ./Documents/Abdut Tawwab/Skoolar/SkoolarPlay/node_modules/motion-dom/dist/es/utils/mix/complex.mjs [Client 
Component SSR]
    ./Documents/Abdut Tawwab/Skoolar/SkoolarPlay/node_modules/motion-dom/dist/es/utils/mix/index.mjs [Client Component 
SSR]
    ./Documents/Abdut Tawwab/Skoolar/SkoolarPlay/node_modules/motion-dom/dist/es/animation/JSAnimation.mjs [Client 
Component SSR]
    ./Documents/Abdut Tawwab/Skoolar/SkoolarPlay/node_modules/motion-dom/dist/es/animation/interfaces/motion-value.mjs 
[Client Component SSR]
    ./Documents/Abdut 
Tawwab/Skoolar/SkoolarPlay/node_modules/framer-motion/dist/es/gestures/drag/VisualElementDragControls.mjs [Client 
Component SSR]
    ./Documents/Abdut Tawwab/Skoolar/SkoolarPlay/node_modules/framer-motion/dist/es/gestures/drag/index.mjs [Client 
Component SSR]
    ./Documents/Abdut Tawwab/Skoolar/SkoolarPlay/node_modules/framer-motion/dist/es/motion/features/drag.mjs [Client 
Component SSR]
    ./Documents/Abdut 
Tawwab/Skoolar/SkoolarPlay/node_modules/framer-motion/dist/es/render/components/motion/feature-bundle.mjs [Client 
Component SSR]
    ./Documents/Abdut Tawwab/Skoolar/SkoolarPlay/node_modules/framer-motion/dist/es/render/components/motion/proxy.mjs 
[Client Component SSR]
    ./Documents/Abdut Tawwab/Skoolar/SkoolarPlay/src/app/join-group/page.tsx [Client Component SSR]
    ./Documents/Abdut Tawwab/Skoolar/SkoolarPlay/src/app/join-group/page.tsx [Server Component]

https://nextjs.org/docs/messages/module-not-found


./Documents/Abdut Tawwab/Skoolar/SkoolarPlay/node_modules/motion-dom/dist/es/utils/mix/complex.mjs:1:1
Module not found: Can't resolve 'motion-utils'
[31m[1m>[0m [90m1 |[0m [36mimport[0m { pipe, warning } [36mfrom[0m [32m'motion-utils'[0m;
  [90m  |[0m [31m[1m^^^^^^^^^^^^^^^^^^^^^^^^^^^^^^^^^^^^^^^^^^^^^[0m
  [90m2 |[0m [36mimport[0m { isCSSVariableToken } [36mfrom[0m 
[32m'../../animation/utils/is-css-variable.mjs'[0m;
  [90m3 |[0m [36mimport[0m { color } [36mfrom[0m [32m'../../value/types/color/index.mjs'[0m;
  [90m4 |[0m [36mimport[0m { complex, analyseComplexValue } [36mfrom[0m 
[32m'../../value/types/complex/index.mjs'[0m;



Import traces:
  Client Component Browser:
    ./Documents/Abdut Tawwab/Skoolar/SkoolarPlay/node_modules/motion-dom/dist/es/utils/mix/complex.mjs [Client 
Component Browser]
    ./Documents/Abdut Tawwab/Skoolar/SkoolarPlay/node_modules/motion-dom/dist/es/utils/mix/index.mjs [Client Component 
Browser]
    ./Documents/Abdut Tawwab/Skoolar/SkoolarPlay/node_modules/motion-dom/dist/es/animation/JSAnimation.mjs [Client 
Component Browser]
    ./Documents/Abdut Tawwab/Skoolar/SkoolarPlay/node_modules/motion-dom/dist/es/animation/interfaces/motion-value.mjs 
[Client Component Browser]
    ./Documents/Abdut 
Tawwab/Skoolar/SkoolarPlay/node_modules/framer-motion/dist/es/gestures/drag/VisualElementDragControls.mjs [Client 
Component Browser]
    ./Documents/Abdut Tawwab/Skoolar/SkoolarPlay/node_modules/framer-motion/dist/es/gestures/drag/index.mjs [Client 
Component Browser]
    ./Documents/Abdut Tawwab/Skoolar/SkoolarPlay/node_modules/framer-motion/dist/es/motion/features/drag.mjs [Client 
Component Browser]
    ./Documents/Abdut 
Tawwab/Skoolar/SkoolarPlay/node_modules/framer-motion/dist/es/render/components/motion/feature-bundle.mjs [Client 
Component Browser]
    ./Documents/Abdut Tawwab/Skoolar/SkoolarPlay/node_modules/framer-motion/dist/es/render/components/motion/proxy.mjs 
[Client Component Browser]
    ./Documents/Abdut Tawwab/Skoolar/SkoolarPlay/src/app/join-group/page.tsx [Client Component Browser]
    ./Documents/Abdut Tawwab/Skoolar/SkoolarPlay/src/app/join-group/page.tsx [Server Component]

  Client Component SSR:
    ./Documents/Abdut Tawwab/Skoolar/SkoolarPlay/node_modules/motion-dom/dist/es/utils/mix/complex.mjs [Client 
Component SSR]
    ./Documents/Abdut Tawwab/Skoolar/SkoolarPlay/node_modules/motion-dom/dist/es/utils/mix/index.mjs [Client Component 
SSR]
    ./Documents/Abdut Tawwab/Skoolar/SkoolarPlay/node_modules/motion-dom/dist/es/animation/JSAnimation.mjs [Client 
Component SSR]
    ./Documents/Abdut Tawwab/Skoolar/SkoolarPlay/node_modules/motion-dom/dist/es/animation/interfaces/motion-value.mjs 
[Client Component SSR]
    ./Documents/Abdut 
Tawwab/Skoolar/SkoolarPlay/node_modules/framer-motion/dist/es/gestures/drag/VisualElementDragControls.mjs [Client 
Component SSR]
    ./Documents/Abdut Tawwab/Skoolar/SkoolarPlay/node_modules/framer-motion/dist/es/gestures/drag/index.mjs [Client 
Component SSR]
    ./Documents/Abdut Tawwab/Skoolar/SkoolarPlay/node_modules/framer-motion/dist/es/motion/features/drag.mjs [Client 
Component SSR]
    ./Documents/Abdut 
Tawwab/Skoolar/SkoolarPlay/node_modules/framer-motion/dist/es/render/components/motion/feature-bundle.mjs [Client 
Component SSR]
    ./Documents/Abdut Tawwab/Skoolar/SkoolarPlay/node_modules/framer-motion/dist/es/render/components/motion/proxy.mjs 
[Client Component SSR]
    ./Documents/Abdut Tawwab/Skoolar/SkoolarPlay/src/app/join-group/page.tsx [Client Component SSR]
    ./Documents/Abdut Tawwab/Skoolar/SkoolarPlay/src/app/join-group/page.tsx [Server Component]

https://nextjs.org/docs/messages/module-not-found


./Documents/Abdut Tawwab/Skoolar/SkoolarPlay/node_modules/motion-dom/dist/es/utils/supports/memo.mjs:1:1
Module not found: Can't resolve 'motion-utils'
[31m[1m>[0m [90m1 |[0m [36mimport[0m { memo } [36mfrom[0m [32m'motion-utils'[0m;
  [90m  |[0m [31m[1m^^^^^^^^^^^^^^^^^^^^^^^^^^^^^^^^^^^^[0m
  [90m2 |[0m [36mimport[0m { supportsFlags } [36mfrom[0m [32m'./flags.mjs'[0m;
  [90m3 |[0m
  [90m4 |[0m [36mfunction[0m memoSupports(callback, supportsFlag) {



Import traces:
  Client Component Browser:
    ./Documents/Abdut Tawwab/Skoolar/SkoolarPlay/node_modules/motion-dom/dist/es/utils/supports/memo.mjs [Client 
Component Browser]
    ./Documents/Abdut Tawwab/Skoolar/SkoolarPlay/node_modules/motion-dom/dist/es/utils/supports/scroll-timeline.mjs 
[Client Component Browser]
    ./Documents/Abdut Tawwab/Skoolar/SkoolarPlay/node_modules/motion-dom/dist/es/animation/NativeAnimation.mjs [Client 
Component Browser]
    ./Documents/Abdut Tawwab/Skoolar/SkoolarPlay/node_modules/motion-dom/dist/es/render/VisualElement.mjs [Client 
Component Browser]
    ./Documents/Abdut Tawwab/Skoolar/SkoolarPlay/node_modules/framer-motion/dist/es/motion/features/definitions.mjs 
[Client Component Browser]
    ./Documents/Abdut Tawwab/Skoolar/SkoolarPlay/node_modules/framer-motion/dist/es/motion/index.mjs [Client Component 
Browser]
    ./Documents/Abdut Tawwab/Skoolar/SkoolarPlay/node_modules/framer-motion/dist/es/render/components/create-proxy.mjs 
[Client Component Browser]
    ./Documents/Abdut Tawwab/Skoolar/SkoolarPlay/node_modules/framer-motion/dist/es/render/components/motion/proxy.mjs 
[Client Component Browser]
    ./Documents/Abdut Tawwab/Skoolar/SkoolarPlay/src/app/join-group/page.tsx [Client Component Browser]
    ./Documents/Abdut Tawwab/Skoolar/SkoolarPlay/src/app/join-group/page.tsx [Server Component]

  Client Component SSR:
    ./Documents/Abdut Tawwab/Skoolar/SkoolarPlay/node_modules/motion-dom/dist/es/utils/supports/memo.mjs [Client 
Component SSR]
    ./Documents/Abdut Tawwab/Skoolar/SkoolarPlay/node_modules/motion-dom/dist/es/utils/supports/scroll-timeline.mjs 
[Client Component SSR]
    ./Documents/Abdut Tawwab/Skoolar/SkoolarPlay/node_modules/motion-dom/dist/es/animation/NativeAnimation.mjs [Client 
Component SSR]
    ./Documents/Abdut Tawwab/Skoolar/SkoolarPlay/node_modules/motion-dom/dist/es/render/VisualElement.mjs [Client 
Component SSR]
    ./Documents/Abdut Tawwab/Skoolar/SkoolarPlay/node_modules/framer-motion/dist/es/motion/features/definitions.mjs 
[Client Component SSR]
    ./Documents/Abdut Tawwab/Skoolar/SkoolarPlay/node_modules/framer-motion/dist/es/motion/index.mjs [Client Component 
SSR]
    ./Documents/Abdut Tawwab/Skoolar/SkoolarPlay/node_modules/framer-motion/dist/es/render/components/create-proxy.mjs 
[Client Component SSR]
    ./Documents/Abdut Tawwab/Skoolar/SkoolarPlay/node_modules/framer-motion/dist/es/render/components/motion/proxy.mjs 
[Client Component SSR]
    ./Documents/Abdut Tawwab/Skoolar/SkoolarPlay/src/app/join-group/page.tsx [Client Component SSR]
    ./Documents/Abdut Tawwab/Skoolar/SkoolarPlay/src/app/join-group/page.tsx [Server Component]

https://nextjs.org/docs/messages/module-not-found


./Documents/Abdut Tawwab/Skoolar/SkoolarPlay/node_modules/motion-dom/dist/es/value/index.mjs:1:1
Module not found: Can't resolve 'motion-utils'
[31m[1m>[0m [90m1 |[0m [36mimport[0m { warnOnce, [33mSubscriptionManager[0m, velocityPerSecond } 
[36mfrom[0m [32m'motion-utils'[0m;
  [90m  |[0m [31m[1m^^^^^^^^^^^^^^^^^^^^^^^^^^^^^^^^^^^^^^^^^^^^^^^^^^^^^^^^^^^^^^^^^^^^^^^^^^^^^^^^[0m
  [90m2 |[0m [36mimport[0m { time } [36mfrom[0m [32m'../frameloop/sync-time.mjs'[0m;
  [90m3 |[0m [36mimport[0m { frame } [36mfrom[0m [32m'../frameloop/frame.mjs'[0m;
  [90m4 |[0m



Import traces:
  Client Component Browser:
    ./Documents/Abdut Tawwab/Skoolar/SkoolarPlay/node_modules/motion-dom/dist/es/value/index.mjs [Client Component 
Browser]
    ./Documents/Abdut Tawwab/Skoolar/SkoolarPlay/node_modules/motion-dom/dist/es/render/VisualElement.mjs [Client 
Component Browser]
    ./Documents/Abdut Tawwab/Skoolar/SkoolarPlay/node_modules/motion-dom/dist/es/render/dom/DOMVisualElement.mjs 
[Client Component Browser]
    ./Documents/Abdut Tawwab/Skoolar/SkoolarPlay/node_modules/motion-dom/dist/es/render/svg/SVGVisualElement.mjs 
[Client Component Browser]
    ./Documents/Abdut 
Tawwab/Skoolar/SkoolarPlay/node_modules/framer-motion/dist/es/render/dom/create-visual-element.mjs [Client Component 
Browser]
    ./Documents/Abdut Tawwab/Skoolar/SkoolarPlay/node_modules/framer-motion/dist/es/render/components/motion/proxy.mjs 
[Client Component Browser]
    ./Documents/Abdut Tawwab/Skoolar/SkoolarPlay/src/app/join-group/page.tsx [Client Component Browser]
    ./Documents/Abdut Tawwab/Skoolar/SkoolarPlay/src/app/join-group/page.tsx [Server Component]

  Client Component SSR:
    ./Documents/Abdut Tawwab/Skoolar/SkoolarPlay/node_modules/motion-dom/dist/es/value/index.mjs [Client Component SSR]
    ./Documents/Abdut Tawwab/Skoolar/SkoolarPlay/node_modules/motion-dom/dist/es/render/VisualElement.mjs [Client 
Component SSR]
    ./Documents/Abdut Tawwab/Skoolar/SkoolarPlay/node_modules/motion-dom/dist/es/render/dom/DOMVisualElement.mjs 
[Client Component SSR]
    ./Documents/Abdut Tawwab/Skoolar/SkoolarPlay/node_modules/motion-dom/dist/es/render/svg/SVGVisualElement.mjs 
[Client Component SSR]
    ./Documents/Abdut 
Tawwab/Skoolar/SkoolarPlay/node_modules/framer-motion/dist/es/render/dom/create-visual-element.mjs [Client Component 
SSR]
    ./Documents/Abdut Tawwab/Skoolar/SkoolarPlay/node_modules/framer-motion/dist/es/render/components/motion/proxy.mjs 
[Client Component SSR]
    ./Documents/Abdut Tawwab/Skoolar/SkoolarPlay/src/app/join-group/page.tsx [Client Component SSR]
    ./Documents/Abdut Tawwab/Skoolar/SkoolarPlay/src/app/join-group/page.tsx [Server Component]

https://nextjs.org/docs/messages/module-not-found


./Documents/Abdut Tawwab/Skoolar/SkoolarPlay/node_modules/motion-dom/dist/es/value/types/color/rgba.mjs:1:1
Module not found: Can't resolve 'motion-utils'
[31m[1m>[0m [90m1 |[0m [36mimport[0m { clamp } [36mfrom[0m [32m'motion-utils'[0m;
  [90m  |[0m [31m[1m^^^^^^^^^^^^^^^^^^^^^^^^^^^^^^^^^^^^^[0m
  [90m2 |[0m [36mimport[0m { number, alpha } [36mfrom[0m [32m'../numbers/index.mjs'[0m;
  [90m3 |[0m [36mimport[0m { sanitize } [36mfrom[0m [32m'../utils/sanitize.mjs'[0m;
  [90m4 |[0m [36mimport[0m { splitColor, isColorString } [36mfrom[0m [32m'./utils.mjs'[0m;



Import traces:
  Client Component Browser:
    ./Documents/Abdut Tawwab/Skoolar/SkoolarPlay/node_modules/motion-dom/dist/es/value/types/color/rgba.mjs [Client 
Component Browser]
    ./Documents/Abdut Tawwab/Skoolar/SkoolarPlay/node_modules/motion-dom/dist/es/value/types/color/index.mjs [Client 
Component Browser]
    ./Documents/Abdut Tawwab/Skoolar/SkoolarPlay/node_modules/motion-dom/dist/es/value/types/maps/defaults.mjs [Client 
Component Browser]
    ./Documents/Abdut Tawwab/Skoolar/SkoolarPlay/node_modules/motion-dom/dist/es/render/svg/SVGVisualElement.mjs 
[Client Component Browser]
    ./Documents/Abdut 
Tawwab/Skoolar/SkoolarPlay/node_modules/framer-motion/dist/es/render/dom/create-visual-element.mjs [Client Component 
Browser]
    ./Documents/Abdut Tawwab/Skoolar/SkoolarPlay/node_modules/framer-motion/dist/es/render/components/motion/proxy.mjs 
[Client Component Browser]
    ./Documents/Abdut Tawwab/Skoolar/SkoolarPlay/src/app/join-group/page.tsx [Client Component Browser]
    ./Documents/Abdut Tawwab/Skoolar/SkoolarPlay/src/app/join-group/page.tsx [Server Component]

  Client Component SSR:
    ./Documents/Abdut Tawwab/Skoolar/SkoolarPlay/node_modules/motion-dom/dist/es/value/types/color/rgba.mjs [Client 
Component SSR]
    ./Documents/Abdut Tawwab/Skoolar/SkoolarPlay/node_modules/motion-dom/dist/es/value/types/color/index.mjs [Client 
Component SSR]
    ./Documents/Abdut Tawwab/Skoolar/SkoolarPlay/node_modules/motion-dom/dist/es/value/types/maps/defaults.mjs [Client 
Component SSR]
    ./Documents/Abdut Tawwab/Skoolar/SkoolarPlay/node_modules/motion-dom/dist/es/render/svg/SVGVisualElement.mjs 
[Client Component SSR]
    ./Documents/Abdut 
Tawwab/Skoolar/SkoolarPlay/node_modules/framer-motion/dist/es/render/dom/create-visual-element.mjs [Client Component 
SSR]
    ./Documents/Abdut Tawwab/Skoolar/SkoolarPlay/node_modules/framer-motion/dist/es/render/components/motion/proxy.mjs 
[Client Component SSR]
    ./Documents/Abdut Tawwab/Skoolar/SkoolarPlay/src/app/join-group/page.tsx [Client Component SSR]
    ./Documents/Abdut Tawwab/Skoolar/SkoolarPlay/src/app/join-group/page.tsx [Server Component]

https://nextjs.org/docs/messages/module-not-found


./Documents/Abdut Tawwab/Skoolar/SkoolarPlay/node_modules/motion-dom/dist/es/value/types/numbers/index.mjs:1:1
Module not found: Can't resolve 'motion-utils'
[31m[1m>[0m [90m1 |[0m [36mimport[0m { clamp } [36mfrom[0m [32m'motion-utils'[0m;
  [90m  |[0m [31m[1m^^^^^^^^^^^^^^^^^^^^^^^^^^^^^^^^^^^^^[0m
  [90m2 |[0m
  [90m3 |[0m [36mconst[0m number = {
  [90m4 |[0m     test: (v) => [36mtypeof[0m v === [32m"number"[0m,



Import traces:
  Client Component Browser:
    ./Documents/Abdut Tawwab/Skoolar/SkoolarPlay/node_modules/motion-dom/dist/es/value/types/numbers/index.mjs [Client 
Component Browser]
    ./Documents/Abdut Tawwab/Skoolar/SkoolarPlay/node_modules/motion-dom/dist/es/value/types/maps/number.mjs [Client 
Component Browser]
    ./Documents/Abdut Tawwab/Skoolar/SkoolarPlay/node_modules/motion-dom/dist/es/value/types/maps/defaults.mjs [Client 
Component Browser]
    ./Documents/Abdut Tawwab/Skoolar/SkoolarPlay/node_modules/motion-dom/dist/es/render/svg/SVGVisualElement.mjs 
[Client Component Browser]
    ./Documents/Abdut 
Tawwab/Skoolar/SkoolarPlay/node_modules/framer-motion/dist/es/render/dom/create-visual-element.mjs [Client Component 
Browser]
    ./Documents/Abdut Tawwab/Skoolar/SkoolarPlay/node_modules/framer-motion/dist/es/render/components/motion/proxy.mjs 
[Client Component Browser]
    ./Documents/Abdut Tawwab/Skoolar/SkoolarPlay/src/app/join-group/page.tsx [Client Component Browser]
    ./Documents/Abdut Tawwab/Skoolar/SkoolarPlay/src/app/join-group/page.tsx [Server Component]

  Client Component SSR:
    ./Documents/Abdut Tawwab/Skoolar/SkoolarPlay/node_modules/motion-dom/dist/es/value/types/numbers/index.mjs [Client 
Component SSR]
    ./Documents/Abdut Tawwab/Skoolar/SkoolarPlay/node_modules/motion-dom/dist/es/value/types/maps/number.mjs [Client 
Component SSR]
    ./Documents/Abdut Tawwab/Skoolar/SkoolarPlay/node_modules/motion-dom/dist/es/value/types/maps/defaults.mjs [Client 
Component SSR]
    ./Documents/Abdut Tawwab/Skoolar/SkoolarPlay/node_modules/motion-dom/dist/es/render/svg/SVGVisualElement.mjs 
[Client Component SSR]
    ./Documents/Abdut 
Tawwab/Skoolar/SkoolarPlay/node_modules/framer-motion/dist/es/render/dom/create-visual-element.mjs [Client Component 
SSR]
    ./Documents/Abdut Tawwab/Skoolar/SkoolarPlay/node_modules/framer-motion/dist/es/render/components/motion/proxy.mjs 
[Client Component SSR]
    ./Documents/Abdut Tawwab/Skoolar/SkoolarPlay/src/app/join-group/page.tsx [Client Component SSR]
    ./Documents/Abdut Tawwab/Skoolar/SkoolarPlay/src/app/join-group/page.tsx [Server Component]

https://nextjs.org/docs/messages/module-not-found


./Documents/Abdut Tawwab/Skoolar/SkoolarPlay/node_modules/motion-dom/dist/es/value/will-change/add-will-change.mjs:1:1
Module not found: Can't resolve 'motion-utils'
[31m[1m>[0m [90m1 |[0m [36mimport[0m { [33mMotionGlobalConfig[0m } [36mfrom[0m [32m'motion-utils'[0m;
  [90m  |[0m [31m[1m^^^^^^^^^^^^^^^^^^^^^^^^^^^^^^^^^^^^^^^^^^^^^^^^^^[0m
  [90m2 |[0m [36mimport[0m { isWillChangeMotionValue } [36mfrom[0m [32m'./is.mjs'[0m;
  [90m3 |[0m
  [90m4 |[0m [36mfunction[0m addValueToWillChange(visualElement, key) {



Import traces:
  Client Component Browser:
    ./Documents/Abdut Tawwab/Skoolar/SkoolarPlay/node_modules/motion-dom/dist/es/value/will-change/add-will-change.mjs 
[Client Component Browser]
    ./Documents/Abdut 
Tawwab/Skoolar/SkoolarPlay/node_modules/framer-motion/dist/es/gestures/drag/VisualElementDragControls.mjs [Client 
Component Browser]
    ./Documents/Abdut Tawwab/Skoolar/SkoolarPlay/node_modules/framer-motion/dist/es/gestures/drag/index.mjs [Client 
Component Browser]
    ./Documents/Abdut Tawwab/Skoolar/SkoolarPlay/node_modules/framer-motion/dist/es/motion/features/drag.mjs [Client 
Component Browser]
    ./Documents/Abdut 
Tawwab/Skoolar/SkoolarPlay/node_modules/framer-motion/dist/es/render/components/motion/feature-bundle.mjs [Client 
Component Browser]
    ./Documents/Abdut Tawwab/Skoolar/SkoolarPlay/node_modules/framer-motion/dist/es/render/components/motion/proxy.mjs 
[Client Component Browser]
    ./Documents/Abdut Tawwab/Skoolar/SkoolarPlay/src/app/join-group/page.tsx [Client Component Browser]
    ./Documents/Abdut Tawwab/Skoolar/SkoolarPlay/src/app/join-group/page.tsx [Server Component]

  Client Component SSR:
    ./Documents/Abdut Tawwab/Skoolar/SkoolarPlay/node_modules/motion-dom/dist/es/value/will-change/add-will-change.mjs 
[Client Component SSR]
    ./Documents/Abdut 
Tawwab/Skoolar/SkoolarPlay/node_modules/framer-motion/dist/es/gestures/drag/VisualElementDragControls.mjs [Client 
Component SSR]
    ./Documents/Abdut Tawwab/Skoolar/SkoolarPlay/node_modules/framer-motion/dist/es/gestures/drag/index.mjs [Client 
Component SSR]
    ./Documents/Abdut Tawwab/Skoolar/SkoolarPlay/node_modules/framer-motion/dist/es/motion/features/drag.mjs [Client 
Component SSR]
    ./Documents/Abdut 
Tawwab/Skoolar/SkoolarPlay/node_modules/framer-motion/dist/es/render/components/motion/feature-bundle.mjs [Client 
Component SSR]
    ./Documents/Abdut Tawwab/Skoolar/SkoolarPlay/node_modules/framer-motion/dist/es/render/components/motion/proxy.mjs 
[Client Component SSR]
    ./Documents/Abdut Tawwab/Skoolar/SkoolarPlay/src/app/join-group/page.tsx [Client Component SSR]
    ./Documents/Abdut Tawwab/Skoolar/SkoolarPlay/src/app/join-group/page.tsx [Server Component]

https://nextjs.org/docs/messages/module-not-found


    at <unknown> (https://nextjs.org/docs/messages/module-not-found)
    at <unknown> (https://nextjs.org/docs/messages/module-not-found)
    at <unknown> (https://nextjs.org/docs/messages/module-not-found)
    at <unknown> (./Documents/Abdut Tawwab/Skoolar/SkoolarPlay/src/components/ui/accordion.tsx:4:1)
    at <unknown> (https://nextjs.org/docs/messages/module-not-found)
    at <unknown> (./Documents/Abdut Tawwab/Skoolar/SkoolarPlay/src/components/ui/alert-dialog.tsx:4:1)
    at <unknown> (https://nextjs.org/docs/messages/module-not-found)
    at <unknown> (./Documents/Abdut Tawwab/Skoolar/SkoolarPlay/src/components/ui/avatar.tsx:4:1)
    at <unknown> (https://nextjs.org/docs/messages/module-not-found)
    at <unknown> (./Documents/Abdut Tawwab/Skoolar/SkoolarPlay/src/components/ui/checkbox.tsx:4:1)
    at <unknown> (https://nextjs.org/docs/messages/module-not-found)
    at <unknown> (./Documents/Abdut Tawwab/Skoolar/SkoolarPlay/src/components/ui/dialog.tsx:4:1)
    at <unknown> (https://nextjs.org/docs/messages/module-not-found)
    at <unknown> (./Documents/Abdut Tawwab/Skoolar/SkoolarPlay/src/components/ui/sheet.tsx:4:1)
    at <unknown> (https://nextjs.org/docs/messages/module-not-found)
    at <unknown> (./Documents/Abdut Tawwab/Skoolar/SkoolarPlay/src/components/ui/dropdown-menu.tsx:4:1)
    at <unknown> (https://nextjs.org/docs/messages/module-not-found)
    at <unknown> (./Documents/Abdut Tawwab/Skoolar/SkoolarPlay/src/components/ui/label.tsx:4:1)
    at <unknown> (https://nextjs.org/docs/messages/module-not-found)
    at <unknown> (./Documents/Abdut Tawwab/Skoolar/SkoolarPlay/src/components/ui/progress.tsx:4:1)
    at <unknown> (https://nextjs.org/docs/messages/module-not-found)
    at <unknown> (./Documents/Abdut Tawwab/Skoolar/SkoolarPlay/src/components/ui/radio-group.tsx:4:1)
    at <unknown> (https://nextjs.org/docs/messages/module-not-found)
    at <unknown> (./Documents/Abdut Tawwab/Skoolar/SkoolarPlay/src/components/ui/scroll-area.tsx:4:1)
    at <unknown> (https://nextjs.org/docs/messages/module-not-found)
    at <unknown> (./Documents/Abdut Tawwab/Skoolar/SkoolarPlay/src/components/ui/select.tsx:4:1)
    at <unknown> (https://nextjs.org/docs/messages/module-not-found)
    at <unknown> (./Documents/Abdut Tawwab/Skoolar/SkoolarPlay/src/components/ui/separator.tsx:4:1)
    at <unknown> (https://nextjs.org/docs/messages/module-not-found)
    at <unknown> (./Documents/Abdut Tawwab/Skoolar/SkoolarPlay/src/components/ui/slider.tsx:4:1)
    at <unknown> (https://nextjs.org/docs/messages/module-not-found)
    at <unknown> (./Documents/Abdut Tawwab/Skoolar/SkoolarPlay/src/components/ui/badge.tsx:2:1)
    at <unknown> (https://nextjs.org/docs/messages/module-not-found)
    at <unknown> (./Documents/Abdut Tawwab/Skoolar/SkoolarPlay/src/components/ui/button.tsx:2:1)
    at <unknown> (https://nextjs.org/docs/messages/module-not-found)
    at <unknown> (./Documents/Abdut Tawwab/Skoolar/SkoolarPlay/src/components/ui/switch.tsx:4:1)
    at <unknown> (https://nextjs.org/docs/messages/module-not-found)
    at <unknown> (./Documents/Abdut Tawwab/Skoolar/SkoolarPlay/src/components/ui/tabs.tsx:4:1)
    at <unknown> (https://nextjs.org/docs/messages/module-not-found)
    at <unknown> (./Documents/Abdut Tawwab/Skoolar/SkoolarPlay/src/components/ui/toast.tsx:4:1)
    at <unknown> (https://nextjs.org/docs/messages/module-not-found)
    at <unknown> (./Documents/Abdut Tawwab/Skoolar/SkoolarPlay/src/components/ui/tooltip.tsx:4:1)
    at <unknown> (https://nextjs.org/docs/messages/module-not-found)
    at <unknown> (./Documents/Abdut Tawwab/Skoolar/SkoolarPlay/src/components/ui/badge.tsx:3:1)
    at <unknown> (https://nextjs.org/docs/messages/module-not-found)
    at <unknown> (./Documents/Abdut Tawwab/Skoolar/SkoolarPlay/src/components/ui/button.tsx:3:1)
    at <unknown> (https://nextjs.org/docs/messages/module-not-found)
    at <unknown> (./Documents/Abdut Tawwab/Skoolar/SkoolarPlay/src/components/ui/toast.tsx:5:1)
    at <unknown> (https://nextjs.org/docs/messages/module-not-found)
    ... collapsed 43 duplicate lines matching above 1 lines 43 times...
